Archive member included to satisfy reference by file (symbol)

../Middlewares/ST/AI/Lib\NetworkRuntime810_CM7_GCC.a(ai_datatypes_internal.o)
                              ./X-CUBE-AI/App/aiValidation.o (get_tensor_size)
../Middlewares/ST/AI/Lib\NetworkRuntime810_CM7_GCC.a(ai_platform.o)
                              ./X-CUBE-AI/App/aiTestHelper.o (ai_buffer_get_size)
../Middlewares/ST/AI/Lib\NetworkRuntime810_CM7_GCC.a(ai_platform_interface.o)
                              ./X-CUBE-AI/App/myrnn.o (ai_platform_get_weights_map)
../Middlewares/ST/AI/Lib\NetworkRuntime810_CM7_GCC.a(core_common.o)
                              ../Middlewares/ST/AI/Lib\NetworkRuntime810_CM7_GCC.a(ai_platform_interface.o) (core_init)
../Middlewares/ST/AI/Lib\NetworkRuntime810_CM7_GCC.a(core_mem_manager.o)
                              ../Middlewares/ST/AI/Lib\NetworkRuntime810_CM7_GCC.a(ai_platform_interface.o) (core_mem_alloc)
../Middlewares/ST/AI/Lib\NetworkRuntime810_CM7_GCC.a(layers.o)
                              ../Middlewares/ST/AI/Lib\NetworkRuntime810_CM7_GCC.a(ai_platform_interface.o) (ai_check_custom_types)
../Middlewares/ST/AI/Lib\NetworkRuntime810_CM7_GCC.a(layers_conv2d_generic_float.o)
                              ./X-CUBE-AI/App/myrnn.o (forward_dense)
../Middlewares/ST/AI/Lib\NetworkRuntime810_CM7_GCC.a(layers_conv2d_stm32_integer.o)
                              ../Middlewares/ST/AI/Lib\NetworkRuntime810_CM7_GCC.a(layers.o) (get_conv2d_scratch_size)
../Middlewares/ST/AI/Lib\NetworkRuntime810_CM7_GCC.a(layers_nl_generic_float.o)
                              ./X-CUBE-AI/App/myrnn.o (forward_sigmoid)
../Middlewares/ST/AI/Lib\NetworkRuntime810_CM7_GCC.a(layers_rnn_generic_float.o)
                              ./X-CUBE-AI/App/myrnn.o (forward_rnn)
../Middlewares/ST/AI/Lib\NetworkRuntime810_CM7_GCC.a(forward_lite_conv2d_if32of32wf32.o)
                              ../Middlewares/ST/AI/Lib\NetworkRuntime810_CM7_GCC.a(layers_conv2d_generic_float.o) (forward_lite_conv2d_if32of32wf32)
../Middlewares/ST/AI/Lib\NetworkRuntime810_CM7_GCC.a(lite_dense_if32.o)
                              ../Middlewares/ST/AI/Lib\NetworkRuntime810_CM7_GCC.a(layers_conv2d_generic_float.o) (forward_lite_dense_if32of32wf32)
../Middlewares/ST/AI/Lib\NetworkRuntime810_CM7_GCC.a(st_convolve_reference.o)
                              ../Middlewares/ST/AI/Lib\NetworkRuntime810_CM7_GCC.a(layers_conv2d_stm32_integer.o) (align_factor)
../Middlewares/ST/AI/Lib\NetworkRuntime810_CM7_GCC.a(st_sssa8_ch_convolve.o)
                              ../Middlewares/ST/AI/Lib\NetworkRuntime810_CM7_GCC.a(layers_conv2d_stm32_integer.o) (st_sssa8_ch_convolve_rank1upd)
../Middlewares/ST/AI/Lib\NetworkRuntime810_CM7_GCC.a(st_sssa8_convolve.o)
                              ../Middlewares/ST/AI/Lib\NetworkRuntime810_CM7_GCC.a(layers_conv2d_stm32_integer.o) (st_sssa8_convolve_rank1upd)
../Middlewares/ST/AI/Lib\NetworkRuntime810_CM7_GCC.a(st_sssa8_convolve_1x1.o)
                              ../Middlewares/ST/AI/Lib\NetworkRuntime810_CM7_GCC.a(layers_conv2d_stm32_integer.o) (st_sssa8_convolve_1x1_WeightsPrefetch)
../Middlewares/ST/AI/Lib\NetworkRuntime810_CM7_GCC.a(st_sssa8_convolve_dw.o)
                              ../Middlewares/ST/AI/Lib\NetworkRuntime810_CM7_GCC.a(layers_conv2d_stm32_integer.o) (st_sssa8_conv_dw_Wadapt)
../Middlewares/ST/AI/Lib\NetworkRuntime810_CM7_GCC.a(st_sssa8_convolve_rgb.o)
                              ../Middlewares/ST/AI/Lib\NetworkRuntime810_CM7_GCC.a(layers_conv2d_stm32_integer.o) (st_sssa8_convolve_rgb)
../Middlewares/ST/AI/Lib\NetworkRuntime810_CM7_GCC.a(st_ssua8_ch_convolve.o)
                              ../Middlewares/ST/AI/Lib\NetworkRuntime810_CM7_GCC.a(layers_conv2d_stm32_integer.o) (st_ssua8_ch_convolve_rank1upd)
../Middlewares/ST/AI/Lib\NetworkRuntime810_CM7_GCC.a(st_ssua8_ch_convolve_1x1.o)
                              ../Middlewares/ST/AI/Lib\NetworkRuntime810_CM7_GCC.a(layers_conv2d_stm32_integer.o) (st_ssua8_ch_convolve_1x1)
../Middlewares/ST/AI/Lib\NetworkRuntime810_CM7_GCC.a(st_ssua8_ch_convolve_dw.o)
                              ../Middlewares/ST/AI/Lib\NetworkRuntime810_CM7_GCC.a(layers_conv2d_stm32_integer.o) (st_ssua8_ch_conv_dw_Wadapt)
../Middlewares/ST/AI/Lib\NetworkRuntime810_CM7_GCC.a(st_ssua8_ch_convolve_rgb.o)
                              ../Middlewares/ST/AI/Lib\NetworkRuntime810_CM7_GCC.a(layers_conv2d_stm32_integer.o) (st_ssua8_ch_convolve_rgb)
../Middlewares/ST/AI/Lib\NetworkRuntime810_CM7_GCC.a(st_ssua8_convolve.o)
                              ../Middlewares/ST/AI/Lib\NetworkRuntime810_CM7_GCC.a(layers_conv2d_stm32_integer.o) (st_ssua8_convolve_rank1upd)
../Middlewares/ST/AI/Lib\NetworkRuntime810_CM7_GCC.a(st_ssua8_convolve_1x1.o)
                              ../Middlewares/ST/AI/Lib\NetworkRuntime810_CM7_GCC.a(layers_conv2d_stm32_integer.o) (st_ssua8_convolve_1x1)
../Middlewares/ST/AI/Lib\NetworkRuntime810_CM7_GCC.a(st_ssua8_convolve_dw.o)
[...]
Memory Configuration

Name             Origin             Length             Attributes
RAM              0x0000000020000000 0x0000000000080000 xrw
FLASH            0x0000000008000000 0x0000000000200000 xr
*default*        0x0000000000000000 0xffffffffffffffff

Linker script and memory map

LOAD C:/ST/STM32CubeIDE_1.13.1/STM32CubeIDE/plugins/com.st.stm32cube.ide.mcu.externaltools.gnu-tools-for-stm32.11.3.rel1.win32_1.1.0.202305231506/tools/bin/../lib/gcc/arm-none-eabi/11.3.1/thumb/v7e-m+dp/hard/crti.o
LOAD C:/ST/STM32CubeIDE_1.13.1/STM32CubeIDE/plugins/com.st.stm32cube.ide.mcu.externaltools.gnu-tools-for-stm32.11.3.rel1.win32_1.1.0.202305231506/tools/bin/../lib/gcc/arm-none-eabi/11.3.1/thumb/v7e-m+dp/hard/crtbegin.o
LOAD C:/ST/STM32CubeIDE_1.13.1/STM32CubeIDE/plugins/com.st.stm32cube.ide.mcu.externaltools.gnu-tools-for-stm32.11.3.rel1.win32_1.1.0.202305231506/tools/bin/../lib/gcc/arm-none-eabi/11.3.1/../../../../arm-none-eabi/lib/thumb/v7e-m+dp/hard/crt0.o
LOAD ./Core/Src/main.o
LOAD ./Core/Src/stm32f7xx_hal_msp.o
LOAD ./Core/Src/stm32f7xx_it.o
LOAD ./Core/Src/sysmem.o
LOAD ./Core/Src/system_stm32f7xx.o
LOAD ./Core/Startup/startup_stm32f769nihx.o
LOAD ./Drivers/STM32F7xx_HAL_Driver/Src/stm32f7xx_hal.o
LOAD ./Drivers/STM32F7xx_HAL_Driver/Src/stm32f7xx_hal_cortex.o
LOAD ./Drivers/STM32F7xx_HAL_Driver/Src/stm32f7xx_hal_crc.o
LOAD ./Drivers/STM32F7xx_HAL_Driver/Src/stm32f7xx_hal_crc_ex.o
LOAD ./Drivers/STM32F7xx_HAL_Driver/Src/stm32f7xx_hal_dma.o
LOAD ./Drivers/STM32F7xx_HAL_Driver/Src/stm32f7xx_hal_dma_ex.o
LOAD ./Drivers/STM32F7xx_HAL_Driver/Src/stm32f7xx_hal_exti.o
LOAD ./Drivers/STM32F7xx_HAL_Driver/Src/stm32f7xx_hal_flash.o
LOAD ./Drivers/STM32F7xx_HAL_Driver/Src/stm32f7xx_hal_flash_ex.o
LOAD ./Drivers/STM32F7xx_HAL_Driver/Src/stm32f7xx_hal_gpio.o
LOAD ./Drivers/STM32F7xx_HAL_Driver/Src/stm32f7xx_hal_i2c.o
LOAD ./Drivers/STM32F7xx_HAL_Driver/Src/stm32f7xx_hal_i2c_ex.o
LOAD ./Drivers/STM32F7xx_HAL_Driver/Src/stm32f7xx_hal_pwr.o
LOAD ./Drivers/STM32F7xx_HAL_Driver/Src/stm32f7xx_hal_pwr_ex.o
LOAD ./Drivers/STM32F7xx_HAL_Driver/Src/stm32f7xx_hal_rcc.o
LOAD ./Drivers/STM32F7xx_HAL_Driver/Src/stm32f7xx_hal_rcc_ex.o
LOAD ./Drivers/STM32F7xx_HAL_Driver/Src/stm32f7xx_hal_tim.o
LOAD ./Drivers/STM32F7xx_HAL_Driver/Src/stm32f7xx_hal_tim_ex.o
LOAD ./Drivers/STM32F7xx_HAL_Driver/Src/stm32f7xx_hal_uart.o
LOAD ./Drivers/STM32F7xx_HAL_Driver/Src/stm32f7xx_hal_uart_ex.o
LOAD ./X-CUBE-AI/App/aiPbIO.o
LOAD ./X-CUBE-AI/App/aiPbMemRWServices.o
LOAD ./X-CUBE-AI/App/aiPbMgr.o
LOAD ./X-CUBE-AI/App/aiTestHelper.o
LOAD ./X-CUBE-AI/App/aiTestUtility.o
LOAD ./X-CUBE-AI/App/aiValidation.o
LOAD ./X-CUBE-AI/App/ai_device_adaptor.o
LOAD ./X-CUBE-AI/App/app_x-cube-ai.o
LOAD ./X-CUBE-AI/App/lc_print.o
LOAD ./X-CUBE-AI/App/myrnn.o
LOAD ./X-CUBE-AI/App/myrnn_data.o
LOAD ./X-CUBE-AI/App/myrnn_data_params.o
LOAD ./X-CUBE-AI/App/pb_common.o
LOAD ./X-CUBE-AI/App/pb_decode.o
LOAD ./X-CUBE-AI/App/pb_encode.o
LOAD ./X-CUBE-AI/App/stm32msg.pb.o
LOAD ./X-CUBE-AI/App/syscalls.o
LOAD ../Middlewares/ST/AI/Lib\NetworkRuntime810_CM7_GCC.a
START GROUP
LOAD C:/ST/STM32CubeIDE_1.13.1/STM32CubeIDE/plugins/com.st.stm32cube.ide.mcu.externaltools.gnu-tools-for-stm32.11.3.rel1.win32_1.1.0.202305231506/tools/bin/../lib/gcc/arm-none-eabi/11.3.1/../../../../arm-none-eabi/lib/thumb/v7e-m+dp/hard\libc_nano.a
LOAD C:/ST/STM32CubeIDE_1.13.1/STM32CubeIDE/plugins/com.st.stm32cube.ide.mcu.externaltools.gnu-tools-for-stm32.11.3.rel1.win32_1.1.0.202305231506/tools/bin/../lib/gcc/arm-none-eabi/11.3.1/../../../../arm-none-eabi/lib/thumb/v7e-m+dp/hard\libm.a
END GROUP
START GROUP
LOAD C:/ST/STM32CubeIDE_1.13.1/STM32CubeIDE/plugins/com.st.stm32cube.ide.mcu.externaltools.gnu-tools-for-stm32.11.3.rel1.win32_1.1.0.202305231506/tools/bin/../lib/gcc/arm-none-eabi/11.3.1/thumb/v7e-m+dp/hard\libgcc.a
LOAD C:/ST/STM32CubeIDE_1.13.1/STM32CubeIDE/plugins/com.st.stm32cube.ide.mcu.externaltools.gnu-tools-for-stm32.11.3.rel1.win32_1.1.0.202305231506/tools/bin/../lib/gcc/arm-none-eabi/11.3.1/../../../../arm-none-eabi/lib/thumb/v7e-m+dp/hard\libc_nano.a
END GROUP
START GROUP
LOAD C:/ST/STM32CubeIDE_1.13.1/STM32CubeIDE/plugins/com.st.stm32cube.ide.mcu.externaltools.gnu-tools-for-stm32.11.3.rel1.win32_1.1.0.202305231506/tools/bin/../lib/gcc/arm-none-eabi/11.3.1/thumb/v7e-m+dp/hard\libgcc.a
LOAD C:/ST/STM32CubeIDE_1.13.1/STM32CubeIDE/plugins/com.st.stm32cube.ide.mcu.externaltools.gnu-tools-for-stm32.11.3.rel1.win32_1.1.0.202305231506/tools/bin/../lib/gcc/arm-none-eabi/11.3.1/../../../../arm-none-eabi/lib/thumb/v7e-m+dp/hard\libc_nano.a
LOAD C:/ST/STM32CubeIDE_1.13.1/STM32CubeIDE/plugins/com.st.stm32cube.ide.mcu.externaltools.gnu-tools-for-stm32.11.3.rel1.win32_1.1.0.202305231506/tools/bin/../lib/gcc/arm-none-eabi/11.3.1/../../../../arm-none-eabi/lib/thumb/v7e-m+dp/hard\libnosys.a
END GROUP
START GROUP
LOAD C:/ST/STM32CubeIDE_1.13.1/STM32CubeIDE/plugins/com.st.stm32cube.ide.mcu.externaltools.gnu-tools-for-stm32.11.3.rel1.win32_1.1.0.202305231506/tools/bin/../lib/gcc/arm-none-eabi/11.3.1/thumb/v7e-m+dp/hard\libgcc.a
LOAD C:/ST/STM32CubeIDE_1.13.1/STM32CubeIDE/plugins/com.st.stm32cube.ide.mcu.externaltools.gnu-tools-for-stm32.11.3.rel1.win32_1.1.0.202305231506/tools/bin/../lib/gcc/arm-none-eabi/11.3.1/../../../../arm-none-eabi/lib/thumb/v7e-m+dp/hard\libc_nano.a
LOAD C:/ST/STM32CubeIDE_1.13.1/STM32CubeIDE/plugins/com.st.stm32cube.ide.mcu.externaltools.gnu-tools-for-stm32.11.3.rel1.win32_1.1.0.202305231506/tools/bin/../lib/gcc/arm-none-eabi/11.3.1/../../../../arm-none-eabi/lib/thumb/v7e-m+dp/hard\libnosys.a
END GROUP
LOAD C:/ST/STM32CubeIDE_1.13.1/STM32CubeIDE/plugins/com.st.stm32cube.ide.mcu.externaltools.gnu-tools-for-stm32.11.3.rel1.win32_1.1.0.202305231506/tools/bin/../lib/gcc/arm-none-eabi/11.3.1/thumb/v7e-m+dp/hard/crtend.o
LOAD C:/ST/STM32CubeIDE_1.13.1/STM32CubeIDE/plugins/com.st.stm32cube.ide.mcu.externaltools.gnu-tools-for-stm32.11.3.rel1.win32_1.1.0.202305231506/tools/bin/../lib/gcc/arm-none-eabi/11.3.1/thumb/v7e-m+dp/hard/crtn.o
                0x0000000020080000                _estack = (ORIGIN (RAM) + LENGTH (RAM))
                0x0000000000000800                _Min_Heap_Size = 0x800
                0x0000000000000800                _Min_Stack_Size = 0x800

.isr_vector     0x0000000008000000      0x1f8
                0x0000000008000000                . = ALIGN (0x4)
 *(.isr_vector)
 .isr_vector    0x0000000008000000      0x1f8 ./Core/Startup/startup_stm32f769nihx.o
                0x0000000008000000                g_pfnVectors
                0x00000000080001f8                . = ALIGN (0x4)

.text           0x0000000008000200     0xc184
                0x0000000008000200                . = ALIGN (0x4)
 *(.text)
 .text          0x0000000008000200       0x40 C:/ST/STM32CubeIDE_1.13.1/STM32CubeIDE/plugins/com.st.stm32cube.ide.mcu.externaltools.gnu-tools-for-stm32.11.3.rel1.win32_1.1.0.202305231506/tools/bin/../lib/gcc/arm-none-eabi/11.3.1/thumb/v7e-m+dp/hard/crtbegin.o
 .text          0x0000000008000240       0xa0 C:/ST/STM32CubeIDE_1.13.1/STM32CubeIDE/plugins/com.st.stm32cube.ide.mcu.externaltools.gnu-tools-for-stm32.11.3.rel1.win32_1.1.0.202305231506/tools/bin/../lib/gcc/arm-none-eabi/11.3.1/../../../../arm-none-eabi/lib/thumb/v7e-m+dp/hard\libc_nano.a(libc_a-memchr.o)
                0x0000000008000240                memchr
 .text          0x00000000080002e0       0x10 C:/ST/STM32CubeIDE_1.13.1/STM32CubeIDE/plugins/com.st.stm32cube.ide.mcu.externaltools.gnu-tools-for-stm32.11.3.rel1.win32_1.1.0.202305231506/tools/bin/../lib/gcc/arm-none-eabi/11.3.1/../../../../arm-none-eabi/lib/thumb/v7e-m+dp/hard\libc_nano.a(libc_a-strlen.o)
                0x00000000080002e0                strlen
 .text          0x00000000080002f0      0x21c C:/ST/STM32CubeIDE_1.13.1/STM32CubeIDE/plugins/com.st.stm32cube.ide.mcu.externaltools.gnu-tools-for-stm32.11.3.rel1.win32_1.1.0.202305231506/tools/bin/../lib/gcc/arm-none-eabi/11.3.1/thumb/v7e-m+dp/hard\libgcc.a(_arm_addsubsf3.o)
                0x00000000080002f0                __aeabi_frsub
                0x00000000080002f8                __subsf3
                0x00000000080002f8                __aeabi_fsub
                0x00000000080002fc                __aeabi_fadd
                0x00000000080002fc                __addsf3
                0x000000000800045c                __aeabi_ui2f
                0x000000000800045c                __floatunsisf
                0x0000000008000464                __aeabi_i2f
                0x0000000008000464                __floatsisf
                0x0000000008000480                __aeabi_ul2f
                0x0000000008000480                __floatundisf
                0x0000000008000490                __aeabi_l2f
                0x0000000008000490                __floatdisf
 .text          0x000000000800050c       0x30 C:/ST/STM32CubeIDE_1.13.1/STM32CubeIDE/plugins/com.st.stm32cube.ide.mcu.externaltools.gnu-tools-for-stm32.11.3.rel1.win32_1.1.0.202305231506/tools/bin/../lib/gcc/arm-none-eabi/11.3.1/thumb/v7e-m+dp/hard\libgcc.a(_aeabi_uldivmod.o)
                0x000000000800050c                __aeabi_uldivmod
 *fill*         0x000000000800053c        0x4 
 .text          0x0000000008000540       0x40 C:/ST/STM32CubeIDE_1.13.1/STM32CubeIDE/plugins/com.st.stm32cube.ide.mcu.externaltools.gnu-tools-for-stm32.11.3.rel1.win32_1.1.0.202305231506/tools/bin/../lib/gcc/arm-none-eabi/11.3.1/thumb/v7e-m+dp/hard\libgcc.a(_fixunsdfdi.o)
                0x0000000008000540                __fixunsdfdi
                0x0000000008000540                __aeabi_d2ulz
 .text          0x0000000008000580      0x2c8 C:/ST/STM32CubeIDE_1.13.1/STM32CubeIDE/plugins/com.st.stm32cube.ide.mcu.externaltools.gnu-tools-for-stm32.11.3.rel1.win32_1.1.0.202305231506/tools/bin/../lib/gcc/arm-none-eabi/11.3.1/thumb/v7e-m+dp/hard\libgcc.a(_udivmoddi4.o)
                0x0000000008000580                __udivmoddi4
 .text          0x0000000008000848        0x4 C:/ST/STM32CubeIDE_1.13.1/STM32CubeIDE/plugins/com.st.stm32cube.ide.mcu.externaltools.gnu-tools-for-stm32.11.3.rel1.win32_1.1.0.202305231506/tools/bin/../lib/gcc/arm-none-eabi/11.3.1/thumb/v7e-m+dp/hard\libgcc.a(_dvmd_tls.o)
                0x0000000008000848                __aeabi_idiv0
                0x0000000008000848                __aeabi_ldiv0
 *(.text*)
 .text.SystemClock_Config
                0x000000000800084c       0xac ./Core/Src/main.o
                0x000000000800084c                SystemClock_Config
 .text.startup.main
                0x00000000080008f8      0x6e8 ./Core/Src/main.o
                0x00000000080008f8                main
 .text.Error_Handler
                0x0000000008000fe0        0x4 ./Core/Src/main.o
                0x0000000008000fe0                Error_Handler
 .text.HAL_MspInit
                0x0000000008000fe4       0x30 ./Core/Src/stm32f7xx_hal_msp.o
                0x0000000008000fe4                HAL_MspInit
 .text.HAL_CRC_MspInit
                0x0000000008001014       0x2c ./Core/Src/stm32f7xx_hal_msp.o
                0x0000000008001014                HAL_CRC_MspInit
 .text.HAL_UART_MspInit
                0x0000000008001040       0x88 ./Core/Src/stm32f7xx_hal_msp.o
                0x0000000008001040                HAL_UART_MspInit
 .text.NMI_Handler
                0x00000000080010c8        0x2 ./Core/Src/stm32f7xx_it.o
                0x00000000080010c8                NMI_Handler
 .text.HardFault_Handler
                0x00000000080010ca        0x2 ./Core/Src/stm32f7xx_it.o
                0x00000000080010ca                HardFault_Handler
 .text.MemManage_Handler
                0x00000000080010cc        0x2 ./Core/Src/stm32f7xx_it.o
                0x00000000080010cc                MemManage_Handler
 .text.BusFault_Handler
                0x00000000080010ce        0x2 ./Core/Src/stm32f7xx_it.o
                0x00000000080010ce                BusFault_Handler
 .text.UsageFault_Handler
                0x00000000080010d0        0x2 ./Core/Src/stm32f7xx_it.o
                0x00000000080010d0                UsageFault_Handler
 .text.SVC_Handler
                0x00000000080010d2        0x2 ./Core/Src/stm32f7xx_it.o
                0x00000000080010d2                SVC_Handler
 .text.DebugMon_Handler
                0x00000000080010d4        0x2 ./Core/Src/stm32f7xx_it.o
                0x00000000080010d4                DebugMon_Handler
 .text.PendSV_Handler
                0x00000000080010d6        0x2 ./Core/Src/stm32f7xx_it.o
                0x00000000080010d6                PendSV_Handler
 .text.SysTick_Handler
                0x00000000080010d8        0x4 ./Core/Src/stm32f7xx_it.o
                0x00000000080010d8                SysTick_Handler
 .text._sbrk    0x00000000080010dc       0x40 ./Core/Src/sysmem.o
                0x00000000080010dc                _sbrk
 .text.SystemInit
                0x000000000800111c       0x14 ./Core/Src/system_stm32f7xx.o
                0x000000000800111c                SystemInit
 .text.Reset_Handler
                0x0000000008001130       0x50 ./Core/Startup/startup_stm32f769nihx.o
                0x0000000008001130                Reset_Handler
 .text.Default_Handler
                0x0000000008001180        0x2 ./Core/Startup/startup_stm32f769nihx.o
                0x0000000008001180                RTC_Alarm_IRQHandler
                0x0000000008001180                EXTI2_IRQHandler
                0x0000000008001180                TIM8_CC_IRQHandler
                0x0000000008001180                UART8_IRQHandler
                0x0000000008001180                SPI4_IRQHandler
                0x0000000008001180                TIM1_CC_IRQHandler
                0x0000000008001180                DMA2_Stream5_IRQHandler
                0x0000000008001180                JPEG_IRQHandler
                0x0000000008001180                DMA1_Stream5_IRQHandler
                0x0000000008001180                CAN3_RX1_IRQHandler
                0x0000000008001180                PVD_IRQHandler
                0x0000000008001180                TAMP_STAMP_IRQHandler
                0x0000000008001180                CAN2_RX1_IRQHandler
                0x0000000008001180                EXTI3_IRQHandler
                0x0000000008001180                TIM8_TRG_COM_TIM14_IRQHandler
                0x0000000008001180                DFSDM1_FLT1_IRQHandler
                0x0000000008001180                TIM1_UP_TIM10_IRQHandler
                0x0000000008001180                TIM8_UP_TIM13_IRQHandler
                0x0000000008001180                I2C3_ER_IRQHandler
                0x0000000008001180                DFSDM1_FLT2_IRQHandler
                0x0000000008001180                EXTI0_IRQHandler
                0x0000000008001180                I2C2_EV_IRQHandler
                0x0000000008001180                DMA1_Stream2_IRQHandler
                0x0000000008001180                CAN1_RX0_IRQHandler
                0x0000000008001180                FPU_IRQHandler
                0x0000000008001180                OTG_HS_WKUP_IRQHandler
                0x0000000008001180                CAN3_SCE_IRQHandler
                0x0000000008001180                LTDC_ER_IRQHandler
                0x0000000008001180                CAN2_SCE_IRQHandler
                0x0000000008001180                DMA2_Stream2_IRQHandler
                0x0000000008001180                SPI1_IRQHandler
                0x0000000008001180                TIM6_DAC_IRQHandler
                0x0000000008001180                TIM1_BRK_TIM9_IRQHandler
                0x0000000008001180                DCMI_IRQHandler
                0x0000000008001180                CAN2_RX0_IRQHandler
                0x0000000008001180                DMA2_Stream3_IRQHandler
                0x0000000008001180                SAI2_IRQHandler
                0x0000000008001180                DFSDM1_FLT3_IRQHandler
                0x0000000008001180                USART6_IRQHandler
                0x0000000008001180                CAN3_RX0_IRQHandler
                0x0000000008001180                USART3_IRQHandler
                0x0000000008001180                CAN1_RX1_IRQHandler
                0x0000000008001180                UART5_IRQHandler
                0x0000000008001180                DMA2_Stream0_IRQHandler
                0x0000000008001180                TIM4_IRQHandler
                0x0000000008001180                QUADSPI_IRQHandler
                0x0000000008001180                I2C1_EV_IRQHandler
                0x0000000008001180                DMA1_Stream6_IRQHandler
                0x0000000008001180                DMA1_Stream1_IRQHandler
                0x0000000008001180                UART4_IRQHandler
                0x0000000008001180                TIM3_IRQHandler
                0x0000000008001180                RCC_IRQHandler
                0x0000000008001180                TIM8_BRK_TIM12_IRQHandler
                0x0000000008001180                Default_Handler
                0x0000000008001180                CEC_IRQHandler
                0x0000000008001180                EXTI15_10_IRQHandler
                0x0000000008001180                ADC_IRQHandler
                0x0000000008001180                DMA1_Stream7_IRQHandler
                0x0000000008001180                SPI5_IRQHandler
                0x0000000008001180                TIM7_IRQHandler
                0x0000000008001180                SDMMC1_IRQHandler
                0x0000000008001180                CAN2_TX_IRQHandler
                0x0000000008001180                TIM5_IRQHandler
                0x0000000008001180                DMA2_Stream7_IRQHandler
                0x0000000008001180                I2C3_EV_IRQHandler
                0x0000000008001180                EXTI9_5_IRQHandler
                0x0000000008001180                RTC_WKUP_IRQHandler
                0x0000000008001180                LTDC_IRQHandler
                0x0000000008001180                ETH_WKUP_IRQHandler
                0x0000000008001180                SPDIF_RX_IRQHandler
                0x0000000008001180                SPI2_IRQHandler
                0x0000000008001180                OTG_HS_EP1_IN_IRQHandler
                0x0000000008001180                DMA1_Stream0_IRQHandler
                0x0000000008001180                CAN1_TX_IRQHandler
                0x0000000008001180                EXTI4_IRQHandler
                0x0000000008001180                RNG_IRQHandler
                0x0000000008001180                DSI_IRQHandler
                0x0000000008001180                ETH_IRQHandler
                0x0000000008001180                OTG_HS_EP1_OUT_IRQHandler
                0x0000000008001180                WWDG_IRQHandler
                0x0000000008001180                SPI6_IRQHandler
                0x0000000008001180                MDIOS_IRQHandler
                0x0000000008001180                I2C4_EV_IRQHandler
                0x0000000008001180                CAN3_TX_IRQHandler
                0x0000000008001180                TIM2_IRQHandler
                0x0000000008001180                OTG_FS_WKUP_IRQHandler
                0x0000000008001180                TIM1_TRG_COM_TIM11_IRQHandler
                0x0000000008001180                OTG_HS_IRQHandler
                0x0000000008001180                DMA2D_IRQHandler
                0x0000000008001180                EXTI1_IRQHandler
                0x0000000008001180                SDMMC2_IRQHandler
                0x0000000008001180                UART7_IRQHandler
                0x0000000008001180                USART2_IRQHandler
                0x0000000008001180                DFSDM1_FLT0_IRQHandler
                0x0000000008001180                I2C2_ER_IRQHandler
                0x0000000008001180                DMA2_Stream1_IRQHandler
                0x0000000008001180                CAN1_SCE_IRQHandler
                0x0000000008001180                FLASH_IRQHandler
                0x0000000008001180                DMA2_Stream4_IRQHandler
                0x0000000008001180                USART1_IRQHandler
                0x0000000008001180                OTG_FS_IRQHandler
                0x0000000008001180                SPI3_IRQHandler
                0x0000000008001180                DMA1_Stream4_IRQHandler
                0x0000000008001180                I2C1_ER_IRQHandler
                0x0000000008001180                FMC_IRQHandler
                0x0000000008001180                LPTIM1_IRQHandler
                0x0000000008001180                I2C4_ER_IRQHandler
                0x0000000008001180                DMA2_Stream6_IRQHandler
                0x0000000008001180                SAI1_IRQHandler
                0x0000000008001180                DMA1_Stream3_IRQHandler
 *fill*         0x0000000008001182        0x2 
 .text.HAL_InitTick
                0x0000000008001184       0x48 ./Drivers/STM32F7xx_HAL_Driver/Src/stm32f7xx_hal.o
                0x0000000008001184                HAL_InitTick
 .text.HAL_Init
                0x00000000080011cc       0x16 ./Drivers/STM32F7xx_HAL_Driver/Src/stm32f7xx_hal.o
                0x00000000080011cc                HAL_Init
 *fill*         0x00000000080011e2        0x2 
 .text.HAL_IncTick
                0x00000000080011e4       0x18 ./Drivers/STM32F7xx_HAL_Driver/Src/stm32f7xx_hal.o
                0x00000000080011e4                HAL_IncTick
 .text.HAL_GetTick
                0x00000000080011fc        0xc ./Drivers/STM32F7xx_HAL_Driver/Src/stm32f7xx_hal.o
                0x00000000080011fc                HAL_GetTick
 .text.HAL_Delay
                0x0000000008001208       0x24 ./Drivers/STM32F7xx_HAL_Driver/Src/stm32f7xx_hal.o
                0x0000000008001208                HAL_Delay
 .text.HAL_GetHalVersion
                0x000000000800122c        0x8 ./Drivers/STM32F7xx_HAL_Driver/Src/stm32f7xx_hal.o
                0x000000000800122c                HAL_GetHalVersion
 .text.HAL_GetREVID
                0x0000000008001234        0xc ./Drivers/STM32F7xx_HAL_Driver/Src/stm32f7xx_hal.o
                0x0000000008001234                HAL_GetREVID
 .text.HAL_GetDEVID
                0x0000000008001240       0x10 ./Drivers/STM32F7xx_HAL_Driver/Src/stm32f7xx_hal.o
                0x0000000008001240                HAL_GetDEVID
 .text.HAL_NVIC_SetPriorityGrouping
                0x0000000008001250       0x24 ./Drivers/STM32F7xx_HAL_Driver/Src/stm32f7xx_hal_cortex.o
                0x0000000008001250                HAL_NVIC_SetPriorityGrouping
 .text.HAL_NVIC_SetPriority
                0x0000000008001274       0x64 ./Drivers/STM32F7xx_HAL_Driver/Src/stm32f7xx_hal_cortex.o
                0x0000000008001274                HAL_NVIC_SetPriority
 .text.HAL_SYSTICK_Config
                0x00000000080012d8       0x28 ./Drivers/STM32F7xx_HAL_Driver/Src/stm32f7xx_hal_cortex.o
                0x00000000080012d8                HAL_SYSTICK_Config
 .text.HAL_CRC_Init
                0x0000000008001300       0x74 ./Drivers/STM32F7xx_HAL_Driver/Src/stm32f7xx_hal_crc.o
                0x0000000008001300                HAL_CRC_Init
 .text.HAL_CRCEx_Polynomial_Set
                0x0000000008001374       0x48 ./Drivers/STM32F7xx_HAL_Driver/Src/stm32f7xx_hal_crc_ex.o
                0x0000000008001374                HAL_CRCEx_Polynomial_Set
 .text.HAL_GPIO_Init
                0x00000000080013bc      0x1c4 ./Drivers/STM32F7xx_HAL_Driver/Src/stm32f7xx_hal_gpio.o
                0x00000000080013bc                HAL_GPIO_Init
 .text.HAL_GPIO_WritePin
                0x0000000008001580        0xa ./Drivers/STM32F7xx_HAL_Driver/Src/stm32f7xx_hal_gpio.o
                0x0000000008001580                HAL_GPIO_WritePin
 *fill*         0x000000000800158a        0x2 
 .text.HAL_PWREx_EnableOverDrive
                0x000000000800158c       0x70 ./Drivers/STM32F7xx_HAL_Driver/Src/stm32f7xx_hal_pwr_ex.o
                0x000000000800158c                HAL_PWREx_EnableOverDrive
 .text.HAL_RCC_OscConfig
                0x00000000080015fc      0x384 ./Drivers/STM32F7xx_HAL_Driver/Src/stm32f7xx_hal_rcc.o
                0x00000000080015fc                HAL_RCC_OscConfig
 .text.HAL_RCC_GetSysClockFreq
                0x0000000008001980       0x5c ./Drivers/STM32F7xx_HAL_Driver/Src/stm32f7xx_hal_rcc.o
                0x0000000008001980                HAL_RCC_GetSysClockFreq
 .text.HAL_RCC_ClockConfig
                0x00000000080019dc      0x13c ./Drivers/STM32F7xx_HAL_Driver/Src/stm32f7xx_hal_rcc.o
                0x00000000080019dc                HAL_RCC_ClockConfig
 .text.HAL_RCC_GetHCLKFreq
                0x0000000008001b18        0xc ./Drivers/STM32F7xx_HAL_Driver/Src/stm32f7xx_hal_rcc.o
                0x0000000008001b18                HAL_RCC_GetHCLKFreq
 .text.HAL_RCC_GetPCLK1Freq
                0x0000000008001b24       0x20 ./Drivers/STM32F7xx_HAL_Driver/Src/stm32f7xx_hal_rcc.o
                0x0000000008001b24                HAL_RCC_GetPCLK1Freq
 .text.HAL_RCC_GetPCLK2Freq
                0x0000000008001b44       0x20 ./Drivers/STM32F7xx_HAL_Driver/Src/stm32f7xx_hal_rcc.o
                0x0000000008001b44                HAL_RCC_GetPCLK2Freq
 .text.HAL_RCCEx_PeriphCLKConfig
                0x0000000008001b64      0x55c ./Drivers/STM32F7xx_HAL_Driver/Src/stm32f7xx_hal_rcc_ex.o
                0x0000000008001b64                HAL_RCCEx_PeriphCLKConfig
 .text.UART_SetConfig
                0x00000000080020c0      0x284 ./Drivers/STM32F7xx_HAL_Driver/Src/stm32f7xx_hal_uart.o
                0x00000000080020c0                UART_SetConfig
 .text.UART_AdvFeatureConfig
                0x0000000008002344       0xaa ./Drivers/STM32F7xx_HAL_Driver/Src/stm32f7xx_hal_uart.o
                0x0000000008002344                UART_AdvFeatureConfig
 .text.UART_WaitOnFlagUntilTimeout
                0x00000000080023ee       0xc0 ./Drivers/STM32F7xx_HAL_Driver/Src/stm32f7xx_hal_uart.o
                0x00000000080023ee                UART_WaitOnFlagUntilTimeout
 .text.HAL_UART_Transmit
                0x00000000080024ae       0xa0 ./Drivers/STM32F7xx_HAL_Driver/Src/stm32f7xx_hal_uart.o
                0x00000000080024ae                HAL_UART_Transmit
 .text.HAL_UART_Receive
                0x000000000800254e       0xd4 ./Drivers/STM32F7xx_HAL_Driver/Src/stm32f7xx_hal_uart.o
                0x000000000800254e                HAL_UART_Receive
 .text.UART_CheckIdleState
                0x0000000008002622       0x6a ./Drivers/STM32F7xx_HAL_Driver/Src/stm32f7xx_hal_uart.o
                0x0000000008002622                UART_CheckIdleState
 .text.HAL_UART_Init
                0x000000000800268c       0x5c ./Drivers/STM32F7xx_HAL_Driver/Src/stm32f7xx_hal_uart.o
                0x000000000800268c                HAL_UART_Init
 .text.write_callback
                0x00000000080026e8       0x40 ./X-CUBE-AI/App/aiPbIO.o
 .text.read_callback
                0x0000000008002728       0x94 ./X-CUBE-AI/App/aiPbIO.o
 .text.pb_io_flush_ostream
                0x00000000080027bc       0x20 ./X-CUBE-AI/App/aiPbIO.o
                0x00000000080027bc                pb_io_flush_ostream
 .text.pb_io_flush_istream
                0x00000000080027dc       0x18 ./X-CUBE-AI/App/aiPbIO.o
                0x00000000080027dc                pb_io_flush_istream
 .text.pb_io_ostream
                0x00000000080027f4       0x1c ./X-CUBE-AI/App/aiPbIO.o
                0x00000000080027f4                pb_io_ostream
 .text.pb_io_istream
                0x0000000008002810       0x18 ./X-CUBE-AI/App/aiPbIO.o
                0x0000000008002810                pb_io_istream
 .text.pb_io_stream_init
                0x0000000008002828        0xa ./X-CUBE-AI/App/aiPbIO.o
                0x0000000008002828                pb_io_stream_init
 .text.encode_uint32
                0x0000000008002832       0x58 ./X-CUBE-AI/App/aiPbMgr.o
                0x0000000008002832                encode_uint32
 .text.encode_data_cb
                0x000000000800288a       0x1e ./X-CUBE-AI/App/aiPbMgr.o
                0x000000000800288a                encode_data_cb
 .text.decode_data_cb
                0x00000000080028a8       0x3e ./X-CUBE-AI/App/aiPbMgr.o
 *fill*         0x00000000080028e6        0x2 
 .text.aiPbMgrInit
                0x00000000080028e8       0x74 ./X-CUBE-AI/App/aiPbMgr.o
                0x00000000080028e8                aiPbMgrInit
 .text.aiPbStrCopy
                0x000000000800295c       0x4c ./X-CUBE-AI/App/aiPbMgr.o
                0x000000000800295c                aiPbStrCopy
 .text.encode_tensor_desc
                0x00000000080029a8       0x68 ./X-CUBE-AI/App/aiPbMgr.o
                0x00000000080029a8                encode_tensor_desc
 .text.aiPbMgrSendResp
                0x0000000008002a10       0x24 ./X-CUBE-AI/App/aiPbMgr.o
                0x0000000008002a10                aiPbMgrSendResp
 .text.aiPbMgrWaitAndProcess
                0x0000000008002a34       0x84 ./X-CUBE-AI/App/aiPbMgr.o
                0x0000000008002a34                aiPbMgrWaitAndProcess
 .text.aiPbMgrSendAck
                0x0000000008002ab8       0x14 ./X-CUBE-AI/App/aiPbMgr.o
                0x0000000008002ab8                aiPbMgrSendAck
 .text.aiPbMgrWaitAck
                0x0000000008002acc       0x2c ./X-CUBE-AI/App/aiPbMgr.o
                0x0000000008002acc                aiPbMgrWaitAck
 .text.aiPbMgrSendLogV2
                0x0000000008002af8       0x70 ./X-CUBE-AI/App/aiPbMgr.o
                0x0000000008002af8                aiPbMgrSendLogV2
 .text.aiPbMgrReceiveData
                0x0000000008002b68       0x34 ./X-CUBE-AI/App/aiPbMgr.o
                0x0000000008002b68                aiPbMgrReceiveData
 .text.aiPbMgrSendOperator
                0x0000000008002b9c       0x6c ./X-CUBE-AI/App/aiPbMgr.o
                0x0000000008002b9c                aiPbMgrSendOperator
 .text.aiPbCmdSync
                0x0000000008002c08       0x22 ./X-CUBE-AI/App/aiPbMgr.o
                0x0000000008002c08                aiPbCmdSync
 *fill*         0x0000000008002c2a        0x2 
 .text.aiPlatformVersion
                0x0000000008002c2c       0x2c ./X-CUBE-AI/App/aiTestHelper.o
                0x0000000008002c2c                aiPlatformVersion
 .text.aiLogErr
                0x0000000008002c58       0x2c ./X-CUBE-AI/App/aiTestHelper.o
                0x0000000008002c58                aiLogErr
 .text.aiPrintBufferInfo
                0x0000000008002c84      0x204 ./X-CUBE-AI/App/aiTestHelper.o
                0x0000000008002c84                aiPrintBufferInfo
 .text.aiPrintNetworkInfo
                0x0000000008002e88      0x170 ./X-CUBE-AI/App/aiTestHelper.o
                0x0000000008002e88                aiPrintNetworkInfo
 .text._put_c_buffer_cb
                0x0000000008002ff8       0x1c ./X-CUBE-AI/App/aiTestUtility.o
 .text._put_c_driver
                0x0000000008003014       0x2c ./X-CUBE-AI/App/aiTestUtility.o
 .text.ioRawWriteBuffer
                0x0000000008003040       0x1c ./X-CUBE-AI/App/aiTestUtility.o
                0x0000000008003040                ioRawWriteBuffer
 .text.ioRawReadBuffer
                0x000000000800305c       0x1c ./X-CUBE-AI/App/aiTestUtility.o
                0x000000000800305c                ioRawReadBuffer
 .text.ioRawDisableLLWrite
                0x0000000008003078        0xc ./X-CUBE-AI/App/aiTestUtility.o
                0x0000000008003078                ioRawDisableLLWrite
 .text._write   0x0000000008003084       0x40 ./X-CUBE-AI/App/aiTestUtility.o
                0x0000000008003084                _write
 .text.lc_print
                0x00000000080030c4       0x24 ./X-CUBE-AI/App/aiTestUtility.o
                0x00000000080030c4                lc_print
 .text.lc_vsnprint
                0x00000000080030e8       0x20 ./X-CUBE-AI/App/aiTestUtility.o
                0x00000000080030e8                lc_vsnprint
 .text.__wrap_malloc
                0x0000000008003108       0x50 ./X-CUBE-AI/App/aiTestUtility.o
                0x0000000008003108                __wrap_malloc
 .text.dwtCyclesToTime
                0x0000000008003158       0x78 ./X-CUBE-AI/App/aiTestUtility.o
                0x0000000008003158                dwtCyclesToTime
 .text.dwtCyclesToFloatMs
                0x00000000080031d0       0x3c ./X-CUBE-AI/App/aiTestUtility.o
                0x00000000080031d0                dwtCyclesToFloatMs
 .text.getFlashCacheConf
                0x000000000800320c       0x50 ./X-CUBE-AI/App/aiTestUtility.o
                0x000000000800320c                getFlashCacheConf
 .text.getSysConf.part.0
                0x000000000800325c       0x24 ./X-CUBE-AI/App/aiTestUtility.o
 .text.getSysConf
                0x0000000008003280        0x8 ./X-CUBE-AI/App/aiTestUtility.o
                0x0000000008003280                getSysConf
 .text.systemSettingLog
                0x0000000008003288       0xf4 ./X-CUBE-AI/App/aiTestUtility.o
                0x0000000008003288                systemSettingLog
 .text.aiPbCmdSysInfo
                0x000000000800337c       0x30 ./X-CUBE-AI/App/aiValidation.o
                0x000000000800337c                aiPbCmdSysInfo
 .text.encode_mempool_to_tensor_desc
                0x00000000080033ac       0x4c ./X-CUBE-AI/App/aiValidation.o
 .text.fill_tensor_desc_msg
                0x00000000080033f8       0x94 ./X-CUBE-AI/App/aiValidation.o
 .text.encode_ai_buffer_to_tensor_desc
                0x000000000800348c       0x22 ./X-CUBE-AI/App/aiValidation.o
 .text._get_buffer_size
                0x00000000080034ae       0x1a ./X-CUBE-AI/App/aiValidation.o
 .text.cyclesCounterStart
                0x00000000080034c8       0x20 ./X-CUBE-AI/App/aiValidation.o
 .text.cyclesCounterEnd
                0x00000000080034e8       0x4c ./X-CUBE-AI/App/aiValidation.o
 .text.aiExecCtx
                0x0000000008003534       0x50 ./X-CUBE-AI/App/aiValidation.o
 .text.send_ai_io_tensor.isra.0
                0x0000000008003584       0x74 ./X-CUBE-AI/App/aiValidation.o
 .text.aiOnExecNode_cb
                0x00000000080035f8      0x19c ./X-CUBE-AI/App/aiValidation.o
 .text.aiPbCmdNNInfo
                0x0000000008003794      0x194 ./X-CUBE-AI/App/aiValidation.o
                0x0000000008003794                aiPbCmdNNInfo
 .text._print_debug
                0x0000000008003928       0x48 ./X-CUBE-AI/App/aiValidation.o
                0x0000000008003928                _print_debug
 .text.aiPbCmdNNRun
                0x0000000008003970      0x2b8 ./X-CUBE-AI/App/aiValidation.o
                0x0000000008003970                aiPbCmdNNRun
 .text.aiValidationInit
                0x0000000008003c28       0x90 ./X-CUBE-AI/App/aiValidation.o
                0x0000000008003c28                aiValidationInit
 .text.aiValidationProcess
                0x0000000008003cb8      0x1e8 ./X-CUBE-AI/App/aiValidation.o
                0x0000000008003cb8                aiValidationProcess
 .text.port_hal_crc_ip_init_imp
                0x0000000008003ea0       0x20 ./X-CUBE-AI/App/ai_device_adaptor.o
                0x0000000008003ea0                port_hal_crc_ip_init_imp
 .text.port_dwt_init_imp
                0x0000000008003ec0       0x30 ./X-CUBE-AI/App/ai_device_adaptor.o
                0x0000000008003ec0                port_dwt_init_imp
 .text.ai_mnetwork_handle
                0x0000000008003ef0       0x1c ./X-CUBE-AI/App/app_x-cube-ai.o
 .text.ai_mnetwork_is_valid.constprop.0
                0x0000000008003f0c       0x28 ./X-CUBE-AI/App/app_x-cube-ai.o
 .text.MX_X_CUBE_AI_Init
                0x0000000008003f34        0x4 ./X-CUBE-AI/App/app_x-cube-ai.o
                0x0000000008003f34                MX_X_CUBE_AI_Init
 .text.MX_X_CUBE_AI_Process
                0x0000000008003f38        0x4 ./X-CUBE-AI/App/app_x-cube-ai.o
                0x0000000008003f38                MX_X_CUBE_AI_Process
 .text.ai_mnetwork_find
                0x0000000008003f3c       0x1c ./X-CUBE-AI/App/app_x-cube-ai.o
                0x0000000008003f3c                ai_mnetwork_find
 .text.ai_mnetwork_create
                0x0000000008003f58       0x54 ./X-CUBE-AI/App/app_x-cube-ai.o
                0x0000000008003f58                ai_mnetwork_create
 .text.ai_mnetwork_destroy
                0x0000000008003fac       0x2c ./X-CUBE-AI/App/app_x-cube-ai.o
                0x0000000008003fac                ai_mnetwork_destroy
 .text.ai_mnetwork_get_report
                0x0000000008003fd8       0x16 ./X-CUBE-AI/App/app_x-cube-ai.o
                0x0000000008003fd8                ai_mnetwork_get_report
 .text.ai_mnetwork_get_error
                0x0000000008003fee       0x1a ./X-CUBE-AI/App/app_x-cube-ai.o
                0x0000000008003fee                ai_mnetwork_get_error
 .text.ai_mnetwork_init
                0x0000000008004008       0x3e ./X-CUBE-AI/App/app_x-cube-ai.o
                0x0000000008004008                ai_mnetwork_init
 .text.ai_mnetwork_run
                0x0000000008004046       0x22 ./X-CUBE-AI/App/app_x-cube-ai.o
                0x0000000008004046                ai_mnetwork_run
 .text.ai_mnetwork_get_private_handle
                0x0000000008004068       0x34 ./X-CUBE-AI/App/app_x-cube-ai.o
                0x0000000008004068                ai_mnetwork_get_private_handle
 .text._write_number
                0x000000000800409c      0x12c ./X-CUBE-AI/App/lc_print.o
 .text.vlc_print
                0x00000000080041c8      0x4fc ./X-CUBE-AI/App/lc_print.o
                0x00000000080041c8                vlc_print
 .text.ai_myrnn_get_report
                0x00000000080046c4       0x9c ./X-CUBE-AI/App/myrnn.o
                0x00000000080046c4                ai_myrnn_get_report
 .text.ai_myrnn_get_error
                0x0000000008004760        0x4 ./X-CUBE-AI/App/myrnn.o
                0x0000000008004760                ai_myrnn_get_error
 .text.ai_myrnn_create
                0x0000000008004764       0x1c ./X-CUBE-AI/App/myrnn.o
                0x0000000008004764                ai_myrnn_create
 .text.ai_myrnn_destroy
                0x0000000008004780        0x4 ./X-CUBE-AI/App/myrnn.o
                0x0000000008004780                ai_myrnn_destroy
 .text.ai_myrnn_init
                0x0000000008004784      0x118 ./X-CUBE-AI/App/myrnn.o
                0x0000000008004784                ai_myrnn_init
 .text.ai_myrnn_run
                0x000000000800489c        0x4 ./X-CUBE-AI/App/myrnn.o
                0x000000000800489c                ai_myrnn_run
 .text.ai_myrnn_forward
                0x00000000080048a0        0x6 ./X-CUBE-AI/App/myrnn.o
                0x00000000080048a0                ai_myrnn_forward
 *fill*         0x00000000080048a6        0x2 
 .text.ai_myrnn_data_params_get
                0x00000000080048a8       0x30 ./X-CUBE-AI/App/myrnn_data.o
                0x00000000080048a8                ai_myrnn_data_params_get
 .text.pb_field_iter_begin
                0x00000000080048d8       0x24 ./X-CUBE-AI/App/pb_common.o
                0x00000000080048d8                pb_field_iter_begin
 .text.pb_field_iter_next
                0x00000000080048fc       0x82 ./X-CUBE-AI/App/pb_common.o
                0x00000000080048fc                pb_field_iter_next
 .text.pb_field_iter_find
                0x000000000800497e       0x2e ./X-CUBE-AI/App/pb_common.o
                0x000000000800497e                pb_field_iter_find
 .text.buf_read
                0x00000000080049ac       0x1e ./X-CUBE-AI/App/pb_decode.o
 .text.pb_field_set_to_default
                0x00000000080049ca       0xb6 ./X-CUBE-AI/App/pb_decode.o
 .text.pb_message_set_to_defaults
                0x0000000008004a80       0x22 ./X-CUBE-AI/App/pb_decode.o
 *fill*         0x0000000008004aa2        0x2 
 .text.pb_readbyte
                0x0000000008004aa4       0x40 ./X-CUBE-AI/App/pb_decode.o
 .text.pb_decode_varint32_eof
                0x0000000008004ae4       0x9c ./X-CUBE-AI/App/pb_decode.o
 .text.pb_read  0x0000000008004b80       0x78 ./X-CUBE-AI/App/pb_decode.o
                0x0000000008004b80                pb_read
 .text.pb_decode_varint32
                0x0000000008004bf8        0x6 ./X-CUBE-AI/App/pb_decode.o
                0x0000000008004bf8                pb_decode_varint32
 *fill*         0x0000000008004bfe        0x2 
 .text.pb_dec_fixed_length_bytes
                0x0000000008004c00       0x60 ./X-CUBE-AI/App/pb_decode.o
 .text.pb_dec_string
                0x0000000008004c60       0x68 ./X-CUBE-AI/App/pb_decode.o
 .text.pb_dec_bytes
                0x0000000008004cc8       0x60 ./X-CUBE-AI/App/pb_decode.o
 .text.pb_decode_varint
                0x0000000008004d28       0x70 ./X-CUBE-AI/App/pb_decode.o
                0x0000000008004d28                pb_decode_varint
 .text.pb_dec_uvarint
                0x0000000008004d98       0x74 ./X-CUBE-AI/App/pb_decode.o
 .text.pb_dec_varint
                0x0000000008004e0c       0x6c ./X-CUBE-AI/App/pb_decode.o
 .text.pb_decode_tag
                0x0000000008004e78       0x34 ./X-CUBE-AI/App/pb_decode.o
                0x0000000008004e78                pb_decode_tag
 .text.pb_skip_field
                0x0000000008004eac       0x60 ./X-CUBE-AI/App/pb_decode.o
                0x0000000008004eac                pb_skip_field
 .text.pb_make_string_substream
                0x0000000008004f0c       0x40 ./X-CUBE-AI/App/pb_decode.o
                0x0000000008004f0c                pb_make_string_substream
 .text.pb_close_string_substream
                0x0000000008004f4c       0x24 ./X-CUBE-AI/App/pb_decode.o
                0x0000000008004f4c                pb_close_string_substream
 .text.decode_field
                0x0000000008004f70      0x200 ./X-CUBE-AI/App/pb_decode.o
 .text.pb_decode_noinit
                0x0000000008005170      0x214 ./X-CUBE-AI/App/pb_decode.o
                0x0000000008005170                pb_decode_noinit
 .text.pb_decode
                0x0000000008005384       0x20 ./X-CUBE-AI/App/pb_decode.o
                0x0000000008005384                pb_decode
 .text.pb_dec_submessage
                0x00000000080053a4       0x60 ./X-CUBE-AI/App/pb_decode.o
 .text.pb_decode_delimited
                0x0000000008005404       0x30 ./X-CUBE-AI/App/pb_decode.o
                0x0000000008005404                pb_decode_delimited
 .text.pb_decode_svarint
                0x0000000008005434       0x2a ./X-CUBE-AI/App/pb_decode.o
                0x0000000008005434                pb_decode_svarint
 *fill*         0x000000000800545e        0x2 
 .text.pb_dec_svarint
                0x0000000008005460       0x70 ./X-CUBE-AI/App/pb_decode.o
 .text.pb_decode_fixed32
                0x00000000080054d0       0x18 ./X-CUBE-AI/App/pb_decode.o
                0x00000000080054d0                pb_decode_fixed32
 .text.pb_dec_fixed32
                0x00000000080054e8        0x6 ./X-CUBE-AI/App/pb_decode.o
 .text.pb_decode_fixed64
                0x00000000080054ee       0x1a ./X-CUBE-AI/App/pb_decode.o
                0x00000000080054ee                pb_decode_fixed64
 .text.pb_dec_fixed64
                0x0000000008005508        0x6 ./X-CUBE-AI/App/pb_decode.o
 .text.pb_check_proto3_default_value
                0x000000000800550e       0x98 ./X-CUBE-AI/App/pb_encode.o
 *fill*         0x00000000080055a6        0x2 
 .text.pb_write
                0x00000000080055a8       0x48 ./X-CUBE-AI/App/pb_encode.o
                0x00000000080055a8                pb_write
 .text.pb_encode_varint
                0x00000000080055f0       0x54 ./X-CUBE-AI/App/pb_encode.o
                0x00000000080055f0                pb_encode_varint
 .text.pb_enc_uvarint
                0x0000000008005644       0x40 ./X-CUBE-AI/App/pb_encode.o
 .text.pb_enc_varint
                0x0000000008005684       0x44 ./X-CUBE-AI/App/pb_encode.o
 .text.pb_encode_svarint
                0x00000000080056c8       0x12 ./X-CUBE-AI/App/pb_encode.o
                0x00000000080056c8                pb_encode_svarint
 *fill*         0x00000000080056da        0x2 
 .text.pb_enc_svarint
                0x00000000080056dc       0x44 ./X-CUBE-AI/App/pb_encode.o
 .text.pb_encode_fixed32
                0x0000000008005720       0x16 ./X-CUBE-AI/App/pb_encode.o
                0x0000000008005720                pb_encode_fixed32
 .text.pb_enc_fixed32
                0x0000000008005736        0x6 ./X-CUBE-AI/App/pb_encode.o
 .text.pb_encode_fixed64
                0x000000000800573c       0x2c ./X-CUBE-AI/App/pb_encode.o
                0x000000000800573c                pb_encode_fixed64
 .text.pb_enc_fixed64
                0x0000000008005768        0x6 ./X-CUBE-AI/App/pb_encode.o
 .text.pb_encode_tag
                0x000000000800576e        0xc ./X-CUBE-AI/App/pb_encode.o
                0x000000000800576e                pb_encode_tag
 *fill*         0x000000000800577a        0x2 
 .text.pb_encode_tag_for_field
                0x000000000800577c       0x44 ./X-CUBE-AI/App/pb_encode.o
                0x000000000800577c                pb_encode_tag_for_field
 .text.encode_field
                0x00000000080057c0      0x208 ./X-CUBE-AI/App/pb_encode.o
 .text.pb_encode
                0x00000000080059c8       0x68 ./X-CUBE-AI/App/pb_encode.o
                0x00000000080059c8                pb_encode
 .text.pb_encode_string
                0x0000000008005a30       0x24 ./X-CUBE-AI/App/pb_encode.o
                0x0000000008005a30                pb_encode_string
 .text.pb_enc_fixed_length_bytes
                0x0000000008005a54        0xc ./X-CUBE-AI/App/pb_encode.o
 .text.pb_enc_string
                0x0000000008005a60       0x2e ./X-CUBE-AI/App/pb_encode.o
 *fill*         0x0000000008005a8e        0x2 
 .text.pb_enc_bytes
                0x0000000008005a90       0x40 ./X-CUBE-AI/App/pb_encode.o
 .text.pb_encode_submessage
                0x0000000008005ad0       0x98 ./X-CUBE-AI/App/pb_encode.o
                0x0000000008005ad0                pb_encode_submessage
 .text.pb_enc_submessage
                0x0000000008005b68       0x20 ./X-CUBE-AI/App/pb_encode.o
 .text.ai_version_get
                0x0000000008005b88        0xc ../Middlewares/ST/AI/Lib\NetworkRuntime810_CM7_GCC.a(ai_datatypes_internal.o)
                0x0000000008005b88                ai_version_get
 .text.ai_platform_version_get
                0x0000000008005b94       0x24 ../Middlewares/ST/AI/Lib\NetworkRuntime810_CM7_GCC.a(ai_datatypes_internal.o)
                0x0000000008005b94                ai_platform_version_get
 .text.get_tensor_size
                0x0000000008005bb8       0x28 ../Middlewares/ST/AI/Lib\NetworkRuntime810_CM7_GCC.a(ai_datatypes_internal.o)
                0x0000000008005bb8                get_tensor_size
 .text.get_tensor_byte_size
                0x0000000008005be0       0x2c ../Middlewares/ST/AI/Lib\NetworkRuntime810_CM7_GCC.a(ai_datatypes_internal.o)
                0x0000000008005be0                get_tensor_byte_size
 .text.ai_buffer_get_size
                0x0000000008005c0c       0x68 ../Middlewares/ST/AI/Lib\NetworkRuntime810_CM7_GCC.a(ai_platform.o)
                0x0000000008005c0c                ai_buffer_get_size
 .text.ai_buffer_get_byte_size
                0x0000000008005c74       0x10 ../Middlewares/ST/AI/Lib\NetworkRuntime810_CM7_GCC.a(ai_platform.o)
                0x0000000008005c74                ai_buffer_get_byte_size
 .text.ai_buffer_array_sane
                0x0000000008005c84       0x14 ../Middlewares/ST/AI/Lib\NetworkRuntime810_CM7_GCC.a(ai_platform.o)
                0x0000000008005c84                ai_buffer_array_sane
 .text.ai_buffer_array_item_set_address
                0x0000000008005c98       0x20 ../Middlewares/ST/AI/Lib\NetworkRuntime810_CM7_GCC.a(ai_platform.o)
                0x0000000008005c98                ai_buffer_array_item_set_address
 .text._platform_observer_node_exec_cb
                0x0000000008005cb8      0x124 ../Middlewares/ST/AI/Lib\NetworkRuntime810_CM7_GCC.a(ai_platform_interface.o)
 .text._ai_platform_acquire_crc
                0x0000000008005ddc        0x4 ../Middlewares/ST/AI/Lib\NetworkRuntime810_CM7_GCC.a(ai_platform_interface.o)
                0x0000000008005ddc                _ai_platform_acquire_crc
 .text._ai_platform_release_crc
                0x0000000008005de0        0x4 ../Middlewares/ST/AI/Lib\NetworkRuntime810_CM7_GCC.a(ai_platform_interface.o)
                0x0000000008005de0                _ai_platform_release_crc
 .text.ai_platform_get_weights_map
                0x0000000008005de4       0xb0 ../Middlewares/ST/AI/Lib\NetworkRuntime810_CM7_GCC.a(ai_platform_interface.o)
                0x0000000008005de4                ai_platform_get_weights_map
 .text.ai_platform_get_activations_map
                0x0000000008005e94       0xb0 ../Middlewares/ST/AI/Lib\NetworkRuntime810_CM7_GCC.a(ai_platform_interface.o)
                0x0000000008005e94                ai_platform_get_activations_map
 .text.ai_platform_bind_network_params
                0x0000000008005f44       0x34 ../Middlewares/ST/AI/Lib\NetworkRuntime810_CM7_GCC.a(ai_platform_interface.o)
                0x0000000008005f44                ai_platform_bind_network_params
 .text.ai_platform_runtime_get_revision
                0x0000000008005f78      0x108 ../Middlewares/ST/AI/Lib\NetworkRuntime810_CM7_GCC.a(ai_platform_interface.o)
                0x0000000008005f78                ai_platform_runtime_get_revision
 .text.ai_platform_runtime_get_version
                0x0000000008006080      0x130 ../Middlewares/ST/AI/Lib\NetworkRuntime810_CM7_GCC.a(ai_platform_interface.o)
                0x0000000008006080                ai_platform_runtime_get_version
 .text.ai_platform_api_get_version
                0x00000000080061b0      0x130 ../Middlewares/ST/AI/Lib\NetworkRuntime810_CM7_GCC.a(ai_platform_interface.o)
                0x00000000080061b0                ai_platform_api_get_version
 .text.ai_platform_interface_api_get_version
                0x00000000080062e0      0x130 ../Middlewares/ST/AI/Lib\NetworkRuntime810_CM7_GCC.a(ai_platform_interface.o)
                0x00000000080062e0                ai_platform_interface_api_get_version
 .text.ai_platform_context_acquire
                0x0000000008006410      0x118 ../Middlewares/ST/AI/Lib\NetworkRuntime810_CM7_GCC.a(ai_platform_interface.o)
                0x0000000008006410                ai_platform_context_acquire
 .text.ai_platform_network_get_error
                0x0000000008006528      0x218 ../Middlewares/ST/AI/Lib\NetworkRuntime810_CM7_GCC.a(ai_platform_interface.o)
                0x0000000008006528                ai_platform_network_get_error
 .text.ai_platform_network_set_error
                0x0000000008006740        0xc ../Middlewares/ST/AI/Lib\NetworkRuntime810_CM7_GCC.a(ai_platform_interface.o)
                0x0000000008006740                ai_platform_network_set_error
 .text.ai_platform_api_get_network_report
                0x000000000800674c      0x858 ../Middlewares/ST/AI/Lib\NetworkRuntime810_CM7_GCC.a(ai_platform_interface.o)
                0x000000000800674c                ai_platform_api_get_network_report
 .text.ai_platform_network_create
                0x0000000008006fa4      0x3b4 ../Middlewares/ST/AI/Lib\NetworkRuntime810_CM7_GCC.a(ai_platform_interface.o)
                0x0000000008006fa4                ai_platform_network_create
 .text.ai_platform_network_destroy
                0x0000000008007358      0x210 ../Middlewares/ST/AI/Lib\NetworkRuntime810_CM7_GCC.a(ai_platform_interface.o)
                0x0000000008007358                ai_platform_network_destroy
 .text.ai_platform_network_init
                0x0000000008007568      0x338 ../Middlewares/ST/AI/Lib\NetworkRuntime810_CM7_GCC.a(ai_platform_interface.o)
                0x0000000008007568                ai_platform_network_init
 .text.ai_platform_network_post_init
                0x00000000080078a0      0x254 ../Middlewares/ST/AI/Lib\NetworkRuntime810_CM7_GCC.a(ai_platform_interface.o)
                0x00000000080078a0                ai_platform_network_post_init
 .text.ai_platform_network_process
                0x0000000008007af4      0x5b8 ../Middlewares/ST/AI/Lib\NetworkRuntime810_CM7_GCC.a(ai_platform_interface.o)
                0x0000000008007af4                ai_platform_network_process
 .text.ai_platform_observer_register_s
                0x00000000080080ac      0x184 ../Middlewares/ST/AI/Lib\NetworkRuntime810_CM7_GCC.a(ai_platform_interface.o)
                0x00000000080080ac                ai_platform_observer_register_s
 .text.ai_platform_observer_unregister_s
                0x0000000008008230      0x13c ../Middlewares/ST/AI/Lib\NetworkRuntime810_CM7_GCC.a(ai_platform_interface.o)
                0x0000000008008230                ai_platform_observer_unregister_s
 .text.core_init
                0x000000000800836c        0x4 ../Middlewares/ST/AI/Lib\NetworkRuntime810_CM7_GCC.a(core_common.o)
                0x000000000800836c                core_init
 .text.core_get_error
                0x0000000008008370        0xc ../Middlewares/ST/AI/Lib\NetworkRuntime810_CM7_GCC.a(core_common.o)
                0x0000000008008370                core_get_error
 .text.core_set_error
                0x000000000800837c       0x18 ../Middlewares/ST/AI/Lib\NetworkRuntime810_CM7_GCC.a(core_common.o)
                0x000000000800837c                core_set_error
 .text.ai_check_custom_types
                0x0000000008008394       0x50 ../Middlewares/ST/AI/Lib\NetworkRuntime810_CM7_GCC.a(layers.o)
                0x0000000008008394                ai_check_custom_types
 .text.ai_layers_init_all
                0x00000000080083e4       0x1c ../Middlewares/ST/AI/Lib\NetworkRuntime810_CM7_GCC.a(layers.o)
                0x00000000080083e4                ai_layers_init_all
 .text.ai_layers_post_init_all
                0x0000000008008400       0x28 ../Middlewares/ST/AI/Lib\NetworkRuntime810_CM7_GCC.a(layers.o)
                0x0000000008008400                ai_layers_post_init_all
 .text.ai_layers_forward_all
                0x0000000008008428       0x90 ../Middlewares/ST/AI/Lib\NetworkRuntime810_CM7_GCC.a(layers.o)
                0x0000000008008428                ai_layers_forward_all
 .text.ai_layers_destroy_all
                0x00000000080084b8       0x28 ../Middlewares/ST/AI/Lib\NetworkRuntime810_CM7_GCC.a(layers.o)
                0x00000000080084b8                ai_layers_destroy_all
 .text.forward_dense
                0x00000000080084e0      0x840 ../Middlewares/ST/AI/Lib\NetworkRuntime810_CM7_GCC.a(layers_conv2d_generic_float.o)
                0x00000000080084e0                forward_dense
 .text.forward_sigmoid
                0x0000000008008d20       0x94 ../Middlewares/ST/AI/Lib\NetworkRuntime810_CM7_GCC.a(layers_nl_generic_float.o)
                0x0000000008008d20                forward_sigmoid
 .text.nl_func_relu_array_f32
                0x0000000008008db4       0x44 ../Middlewares/ST/AI/Lib\NetworkRuntime810_CM7_GCC.a(layers_nl_generic_float.o)
                0x0000000008008db4                nl_func_relu_array_f32
 .text.array_f32_identity
                0x0000000008008df8       0x14 ../Middlewares/ST/AI/Lib\NetworkRuntime810_CM7_GCC.a(layers_rnn_generic_float.o)
 .text.forward_rnn
                0x0000000008008e0c      0x63c ../Middlewares/ST/AI/Lib\NetworkRuntime810_CM7_GCC.a(layers_rnn_generic_float.o)
                0x0000000008008e0c                forward_rnn
 .text.forward_lite_dense_if32of32wf32
                0x0000000008009448      0x250 ../Middlewares/ST/AI/Lib\NetworkRuntime810_CM7_GCC.a(lite_dense_if32.o)
                0x0000000008009448                forward_lite_dense_if32of32wf32
 .text.st_int8_fill
                0x0000000008009698       0xbc ../Middlewares/ST/AI/Lib\NetworkRuntime810_CM7_GCC.a(st_int8_fill.o)
                0x0000000008009698                st_int8_fill
 .text.st_int8_copy
                0x0000000008009754      0x110 ../Middlewares/ST/AI/Lib\NetworkRuntime810_CM7_GCC.a(st_int8_fill.o)
                0x0000000008009754                st_int8_copy
 .text.ai_array_to_buffer_fmt
                0x0000000008009864       0xd8 ../Middlewares/ST/AI/Lib\NetworkRuntime810_CM7_GCC.a(ai_datatypes_format.o)
                0x0000000008009864                ai_array_to_buffer_fmt
 .text.ai_array_get_byte_size
                0x000000000800993c       0x50 ../Middlewares/ST/AI/Lib\NetworkRuntime810_CM7_GCC.a(ai_datatypes_format.o)
                0x000000000800993c                ai_array_get_byte_size
 .text.ai_array_get_data_byte_size
                0x000000000800998c       0x20 ../Middlewares/ST/AI/Lib\NetworkRuntime810_CM7_GCC.a(ai_datatypes_format.o)
                0x000000000800998c                ai_array_get_data_byte_size
 .text.malloc   0x00000000080099ac       0x10 C:/ST/STM32CubeIDE_1.13.1/STM32CubeIDE/plugins/com.st.stm32cube.ide.mcu.externaltools.gnu-tools-for-stm32.11.3.rel1.win32_1.1.0.202305231506/tools/bin/../lib/gcc/arm-none-eabi/11.3.1/../../../../arm-none-eabi/lib/thumb/v7e-m+dp/hard\libc_nano.a(libc_a-malloc.o)
                0x00000000080099ac                malloc
 .text.sbrk_aligned
                0x00000000080099bc       0x40 C:/ST/STM32CubeIDE_1.13.1/STM32CubeIDE/plugins/com.st.stm32cube.ide.mcu.externaltools.gnu-tools-for-stm32.11.3.rel1.win32_1.1.0.202305231506/tools/bin/../lib/gcc/arm-none-eabi/11.3.1/../../../../arm-none-eabi/lib/thumb/v7e-m+dp/hard\libc_nano.a(libc_a-mallocr.o)
 .text._malloc_r
                0x00000000080099fc      0x100 C:/ST/STM32CubeIDE_1.13.1/STM32CubeIDE/plugins/com.st.stm32cube.ide.mcu.externaltools.gnu-tools-for-stm32.11.3.rel1.win32_1.1.0.202305231506/tools/bin/../lib/gcc/arm-none-eabi/11.3.1/../../../../arm-none-eabi/lib/thumb/v7e-m+dp/hard\libc_nano.a(libc_a-mallocr.o)
                0x00000000080099fc                _malloc_r
 .text.__malloc_lock
                0x0000000008009afc        0xc C:/ST/STM32CubeIDE_1.13.1/STM32CubeIDE/plugins/com.st.stm32cube.ide.mcu.externaltools.gnu-tools-for-stm32.11.3.rel1.win32_1.1.0.202305231506/tools/bin/../lib/gcc/arm-none-eabi/11.3.1/../../../../arm-none-eabi/lib/thumb/v7e-m+dp/hard\libc_nano.a(libc_a-mlock.o)
                0x0000000008009afc                __malloc_lock
 .text.__malloc_unlock
                0x0000000008009b08        0xc C:/ST/STM32CubeIDE_1.13.1/STM32CubeIDE/plugins/com.st.stm32cube.ide.mcu.externaltools.gnu-tools-for-stm32.11.3.rel1.win32_1.1.0.202305231506/tools/bin/../lib/gcc/arm-none-eabi/11.3.1/../../../../arm-none-eabi/lib/thumb/v7e-m+dp/hard\libc_nano.a(libc_a-mlock.o)
                0x0000000008009b08                __malloc_unlock
 .text.__cvt    0x0000000008009b14       0xa4 C:/ST/STM32CubeIDE_1.13.1/STM32CubeIDE/plugins/com.st.stm32cube.ide.mcu.externaltools.gnu-tools-for-stm32.11.3.rel1.win32_1.1.0.202305231506/tools/bin/../lib/gcc/arm-none-eabi/11.3.1/../../../../arm-none-eabi/lib/thumb/v7e-m+dp/hard\libc_nano.a(libc_a-nano-vfprintf_float.o)
                0x0000000008009b14                __cvt
 .text.__exponent
                0x0000000008009bb8       0x7c C:/ST/STM32CubeIDE_1.13.1/STM32CubeIDE/plugins/com.st.stm32cube.ide.mcu.externaltools.gnu-tools-for-stm32.11.3.rel1.win32_1.1.0.202305231506/tools/bin/../lib/gcc/arm-none-eabi/11.3.1/../../../../arm-none-eabi/lib/thumb/v7e-m+dp/hard\libc_nano.a(libc_a-nano-vfprintf_float.o)
                0x0000000008009bb8                __exponent
 *fill*         0x0000000008009c34        0x4 
 .text._printf_float
                0x0000000008009c38      0x434 C:/ST/STM32CubeIDE_1.13.1/STM32CubeIDE/plugins/com.st.stm32cube.ide.mcu.externaltools.gnu-tools-for-stm32.11.3.rel1.win32_1.1.0.202305231506/tools/bin/../lib/gcc/arm-none-eabi/11.3.1/../../../../arm-none-eabi/lib/thumb/v7e-m+dp/hard\libc_nano.a(libc_a-nano-vfprintf_float.o)
                0x0000000008009c38                _printf_float
 .text._printf_common
                0x000000000800a06c       0xda C:/ST/STM32CubeIDE_1.13.1/STM32CubeIDE/plugins/com.st.stm32cube.ide.mcu.externaltools.gnu-tools-for-stm32.11.3.rel1.win32_1.1.0.202305231506/tools/bin/../lib/gcc/arm-none-eabi/11.3.1/../../../../arm-none-eabi/lib/thumb/v7e-m+dp/hard\libc_nano.a(libc_a-nano-vfprintf_i.o)
                0x000000000800a06c                _printf_common
 *fill*         0x000000000800a146        0x2 
 .text._printf_i
                0x000000000800a148      0x244 C:/ST/STM32CubeIDE_1.13.1/STM32CubeIDE/plugins/com.st.stm32cube.ide.mcu.externaltools.gnu-tools-for-stm32.11.3.rel1.win32_1.1.0.202305231506/tools/bin/../lib/gcc/arm-none-eabi/11.3.1/../../../../arm-none-eabi/lib/thumb/v7e-m+dp/hard\libc_nano.a(libc_a-nano-vfprintf_i.o)
                0x000000000800a148                _printf_i
 .text.std      0x000000000800a38c       0x48 C:/ST/STM32CubeIDE_1.13.1/STM32CubeIDE/plugins/com.st.stm32cube.ide.mcu.externaltools.gnu-tools-for-stm32.11.3.rel1.win32_1.1.0.202305231506/tools/bin/../lib/gcc/arm-none-eabi/11.3.1/../../../../arm-none-eabi/lib/thumb/v7e-m+dp/hard\libc_nano.a(libc_a-findfp.o)
 .text.stdio_exit_handler
                0x000000000800a3d4       0x18 C:/ST/STM32CubeIDE_1.13.1/STM32CubeIDE/plugins/com.st.stm32cube.ide.mcu.externaltools.gnu-tools-for-stm32.11.3.rel1.win32_1.1.0.202305231506/tools/bin/../lib/gcc/arm-none-eabi/11.3.1/../../../../arm-none-eabi/lib/thumb/v7e-m+dp/hard\libc_nano.a(libc_a-findfp.o)
 .text.cleanup_stdio
                0x000000000800a3ec       0x40 C:/ST/STM32CubeIDE_1.13.1/STM32CubeIDE/plugins/com.st.stm32cube.ide.mcu.externaltools.gnu-tools-for-stm32.11.3.rel1.win32_1.1.0.202305231506/tools/bin/../lib/gcc/arm-none-eabi/11.3.1/../../../../arm-none-eabi/lib/thumb/v7e-m+dp/hard\libc_nano.a(libc_a-findfp.o)
 .text.global_stdio_init.part.0
                0x000000000800a42c       0x3c C:/ST/STM32CubeIDE_1.13.1/STM32CubeIDE/plugins/com.st.stm32cube.ide.mcu.externaltools.gnu-tools-for-stm32.11.3.rel1.win32_1.1.0.202305231506/tools/bin/../lib/gcc/arm-none-eabi/11.3.1/../../../../arm-none-eabi/lib/thumb/v7e-m+dp/hard\libc_nano.a(libc_a-findfp.o)
 .text.__sfp_lock_acquire
                0x000000000800a468        0xc C:/ST/STM32CubeIDE_1.13.1/STM32CubeIDE/plugins/com.st.stm32cube.ide.mcu.externaltools.gnu-tools-for-stm32.11.3.rel1.win32_1.1.0.202305231506/tools/bin/../lib/gcc/arm-none-eabi/11.3.1/../../../../arm-none-eabi/lib/thumb/v7e-m+dp/hard\libc_nano.a(libc_a-findfp.o)
                0x000000000800a468                __sfp_lock_acquire
 .text.__sfp_lock_release
                0x000000000800a474        0xc C:/ST/STM32CubeIDE_1.13.1/STM32CubeIDE/plugins/com.st.stm32cube.ide.mcu.externaltools.gnu-tools-for-stm32.11.3.rel1.win32_1.1.0.202305231506/tools/bin/../lib/gcc/arm-none-eabi/11.3.1/../../../../arm-none-eabi/lib/thumb/v7e-m+dp/hard\libc_nano.a(libc_a-findfp.o)
                0x000000000800a474                __sfp_lock_release
 .text.__sinit  0x000000000800a480       0x30 C:/ST/STM32CubeIDE_1.13.1/STM32CubeIDE/plugins/com.st.stm32cube.ide.mcu.externaltools.gnu-tools-for-stm32.11.3.rel1.win32_1.1.0.202305231506/tools/bin/../lib/gcc/arm-none-eabi/11.3.1/../../../../arm-none-eabi/lib/thumb/v7e-m+dp/hard\libc_nano.a(libc_a-findfp.o)
                0x000000000800a480                __sinit
 .text._fwalk_sglue
                0x000000000800a4b0       0x3c C:/ST/STM32CubeIDE_1.13.1/STM32CubeIDE/plugins/com.st.stm32cube.ide.mcu.externaltools.gnu-tools-for-stm32.11.3.rel1.win32_1.1.0.202305231506/tools/bin/../lib/gcc/arm-none-eabi/11.3.1/../../../../arm-none-eabi/lib/thumb/v7e-m+dp/hard\libc_nano.a(libc_a-fwalk.o)
                0x000000000800a4b0                _fwalk_sglue
 .text.__sread  0x000000000800a4ec       0x22 C:/ST/STM32CubeIDE_1.13.1/STM32CubeIDE/plugins/com.st.stm32cube.ide.mcu.externaltools.gnu-tools-for-stm32.11.3.rel1.win32_1.1.0.202305231506/tools/bin/../lib/gcc/arm-none-eabi/11.3.1/../../../../arm-none-eabi/lib/thumb/v7e-m+dp/hard\libc_nano.a(libc_a-stdio.o)
                0x000000000800a4ec                __sread
 .text.__swrite
                0x000000000800a50e       0x38 C:/ST/STM32CubeIDE_1.13.1/STM32CubeIDE/plugins/com.st.stm32cube.ide.mcu.externaltools.gnu-tools-for-stm32.11.3.rel1.win32_1.1.0.202305231506/tools/bin/../lib/gcc/arm-none-eabi/11.3.1/../../../../arm-none-eabi/lib/thumb/v7e-m+dp/hard\libc_nano.a(libc_a-stdio.o)
                0x000000000800a50e                __swrite
 .text.__sseek  0x000000000800a546       0x24 C:/ST/STM32CubeIDE_1.13.1/STM32CubeIDE/plugins/com.st.stm32cube.ide.mcu.externaltools.gnu-tools-for-stm32.11.3.rel1.win32_1.1.0.202305231506/tools/bin/../lib/gcc/arm-none-eabi/11.3.1/../../../../arm-none-eabi/lib/thumb/v7e-m+dp/hard\libc_nano.a(libc_a-stdio.o)
                0x000000000800a546                __sseek
 .text.__sclose
                0x000000000800a56a        0x8 C:/ST/STM32CubeIDE_1.13.1/STM32CubeIDE/plugins/com.st.stm32cube.ide.mcu.externaltools.gnu-tools-for-stm32.11.3.rel1.win32_1.1.0.202305231506/tools/bin/../lib/gcc/arm-none-eabi/11.3.1/../../../../arm-none-eabi/lib/thumb/v7e-m+dp/hard\libc_nano.a(libc_a-stdio.o)
                0x000000000800a56a                __sclose
 .text.memset   0x000000000800a572       0x10 C:/ST/STM32CubeIDE_1.13.1/STM32CubeIDE/plugins/com.st.stm32cube.ide.mcu.externaltools.gnu-tools-for-stm32.11.3.rel1.win32_1.1.0.202305231506/tools/bin/../lib/gcc/arm-none-eabi/11.3.1/../../../../arm-none-eabi/lib/thumb/v7e-m+dp/hard\libc_nano.a(libc_a-memset.o)
                0x000000000800a572                memset
 .text.strncmp  0x000000000800a582       0x24 C:/ST/STM32CubeIDE_1.13.1/STM32CubeIDE/plugins/com.st.stm32cube.ide.mcu.externaltools.gnu-tools-for-stm32.11.3.rel1.win32_1.1.0.202305231506/tools/bin/../lib/gcc/arm-none-eabi/11.3.1/../../../../arm-none-eabi/lib/thumb/v7e-m+dp/hard\libc_nano.a(libc_a-strncmp.o)
                0x000000000800a582                strncmp
 *fill*         0x000000000800a5a6        0x2 
 .text._localeconv_r
                0x000000000800a5a8        0x8 C:/ST/STM32CubeIDE_1.13.1/STM32CubeIDE/plugins/com.st.stm32cube.ide.mcu.externaltools.gnu-tools-for-stm32.11.3.rel1.win32_1.1.0.202305231506/tools/bin/../lib/gcc/arm-none-eabi/11.3.1/../../../../arm-none-eabi/lib/thumb/v7e-m+dp/hard\libc_nano.a(libc_a-localeconv.o)
                0x000000000800a5a8                _localeconv_r
 .text._close_r
                0x000000000800a5b0       0x20 C:/ST/STM32CubeIDE_1.13.1/STM32CubeIDE/plugins/com.st.stm32cube.ide.mcu.externaltools.gnu-tools-for-stm32.11.3.rel1.win32_1.1.0.202305231506/tools/bin/../lib/gcc/arm-none-eabi/11.3.1/../../../../arm-none-eabi/lib/thumb/v7e-m+dp/hard\libc_nano.a(libc_a-closer.o)
                0x000000000800a5b0                _close_r
 .text._lseek_r
                0x000000000800a5d0       0x24 C:/ST/STM32CubeIDE_1.13.1/STM32CubeIDE/plugins/com.st.stm32cube.ide.mcu.externaltools.gnu-tools-for-stm32.11.3.rel1.win32_1.1.0.202305231506/tools/bin/../lib/gcc/arm-none-eabi/11.3.1/../../../../arm-none-eabi/lib/thumb/v7e-m+dp/hard\libc_nano.a(libc_a-lseekr.o)
                0x000000000800a5d0                _lseek_r
 .text._read_r  0x000000000800a5f4       0x24 C:/ST/STM32CubeIDE_1.13.1/STM32CubeIDE/plugins/com.st.stm32cube.ide.mcu.externaltools.gnu-tools-for-stm32.11.3.rel1.win32_1.1.0.202305231506/tools/bin/../lib/gcc/arm-none-eabi/11.3.1/../../../../arm-none-eabi/lib/thumb/v7e-m+dp/hard\libc_nano.a(libc_a-readr.o)
                0x000000000800a5f4                _read_r
 .text._sbrk_r  0x000000000800a618       0x20 C:/ST/STM32CubeIDE_1.13.1/STM32CubeIDE/plugins/com.st.stm32cube.ide.mcu.externaltools.gnu-tools-for-stm32.11.3.rel1.win32_1.1.0.202305231506/tools/bin/../lib/gcc/arm-none-eabi/11.3.1/../../../../arm-none-eabi/lib/thumb/v7e-m+dp/hard\libc_nano.a(libc_a-sbrkr.o)
                0x000000000800a618                _sbrk_r
 .text._write_r
                0x000000000800a638       0x24 C:/ST/STM32CubeIDE_1.13.1/STM32CubeIDE/plugins/com.st.stm32cube.ide.mcu.externaltools.gnu-tools-for-stm32.11.3.rel1.win32_1.1.0.202305231506/tools/bin/../lib/gcc/arm-none-eabi/11.3.1/../../../../arm-none-eabi/lib/thumb/v7e-m+dp/hard\libc_nano.a(libc_a-writer.o)
                0x000000000800a638                _write_r
 .text.__errno  0x000000000800a65c        0xc C:/ST/STM32CubeIDE_1.13.1/STM32CubeIDE/plugins/com.st.stm32cube.ide.mcu.externaltools.gnu-tools-for-stm32.11.3.rel1.win32_1.1.0.202305231506/tools/bin/../lib/gcc/arm-none-eabi/11.3.1/../../../../arm-none-eabi/lib/thumb/v7e-m+dp/hard\libc_nano.a(libc_a-errno.o)
                0x000000000800a65c                __errno
 .text.__libc_init_array
                0x000000000800a668       0x48 C:/ST/STM32CubeIDE_1.13.1/STM32CubeIDE/plugins/com.st.stm32cube.ide.mcu.externaltools.gnu-tools-for-stm32.11.3.rel1.win32_1.1.0.202305231506/tools/bin/../lib/gcc/arm-none-eabi/11.3.1/../../../../arm-none-eabi/lib/thumb/v7e-m+dp/hard\libc_nano.a(libc_a-init.o)
                0x000000000800a668                __libc_init_array
 .text.__retarget_lock_acquire_recursive
                0x000000000800a6b0        0x2 C:/ST/STM32CubeIDE_1.13.1/STM32CubeIDE/plugins/com.st.stm32cube.ide.mcu.externaltools.gnu-tools-for-stm32.11.3.rel1.win32_1.1.0.202305231506/tools/bin/../lib/gcc/arm-none-eabi/11.3.1/../../../../arm-none-eabi/lib/thumb/v7e-m+dp/hard\libc_nano.a(libc_a-lock.o)
                0x000000000800a6b0                __retarget_lock_acquire_recursive
 .text.__retarget_lock_release_recursive
                0x000000000800a6b2        0x2 C:/ST/STM32CubeIDE_1.13.1/STM32CubeIDE/plugins/com.st.stm32cube.ide.mcu.externaltools.gnu-tools-for-stm32.11.3.rel1.win32_1.1.0.202305231506/tools/bin/../lib/gcc/arm-none-eabi/11.3.1/../../../../arm-none-eabi/lib/thumb/v7e-m+dp/hard\libc_nano.a(libc_a-lock.o)
                0x000000000800a6b2                __retarget_lock_release_recursive
 .text.memcpy   0x000000000800a6b4       0x1c C:/ST/STM32CubeIDE_1.13.1/STM32CubeIDE/plugins/com.st.stm32cube.ide.mcu.externaltools.gnu-tools-for-stm32.11.3.rel1.win32_1.1.0.202305231506/tools/bin/../lib/gcc/arm-none-eabi/11.3.1/../../../../arm-none-eabi/lib/thumb/v7e-m+dp/hard\libc_nano.a(libc_a-memcpy-stub.o)
                0x000000000800a6b4                memcpy
 .text.quorem   0x000000000800a6d0      0x110 C:/ST/STM32CubeIDE_1.13.1/STM32CubeIDE/plugins/com.st.stm32cube.ide.mcu.externaltools.gnu-tools-for-stm32.11.3.rel1.win32_1.1.0.202305231506/tools/bin/../lib/gcc/arm-none-eabi/11.3.1/../../../../arm-none-eabi/lib/thumb/v7e-m+dp/hard\libc_nano.a(libc_a-dtoa.o)
 .text._dtoa_r  0x000000000800a7e0      0xad8 C:/ST/STM32CubeIDE_1.13.1/STM32CubeIDE/plugins/com.st.stm32cube.ide.mcu.externaltools.gnu-tools-for-stm32.11.3.rel1.win32_1.1.0.202305231506/tools/bin/../lib/gcc/arm-none-eabi/11.3.1/../../../../arm-none-eabi/lib/thumb/v7e-m+dp/hard\libc_nano.a(libc_a-dtoa.o)
                0x000000000800a7e0                _dtoa_r
 .text._free_r  0x000000000800b2b8       0x98 C:/ST/STM32CubeIDE_1.13.1/STM32CubeIDE/plugins/com.st.stm32cube.ide.mcu.externaltools.gnu-tools-for-stm32.11.3.rel1.win32_1.1.0.202305231506/tools/bin/../lib/gcc/arm-none-eabi/11.3.1/../../../../arm-none-eabi/lib/thumb/v7e-m+dp/hard\libc_nano.a(libc_a-freer.o)
                0x000000000800b2b8                _free_r
 .text._Balloc  0x000000000800b350       0x80 C:/ST/STM32CubeIDE_1.13.1/STM32CubeIDE/plugins/com.st.stm32cube.ide.mcu.externaltools.gnu-tools-for-stm32.11.3.rel1.win32_1.1.0.202305231506/tools/bin/../lib/gcc/arm-none-eabi/11.3.1/../../../../arm-none-eabi/lib/thumb/v7e-m+dp/hard\libc_nano.a(libc_a-mprec.o)
                0x000000000800b350                _Balloc
 .text._Bfree   0x000000000800b3d0       0x44 C:/ST/STM32CubeIDE_1.13.1/STM32CubeIDE/plugins/com.st.stm32cube.ide.mcu.externaltools.gnu-tools-for-stm32.11.3.rel1.win32_1.1.0.202305231506/tools/bin/../lib/gcc/arm-none-eabi/11.3.1/../../../../arm-none-eabi/lib/thumb/v7e-m+dp/hard\libc_nano.a(libc_a-mprec.o)
                0x000000000800b3d0                _Bfree
 .text.__multadd
                0x000000000800b414       0x8c C:/ST/STM32CubeIDE_1.13.1/STM32CubeIDE/plugins/com.st.stm32cube.ide.mcu.externaltools.gnu-tools-for-stm32.11.3.rel1.win32_1.1.0.202305231506/tools/bin/../lib/gcc/arm-none-eabi/11.3.1/../../../../arm-none-eabi/lib/thumb/v7e-m+dp/hard\libc_nano.a(libc_a-mprec.o)
                0x000000000800b414                __multadd
 .text.__hi0bits
                0x000000000800b4a0       0x40 C:/ST/STM32CubeIDE_1.13.1/STM32CubeIDE/plugins/com.st.stm32cube.ide.mcu.externaltools.gnu-tools-for-stm32.11.3.rel1.win32_1.1.0.202305231506/tools/bin/../lib/gcc/arm-none-eabi/11.3.1/../../../../arm-none-eabi/lib/thumb/v7e-m+dp/hard\libc_nano.a(libc_a-mprec.o)
                0x000000000800b4a0                __hi0bits
 .text.__lo0bits
                0x000000000800b4e0       0x5a C:/ST/STM32CubeIDE_1.13.1/STM32CubeIDE/plugins/com.st.stm32cube.ide.mcu.externaltools.gnu-tools-for-stm32.11.3.rel1.win32_1.1.0.202305231506/tools/bin/../lib/gcc/arm-none-eabi/11.3.1/../../../../arm-none-eabi/lib/thumb/v7e-m+dp/hard\libc_nano.a(libc_a-mprec.o)
                0x000000000800b4e0                __lo0bits
 *fill*         0x000000000800b53a        0x2 
 .text.__i2b    0x000000000800b53c       0x2c C:/ST/STM32CubeIDE_1.13.1/STM32CubeIDE/plugins/com.st.stm32cube.ide.mcu.externaltools.gnu-tools-for-stm32.11.3.rel1.win32_1.1.0.202305231506/tools/bin/../lib/gcc/arm-none-eabi/11.3.1/../../../../arm-none-eabi/lib/thumb/v7e-m+dp/hard\libc_nano.a(libc_a-mprec.o)
                0x000000000800b53c                __i2b
 .text.__multiply
                0x000000000800b568      0x154 C:/ST/STM32CubeIDE_1.13.1/STM32CubeIDE/plugins/com.st.stm32cube.ide.mcu.externaltools.gnu-tools-for-stm32.11.3.rel1.win32_1.1.0.202305231506/tools/bin/../lib/gcc/arm-none-eabi/11.3.1/../../../../arm-none-eabi/lib/thumb/v7e-m+dp/hard\libc_nano.a(libc_a-mprec.o)
                0x000000000800b568                __multiply
 .text.__pow5mult
                0x000000000800b6bc       0xb4 C:/ST/STM32CubeIDE_1.13.1/STM32CubeIDE/plugins/com.st.stm32cube.ide.mcu.externaltools.gnu-tools-for-stm32.11.3.rel1.win32_1.1.0.202305231506/tools/bin/../lib/gcc/arm-none-eabi/11.3.1/../../../../arm-none-eabi/lib/thumb/v7e-m+dp/hard\libc_nano.a(libc_a-mprec.o)
                0x000000000800b6bc                __pow5mult
 .text.__lshift
                0x000000000800b770       0xd8 C:/ST/STM32CubeIDE_1.13.1/STM32CubeIDE/plugins/com.st.stm32cube.ide.mcu.externaltools.gnu-tools-for-stm32.11.3.rel1.win32_1.1.0.202305231506/tools/bin/../lib/gcc/arm-none-eabi/11.3.1/../../../../arm-none-eabi/lib/thumb/v7e-m+dp/hard\libc_nano.a(libc_a-mprec.o)
                0x000000000800b770                __lshift
 .text.__mcmp   0x000000000800b848       0x38 C:/ST/STM32CubeIDE_1.13.1/STM32CubeIDE/plugins/com.st.stm32cube.ide.mcu.externaltools.gnu-tools-for-stm32.11.3.rel1.win32_1.1.0.202305231506/tools/bin/../lib/gcc/arm-none-eabi/11.3.1/../../../../arm-none-eabi/lib/thumb/v7e-m+dp/hard\libc_nano.a(libc_a-mprec.o)
                0x000000000800b848                __mcmp
 .text.__mdiff  0x000000000800b880      0x114 C:/ST/STM32CubeIDE_1.13.1/STM32CubeIDE/plugins/com.st.stm32cube.ide.mcu.externaltools.gnu-tools-for-stm32.11.3.rel1.win32_1.1.0.202305231506/tools/bin/../lib/gcc/arm-none-eabi/11.3.1/../../../../arm-none-eabi/lib/thumb/v7e-m+dp/hard\libc_nano.a(libc_a-mprec.o)
                0x000000000800b880                __mdiff
 .text.__d2b    0x000000000800b994       0xb4 C:/ST/STM32CubeIDE_1.13.1/STM32CubeIDE/plugins/com.st.stm32cube.ide.mcu.externaltools.gnu-tools-for-stm32.11.3.rel1.win32_1.1.0.202305231506/tools/bin/../lib/gcc/arm-none-eabi/11.3.1/../../../../arm-none-eabi/lib/thumb/v7e-m+dp/hard\libc_nano.a(libc_a-mprec.o)
                0x000000000800b994                __d2b
 .text.__sflush_r
                0x000000000800ba48      0x10c C:/ST/STM32CubeIDE_1.13.1/STM32CubeIDE/plugins/com.st.stm32cube.ide.mcu.externaltools.gnu-tools-for-stm32.11.3.rel1.win32_1.1.0.202305231506/tools/bin/../lib/gcc/arm-none-eabi/11.3.1/../../../../arm-none-eabi/lib/thumb/v7e-m+dp/hard\libc_nano.a(libc_a-fflush.o)
                0x000000000800ba48                __sflush_r
 .text._fflush_r
                0x000000000800bb54       0x50 C:/ST/STM32CubeIDE_1.13.1/STM32CubeIDE/plugins/com.st.stm32cube.ide.mcu.externaltools.gnu-tools-for-stm32.11.3.rel1.win32_1.1.0.202305231506/tools/bin/../lib/gcc/arm-none-eabi/11.3.1/../../../../arm-none-eabi/lib/thumb/v7e-m+dp/hard\libc_nano.a(libc_a-fflush.o)
                0x000000000800bb54                _fflush_r
 .text.__assert_func
                0x000000000800bba4       0x3c C:/ST/STM32CubeIDE_1.13.1/STM32CubeIDE/plugins/com.st.stm32cube.ide.mcu.externaltools.gnu-tools-for-stm32.11.3.rel1.win32_1.1.0.202305231506/tools/bin/../lib/gcc/arm-none-eabi/11.3.1/../../../../arm-none-eabi/lib/thumb/v7e-m+dp/hard\libc_nano.a(libc_a-assert.o)
                0x000000000800bba4                __assert_func
 .text._calloc_r
                0x000000000800bbe0       0x2c C:/ST/STM32CubeIDE_1.13.1/STM32CubeIDE/plugins/com.st.stm32cube.ide.mcu.externaltools.gnu-tools-for-stm32.11.3.rel1.win32_1.1.0.202305231506/tools/bin/../lib/gcc/arm-none-eabi/11.3.1/../../../../arm-none-eabi/lib/thumb/v7e-m+dp/hard\libc_nano.a(libc_a-callocr.o)
                0x000000000800bbe0                _calloc_r
 .text.__ascii_mbtowc
                0x000000000800bc0c       0x24 C:/ST/STM32CubeIDE_1.13.1/STM32CubeIDE/plugins/com.st.stm32cube.ide.mcu.externaltools.gnu-tools-for-stm32.11.3.rel1.win32_1.1.0.202305231506/tools/bin/../lib/gcc/arm-none-eabi/11.3.1/../../../../arm-none-eabi/lib/thumb/v7e-m+dp/hard\libc_nano.a(libc_a-mbtowc_r.o)
                0x000000000800bc0c                __ascii_mbtowc
 .text.__ascii_wctomb
                0x000000000800bc30       0x1a C:/ST/STM32CubeIDE_1.13.1/STM32CubeIDE/plugins/com.st.stm32cube.ide.mcu.externaltools.gnu-tools-for-stm32.11.3.rel1.win32_1.1.0.202305231506/tools/bin/../lib/gcc/arm-none-eabi/11.3.1/../../../../arm-none-eabi/lib/thumb/v7e-m+dp/hard\libc_nano.a(libc_a-wctomb_r.o)
                0x000000000800bc30                __ascii_wctomb
 *fill*         0x000000000800bc4a        0x2 
 .text.fprintf  0x000000000800bc4c       0x24 C:/ST/STM32CubeIDE_1.13.1/STM32CubeIDE/plugins/com.st.stm32cube.ide.mcu.externaltools.gnu-tools-for-stm32.11.3.rel1.win32_1.1.0.202305231506/tools/bin/../lib/gcc/arm-none-eabi/11.3.1/../../../../arm-none-eabi/lib/thumb/v7e-m+dp/hard\libc_nano.a(libc_a-fprintf.o)
                0x000000000800bc4c                fiprintf
                0x000000000800bc4c                fprintf
 .text.abort    0x000000000800bc70        0xe C:/ST/STM32CubeIDE_1.13.1/STM32CubeIDE/plugins/com.st.stm32cube.ide.mcu.externaltools.gnu-tools-for-stm32.11.3.rel1.win32_1.1.0.202305231506/tools/bin/../lib/gcc/arm-none-eabi/11.3.1/../../../../arm-none-eabi/lib/thumb/v7e-m+dp/hard\libc_nano.a(libc_a-abort.o)
                0x000000000800bc70                abort
 .text.__sfputc_r
                0x000000000800bc7e       0x2e C:/ST/STM32CubeIDE_1.13.1/STM32CubeIDE/plugins/com.st.stm32cube.ide.mcu.externaltools.gnu-tools-for-stm32.11.3.rel1.win32_1.1.0.202305231506/tools/bin/../lib/gcc/arm-none-eabi/11.3.1/../../../../arm-none-eabi/lib/thumb/v7e-m+dp/hard\libc_nano.a(libc_a-nano-vfprintf.o)
 .text.__sfputs_r
                0x000000000800bcac       0x24 C:/ST/STM32CubeIDE_1.13.1/STM32CubeIDE/plugins/com.st.stm32cube.ide.mcu.externaltools.gnu-tools-for-stm32.11.3.rel1.win32_1.1.0.202305231506/tools/bin/../lib/gcc/arm-none-eabi/11.3.1/../../../../arm-none-eabi/lib/thumb/v7e-m+dp/hard\libc_nano.a(libc_a-nano-vfprintf.o)
                0x000000000800bcac                __sfputs_r
 .text._vfprintf_r
                0x000000000800bcd0      0x234 C:/ST/STM32CubeIDE_1.13.1/STM32CubeIDE/plugins/com.st.stm32cube.ide.mcu.externaltools.gnu-tools-for-stm32.11.3.rel1.win32_1.1.0.202305231506/tools/bin/../lib/gcc/arm-none-eabi/11.3.1/../../../../arm-none-eabi/lib/thumb/v7e-m+dp/hard\libc_nano.a(libc_a-nano-vfprintf.o)
                0x000000000800bcd0                _vfprintf_r
                0x000000000800bcd0                _vfiprintf_r
 .text.__swbuf_r
                0x000000000800bf04       0x7a C:/ST/STM32CubeIDE_1.13.1/STM32CubeIDE/plugins/com.st.stm32cube.ide.mcu.externaltools.gnu-tools-for-stm32.11.3.rel1.win32_1.1.0.202305231506/tools/bin/../lib/gcc/arm-none-eabi/11.3.1/../../../../arm-none-eabi/lib/thumb/v7e-m+dp/hard\libc_nano.a(libc_a-wbuf.o)
                0x000000000800bf04                __swbuf_r
 *fill*         0x000000000800bf7e        0x2 
 .text.__swsetup_r
                0x000000000800bf80       0xb0 C:/ST/STM32CubeIDE_1.13.1/STM32CubeIDE/plugins/com.st.stm32cube.ide.mcu.externaltools.gnu-tools-for-stm32.11.3.rel1.win32_1.1.0.202305231506/tools/bin/../lib/gcc/arm-none-eabi/11.3.1/../../../../arm-none-eabi/lib/thumb/v7e-m+dp/hard\libc_nano.a(libc_a-wsetup.o)
                0x000000000800bf80                __swsetup_r
 .text._raise_r
                0x000000000800c030       0x50 C:/ST/STM32CubeIDE_1.13.1/STM32CubeIDE/plugins/com.st.stm32cube.ide.mcu.externaltools.gnu-tools-for-stm32.11.3.rel1.win32_1.1.0.202305231506/tools/bin/../lib/gcc/arm-none-eabi/11.3.1/../../../../arm-none-eabi/lib/thumb/v7e-m+dp/hard\libc_nano.a(libc_a-signal.o)
                0x000000000800c030                _raise_r
 .text.raise    0x000000000800c080       0x10 C:/ST/STM32CubeIDE_1.13.1/STM32CubeIDE/plugins/com.st.stm32cube.ide.mcu.externaltools.gnu-tools-for-stm32.11.3.rel1.win32_1.1.0.202305231506/tools/bin/../lib/gcc/arm-none-eabi/11.3.1/../../../../arm-none-eabi/lib/thumb/v7e-m+dp/hard\libc_nano.a(libc_a-signal.o)
                0x000000000800c080                raise
 .text._kill_r  0x000000000800c090       0x24 C:/ST/STM32CubeIDE_1.13.1/STM32CubeIDE/plugins/com.st.stm32cube.ide.mcu.externaltools.gnu-tools-for-stm32.11.3.rel1.win32_1.1.0.202305231506/tools/bin/../lib/gcc/arm-none-eabi/11.3.1/../../../../arm-none-eabi/lib/thumb/v7e-m+dp/hard\libc_nano.a(libc_a-signalr.o)
                0x000000000800c090                _kill_r
 .text._getpid_r
                0x000000000800c0b4        0x4 C:/ST/STM32CubeIDE_1.13.1/STM32CubeIDE/plugins/com.st.stm32cube.ide.mcu.externaltools.gnu-tools-for-stm32.11.3.rel1.win32_1.1.0.202305231506/tools/bin/../lib/gcc/arm-none-eabi/11.3.1/../../../../arm-none-eabi/lib/thumb/v7e-m+dp/hard\libc_nano.a(libc_a-signalr.o)
                0x000000000800c0b4                _getpid_r
 .text.__swhatbuf_r
                0x000000000800c0b8       0x4c C:/ST/STM32CubeIDE_1.13.1/STM32CubeIDE/plugins/com.st.stm32cube.ide.mcu.externaltools.gnu-tools-for-stm32.11.3.rel1.win32_1.1.0.202305231506/tools/bin/../lib/gcc/arm-none-eabi/11.3.1/../../../../arm-none-eabi/lib/thumb/v7e-m+dp/hard\libc_nano.a(libc_a-makebuf.o)
                0x000000000800c0b8                __swhatbuf_r
 .text.__smakebuf_r
                0x000000000800c104       0x78 C:/ST/STM32CubeIDE_1.13.1/STM32CubeIDE/plugins/com.st.stm32cube.ide.mcu.externaltools.gnu-tools-for-stm32.11.3.rel1.win32_1.1.0.202305231506/tools/bin/../lib/gcc/arm-none-eabi/11.3.1/../../../../arm-none-eabi/lib/thumb/v7e-m+dp/hard\libc_nano.a(libc_a-makebuf.o)
                0x000000000800c104                __smakebuf_r
 .text._fstat_r
                0x000000000800c17c       0x24 C:/ST/STM32CubeIDE_1.13.1/STM32CubeIDE/plugins/com.st.stm32cube.ide.mcu.externaltools.gnu-tools-for-stm32.11.3.rel1.win32_1.1.0.202305231506/tools/bin/../lib/gcc/arm-none-eabi/11.3.1/../../../../arm-none-eabi/lib/thumb/v7e-m+dp/hard\libc_nano.a(libc_a-fstatr.o)
                0x000000000800c17c                _fstat_r
 .text._isatty_r
                0x000000000800c1a0       0x20 C:/ST/STM32CubeIDE_1.13.1/STM32CubeIDE/plugins/com.st.stm32cube.ide.mcu.externaltools.gnu-tools-for-stm32.11.3.rel1.win32_1.1.0.202305231506/tools/bin/../lib/gcc/arm-none-eabi/11.3.1/../../../../arm-none-eabi/lib/thumb/v7e-m+dp/hard\libc_nano.a(libc_a-isattyr.o)
                0x000000000800c1a0                _isatty_r
 .text.expf     0x000000000800c1c0       0xe8 C:/ST/STM32CubeIDE_1.13.1/STM32CubeIDE/plugins/com.st.stm32cube.ide.mcu.externaltools.gnu-tools-for-stm32.11.3.rel1.win32_1.1.0.202305231506/tools/bin/../lib/gcc/arm-none-eabi/11.3.1/../../../../arm-none-eabi/lib/thumb/v7e-m+dp/hard\libm.a(libm_a-sf_exp.o)
                0x000000000800c1c0                expf
 .text.with_errnof
                0x000000000800c2a8       0x16 C:/ST/STM32CubeIDE_1.13.1/STM32CubeIDE/plugins/com.st.stm32cube.ide.mcu.externaltools.gnu-tools-for-stm32.11.3.rel1.win32_1.1.0.202305231506/tools/bin/../lib/gcc/arm-none-eabi/11.3.1/../../../../arm-none-eabi/lib/thumb/v7e-m+dp/hard\libm.a(libm_a-math_errf.o)
 .text.xflowf   0x000000000800c2be       0x16 C:/ST/STM32CubeIDE_1.13.1/STM32CubeIDE/plugins/com.st.stm32cube.ide.mcu.externaltools.gnu-tools-for-stm32.11.3.rel1.win32_1.1.0.202305231506/tools/bin/../lib/gcc/arm-none-eabi/11.3.1/../../../../arm-none-eabi/lib/thumb/v7e-m+dp/hard\libm.a(libm_a-math_errf.o)
 .text.__math_uflowf
                0x000000000800c2d4        0xc C:/ST/STM32CubeIDE_1.13.1/STM32CubeIDE/plugins/com.st.stm32cube.ide.mcu.externaltools.gnu-tools-for-stm32.11.3.rel1.win32_1.1.0.202305231506/tools/bin/../lib/gcc/arm-none-eabi/11.3.1/../../../../arm-none-eabi/lib/thumb/v7e-m+dp/hard\libm.a(libm_a-math_errf.o)
                0x000000000800c2d4                __math_uflowf
 .text.__math_may_uflowf
                0x000000000800c2e0        0xc C:/ST/STM32CubeIDE_1.13.1/STM32CubeIDE/plugins/com.st.stm32cube.ide.mcu.externaltools.gnu-tools-for-stm32.11.3.rel1.win32_1.1.0.202305231506/tools/bin/../lib/gcc/arm-none-eabi/11.3.1/../../../../arm-none-eabi/lib/thumb/v7e-m+dp/hard\libm.a(libm_a-math_errf.o)
                0x000000000800c2e0                __math_may_uflowf
 .text.__math_oflowf
                0x000000000800c2ec        0xc C:/ST/STM32CubeIDE_1.13.1/STM32CubeIDE/plugins/com.st.stm32cube.ide.mcu.externaltools.gnu-tools-for-stm32.11.3.rel1.win32_1.1.0.202305231506/tools/bin/../lib/gcc/arm-none-eabi/11.3.1/../../../../arm-none-eabi/lib/thumb/v7e-m+dp/hard\libm.a(libm_a-math_errf.o)
                0x000000000800c2ec                __math_oflowf
 .text._close   0x000000000800c2f8       0x10 C:/ST/STM32CubeIDE_1.13.1/STM32CubeIDE/plugins/com.st.stm32cube.ide.mcu.externaltools.gnu-tools-for-stm32.11.3.rel1.win32_1.1.0.202305231506/tools/bin/../lib/gcc/arm-none-eabi/11.3.1/../../../../arm-none-eabi/lib/thumb/v7e-m+dp/hard\libnosys.a(close.o)
                0x000000000800c2f8                _close
 .text._fstat   0x000000000800c308       0x10 C:/ST/STM32CubeIDE_1.13.1/STM32CubeIDE/plugins/com.st.stm32cube.ide.mcu.externaltools.gnu-tools-for-stm32.11.3.rel1.win32_1.1.0.202305231506/tools/bin/../lib/gcc/arm-none-eabi/11.3.1/../../../../arm-none-eabi/lib/thumb/v7e-m+dp/hard\libnosys.a(fstat.o)
                0x000000000800c308                _fstat
 .text._getpid  0x000000000800c318       0x10 C:/ST/STM32CubeIDE_1.13.1/STM32CubeIDE/plugins/com.st.stm32cube.ide.mcu.externaltools.gnu-tools-for-stm32.11.3.rel1.win32_1.1.0.202305231506/tools/bin/../lib/gcc/arm-none-eabi/11.3.1/../../../../arm-none-eabi/lib/thumb/v7e-m+dp/hard\libnosys.a(getpid.o)
                0x000000000800c318                _getpid
 .text._isatty  0x000000000800c328       0x10 C:/ST/STM32CubeIDE_1.13.1/STM32CubeIDE/plugins/com.st.stm32cube.ide.mcu.externaltools.gnu-tools-for-stm32.11.3.rel1.win32_1.1.0.202305231506/tools/bin/../lib/gcc/arm-none-eabi/11.3.1/../../../../arm-none-eabi/lib/thumb/v7e-m+dp/hard\libnosys.a(isatty.o)
                0x000000000800c328                _isatty
 .text._kill    0x000000000800c338       0x10 C:/ST/STM32CubeIDE_1.13.1/STM32CubeIDE/plugins/com.st.stm32cube.ide.mcu.externaltools.gnu-tools-for-stm32.11.3.rel1.win32_1.1.0.202305231506/tools/bin/../lib/gcc/arm-none-eabi/11.3.1/../../../../arm-none-eabi/lib/thumb/v7e-m+dp/hard\libnosys.a(kill.o)
                0x000000000800c338                _kill
 .text._lseek   0x000000000800c348       0x10 C:/ST/STM32CubeIDE_1.13.1/STM32CubeIDE/plugins/com.st.stm32cube.ide.mcu.externaltools.gnu-tools-for-stm32.11.3.rel1.win32_1.1.0.202305231506/tools/bin/../lib/gcc/arm-none-eabi/11.3.1/../../../../arm-none-eabi/lib/thumb/v7e-m+dp/hard\libnosys.a(lseek.o)
                0x000000000800c348                _lseek
 .text._read    0x000000000800c358       0x10 C:/ST/STM32CubeIDE_1.13.1/STM32CubeIDE/plugins/com.st.stm32cube.ide.mcu.externaltools.gnu-tools-for-stm32.11.3.rel1.win32_1.1.0.202305231506/tools/bin/../lib/gcc/arm-none-eabi/11.3.1/../../../../arm-none-eabi/lib/thumb/v7e-m+dp/hard\libnosys.a(read.o)
                0x000000000800c358                _read
 .text._exit    0x000000000800c368        0x2 C:/ST/STM32CubeIDE_1.13.1/STM32CubeIDE/plugins/com.st.stm32cube.ide.mcu.externaltools.gnu-tools-for-stm32.11.3.rel1.win32_1.1.0.202305231506/tools/bin/../lib/gcc/arm-none-eabi/11.3.1/../../../../arm-none-eabi/lib/thumb/v7e-m+dp/hard\libnosys.a(_exit.o)
                0x000000000800c368                _exit
 *(.glue_7)
 .glue_7        0x000000000800c36a        0x0 linker stubs
 *(.glue_7t)
 .glue_7t       0x000000000800c36a        0x0 linker stubs
 *(.eh_frame)
 *fill*         0x000000000800c36a        0x2 
 .eh_frame      0x000000000800c36c        0x0 C:/ST/STM32CubeIDE_1.13.1/STM32CubeIDE/plugins/com.st.stm32cube.ide.mcu.externaltools.gnu-tools-for-stm32.11.3.rel1.win32_1.1.0.202305231506/tools/bin/../lib/gcc/arm-none-eabi/11.3.1/thumb/v7e-m+dp/hard/crtbegin.o
 *(.init)
 .init          0x000000000800c36c        0x4 C:/ST/STM32CubeIDE_1.13.1/STM32CubeIDE/plugins/com.st.stm32cube.ide.mcu.externaltools.gnu-tools-for-stm32.11.3.rel1.win32_1.1.0.202305231506/tools/bin/../lib/gcc/arm-none-eabi/11.3.1/thumb/v7e-m+dp/hard/crti.o
                0x000000000800c36c                _init
 .init          0x000000000800c370        0x8 C:/ST/STM32CubeIDE_1.13.1/STM32CubeIDE/plugins/com.st.stm32cube.ide.mcu.externaltools.gnu-tools-for-stm32.11.3.rel1.win32_1.1.0.202305231506/tools/bin/../lib/gcc/arm-none-eabi/11.3.1/thumb/v7e-m+dp/hard/crtn.o
 *(.fini)
 .fini          0x000000000800c378        0x4 C:/ST/STM32CubeIDE_1.13.1/STM32CubeIDE/plugins/com.st.stm32cube.ide.mcu.externaltools.gnu-tools-for-stm32.11.3.rel1.win32_1.1.0.202305231506/tools/bin/../lib/gcc/arm-none-eabi/11.3.1/thumb/v7e-m+dp/hard/crti.o
                0x000000000800c378                _fini
 .fini          0x000000000800c37c        0x8 C:/ST/STM32CubeIDE_1.13.1/STM32CubeIDE/plugins/com.st.stm32cube.ide.mcu.externaltools.gnu-tools-for-stm32.11.3.rel1.win32_1.1.0.202305231506/tools/bin/../lib/gcc/arm-none-eabi/11.3.1/thumb/v7e-m+dp/hard/crtn.o
                0x000000000800c384                . = ALIGN (0x4)
                0x000000000800c384                _etext = .

.vfp11_veneer   0x000000000800c384        0x0
 .vfp11_veneer  0x000000000800c384        0x0 linker stubs

.v4_bx          0x000000000800c384        0x0
 .v4_bx         0x000000000800c384        0x0 linker stubs

.iplt           0x000000000800c384        0x0
 .iplt          0x000000000800c384        0x0 C:/ST/STM32CubeIDE_1.13.1/STM32CubeIDE/plugins/com.st.stm32cube.ide.mcu.externaltools.gnu-tools-for-stm32.11.3.rel1.win32_1.1.0.202305231506/tools/bin/../lib/gcc/arm-none-eabi/11.3.1/thumb/v7e-m+dp/hard/crtbegin.o

.rodata         0x000000000800c3a0     0x56e0
                0x000000000800c3a0                . = ALIGN (0x4)
 *(.rodata)
 .rodata        0x000000000800c3a0      0x274 ./X-CUBE-AI/App/aiTestHelper.o
 .rodata        0x000000000800c614      0x1df ./X-CUBE-AI/App/aiTestUtility.o
 .rodata        0x000000000800c7f3      0x2f6 ./X-CUBE-AI/App/aiValidation.o
 *fill*         0x000000000800cae9        0x3 
 .rodata        0x000000000800caec       0x10 ./X-CUBE-AI/App/myrnn_data.o
 .rodata        0x000000000800cafc       0x10 ../Middlewares/ST/AI/Lib\NetworkRuntime810_CM7_GCC.a(ai_platform_interface.o)
 *(.rodata*)
 .rodata.AHBPrescTable
                0x000000000800cb0c       0x10 ./Core/Src/system_stm32f7xx.o
                0x000000000800cb0c                AHBPrescTable
 .rodata.APBPrescTable
                0x000000000800cb1c        0x8 ./Core/Src/system_stm32f7xx.o
                0x000000000800cb1c                APBPrescTable
 .rodata.CSWTCH.54
                0x000000000800cb24        0x3 ./Drivers/STM32F7xx_HAL_Driver/Src/stm32f7xx_hal_uart.o
 .rodata.CSWTCH.55
                0x000000000800cb27        0xd ./Drivers/STM32F7xx_HAL_Driver/Src/stm32f7xx_hal_uart.o
 .rodata.aiPbStrCopy.str1.1
                0x000000000800cb34        0xa ./X-CUBE-AI/App/aiPbMgr.o
 *fill*         0x000000000800cb3e        0x2 
 .rodata.CSWTCH.15
                0x000000000800cb40       0x28 ./X-CUBE-AI/App/aiTestUtility.o
 .rodata.ai_mnetwork_is_valid.constprop.0.str1.1
                0x000000000800cb68        0x6 ./X-CUBE-AI/App/app_x-cube-ai.o
 *fill*         0x000000000800cb6e        0x2 
 .rodata.networks
                0x000000000800cb70       0x2c ./X-CUBE-AI/App/app_x-cube-ai.o
 .rodata.vlc_print.str1.1
                0x000000000800cb9c        0x7 ./X-CUBE-AI/App/lc_print.o
 .rodata.ai_myrnn_get_info.str1.1
                0x000000000800cba3       0x4f ./X-CUBE-AI/App/myrnn.o
                                         0x56 (size before relaxing)
 *fill*         0x000000000800cbf2        0x2 
 .rodata.dense_chain
                0x000000000800cbf4        0x8 ./X-CUBE-AI/App/myrnn.o
 .rodata.dense_dense_chain
                0x000000000800cbfc        0x8 ./X-CUBE-AI/App/myrnn.o
 .rodata.simple_rnn_chain
                0x000000000800cc04        0x8 ./X-CUBE-AI/App/myrnn.o
 *fill*         0x000000000800cc0c       0x14 
 .rodata.s_myrnn_weights_array_u64
                0x000000000800cc20     0x4308 ./X-CUBE-AI/App/myrnn_data_params.o
                0x000000000800cc20                s_myrnn_weights_array_u64
 .rodata.pb_readbyte.str1.1