Archive member included to satisfy reference by file (symbol)

../Middlewares/ST/AI/Lib\NetworkRuntime810_CM7_GCC.a(ai_platform.o)
                              ./X-CUBE-AI/App/aiSystemPerformance.o (ai_buffer_get_size)
../Middlewares/ST/AI/Lib\NetworkRuntime810_CM7_GCC.a(ai_platform_interface.o)
                              ./X-CUBE-AI/App/myrnn.o (ai_platform_get_weights_map)
../Middlewares/ST/AI/Lib\NetworkRuntime810_CM7_GCC.a(core_common.o)
                              ../Middlewares/ST/AI/Lib\NetworkRuntime810_CM7_GCC.a(ai_platform_interface.o) (core_init)
../Middlewares/ST/AI/Lib\NetworkRuntime810_CM7_GCC.a(core_mem_manager.o)
                              ../Middlewares/ST/AI/Lib\NetworkRuntime810_CM7_GCC.a(ai_platform_interface.o) (core_mem_alloc)
../Middlewares/ST/AI/Lib\NetworkRuntime810_CM7_GCC.a(layers.o)
                              ../Middlewares/ST/AI/Lib\NetworkRuntime810_CM7_GCC.a(ai_platform_interface.o) (ai_check_custom_types)
../Middlewares/ST/AI/Lib\NetworkRuntime810_CM7_GCC.a(layers_conv2d_generic_float.o)
                              ./X-CUBE-AI/App/myrnn.o (forward_dense)
../Middlewares/ST/AI/Lib\NetworkRuntime810_CM7_GCC.a(layers_conv2d_stm32_integer.o)
                              ../Middlewares/ST/AI/Lib\NetworkRuntime810_CM7_GCC.a(layers.o) (get_conv2d_scratch_size)
../Middlewares/ST/AI/Lib\NetworkRuntime810_CM7_GCC.a(layers_nl_generic_float.o)
                              ./X-CUBE-AI/App/myrnn.o (forward_sigmoid)
../Middlewares/ST/AI/Lib\NetworkRuntime810_CM7_GCC.a(layers_rnn_generic_float.o)
                              ./X-CUBE-AI/App/myrnn.o (forward_rnn)
../Middlewares/ST/AI/Lib\NetworkRuntime810_CM7_GCC.a(forward_lite_conv2d_if32of32wf32.o)
                              ../Middlewares/ST/AI/Lib\NetworkRuntime810_CM7_GCC.a(layers_conv2d_generic_float.o) (forward_lite_conv2d_if32of32wf32)
../Middlewares/ST/AI/Lib\NetworkRuntime810_CM7_GCC.a(lite_dense_if32.o)
                              ../Middlewares/ST/AI/Lib\NetworkRuntime810_CM7_GCC.a(layers_conv2d_generic_float.o) (forward_lite_dense_if32of32wf32)
../Middlewares/ST/AI/Lib\NetworkRuntime810_CM7_GCC.a(st_convolve_reference.o)
                              ../Middlewares/ST/AI/Lib\NetworkRuntime810_CM7_GCC.a(layers_conv2d_stm32_integer.o) (align_factor)
../Middlewares/ST/AI/Lib\NetworkRuntime810_CM7_GCC.a(st_sssa8_ch_convolve.o)
                              ../Middlewares/ST/AI/Lib\NetworkRuntime810_CM7_GCC.a(layers_conv2d_stm32_integer.o) (st_sssa8_ch_convolve_rank1upd)
../Middlewares/ST/AI/Lib\NetworkRuntime810_CM7_GCC.a(st_sssa8_convolve.o)
                              ../Middlewares/ST/AI/Lib\NetworkRuntime810_CM7_GCC.a(layers_conv2d_stm32_integer.o) (st_sssa8_convolve_rank1upd)
../Middlewares/ST/AI/Lib\NetworkRuntime810_CM7_GCC.a(st_sssa8_convolve_1x1.o)
                              ../Middlewares/ST/AI/Lib\NetworkRuntime810_CM7_GCC.a(layers_conv2d_stm32_integer.o) (st_sssa8_convolve_1x1_WeightsPrefetch)
../Middlewares/ST/AI/Lib\NetworkRuntime810_CM7_GCC.a(st_sssa8_convolve_dw.o)
                              ../Middlewares/ST/AI/Lib\NetworkRuntime810_CM7_GCC.a(layers_conv2d_stm32_integer.o) (st_sssa8_conv_dw_Wadapt)
../Middlewares/ST/AI/Lib\NetworkRuntime810_CM7_GCC.a(st_sssa8_convolve_rgb.o)
                              ../Middlewares/ST/AI/Lib\NetworkRuntime810_CM7_GCC.a(layers_conv2d_stm32_integer.o) (st_sssa8_convolve_rgb)
../Middlewares/ST/AI/Lib\NetworkRuntime810_CM7_GCC.a(st_ssua8_ch_convolve.o)
                              ../Middlewares/ST/AI/Lib\NetworkRuntime810_CM7_GCC.a(layers_conv2d_stm32_integer.o) (st_ssua8_ch_convolve_rank1upd)
../Middlewares/ST/AI/Lib\NetworkRuntime810_CM7_GCC.a(st_ssua8_ch_convolve_1x1.o)
                              ../Middlewares/ST/AI/Lib\NetworkRuntime810_CM7_GCC.a(layers_conv2d_stm32_integer.o) (st_ssua8_ch_convolve_1x1)
../Middlewares/ST/AI/Lib\NetworkRuntime810_CM7_GCC.a(st_ssua8_ch_convolve_dw.o)
                              ../Middlewares/ST/AI/Lib\NetworkRuntime810_CM7_GCC.a(layers_conv2d_stm32_integer.o) (st_ssua8_ch_conv_dw_Wadapt)
../Middlewares/ST/AI/Lib\NetworkRuntime810_CM7_GCC.a(st_ssua8_ch_convolve_rgb.o)
                              ../Middlewares/ST/AI/Lib\NetworkRuntime810_CM7_GCC.a(layers_conv2d_stm32_integer.o) (st_ssua8_ch_convolve_rgb)
../Middlewares/ST/AI/Lib\NetworkRuntime810_CM7_GCC.a(st_ssua8_convolve.o)
                              ../Middlewares/ST/AI/Lib\NetworkRuntime810_CM7_GCC.a(layers_conv2d_stm32_integer.o) (st_ssua8_convolve_rank1upd)
../Middlewares/ST/AI/Lib\NetworkRuntime810_CM7_GCC.a(st_ssua8_convolve_1x1.o)
                              ../Middlewares/ST/AI/Lib\NetworkRuntime810_CM7_GCC.a(layers_conv2d_stm32_integer.o) (st_ssua8_convolve_1x1)
../Middlewares/ST/AI/Lib\NetworkRuntime810_CM7_GCC.a(st_ssua8_convolve_dw.o)
                              ../Middlewares/ST/AI/Lib\NetworkRuntime810_CM7_GCC.a(layers_conv2d_stm32_integer.o) (st_ssua8_conv_dw_Wadapt)
[...]
Memory Configuration

Name             Origin             Length             Attributes
RAM              0x0000000020000000 0x0000000000080000 xrw
FLASH            0x0000000008000000 0x0000000000200000 xr
*default*        0x0000000000000000 0xffffffffffffffff

Linker script and memory map

LOAD C:/ST/STM32CubeIDE_1.13.1/STM32CubeIDE/plugins/com.st.stm32cube.ide.mcu.externaltools.gnu-tools-for-stm32.11.3.rel1.win32_1.1.0.202305231506/tools/bin/../lib/gcc/arm-none-eabi/11.3.1/thumb/v7e-m+dp/hard/crti.o
LOAD C:/ST/STM32CubeIDE_1.13.1/STM32CubeIDE/plugins/com.st.stm32cube.ide.mcu.externaltools.gnu-tools-for-stm32.11.3.rel1.win32_1.1.0.202305231506/tools/bin/../lib/gcc/arm-none-eabi/11.3.1/thumb/v7e-m+dp/hard/crtbegin.o
LOAD C:/ST/STM32CubeIDE_1.13.1/STM32CubeIDE/plugins/com.st.stm32cube.ide.mcu.externaltools.gnu-tools-for-stm32.11.3.rel1.win32_1.1.0.202305231506/tools/bin/../lib/gcc/arm-none-eabi/11.3.1/../../../../arm-none-eabi/lib/thumb/v7e-m+dp/hard/crt0.o
LOAD ./Core/Src/main.o
LOAD ./Core/Src/stm32f7xx_hal_msp.o
LOAD ./Core/Src/stm32f7xx_it.o
LOAD ./Core/Src/sysmem.o
LOAD ./Core/Src/system_stm32f7xx.o
LOAD ./Core/Startup/startup_stm32f769nihx.o
LOAD ./Drivers/STM32F7xx_HAL_Driver/Src/stm32f7xx_hal.o
LOAD ./Drivers/STM32F7xx_HAL_Driver/Src/stm32f7xx_hal_cortex.o
LOAD ./Drivers/STM32F7xx_HAL_Driver/Src/stm32f7xx_hal_crc.o
LOAD ./Drivers/STM32F7xx_HAL_Driver/Src/stm32f7xx_hal_crc_ex.o
LOAD ./Drivers/STM32F7xx_HAL_Driver/Src/stm32f7xx_hal_dma.o
LOAD ./Drivers/STM32F7xx_HAL_Driver/Src/stm32f7xx_hal_dma_ex.o
LOAD ./Drivers/STM32F7xx_HAL_Driver/Src/stm32f7xx_hal_exti.o
LOAD ./Drivers/STM32F7xx_HAL_Driver/Src/stm32f7xx_hal_flash.o
LOAD ./Drivers/STM32F7xx_HAL_Driver/Src/stm32f7xx_hal_flash_ex.o
LOAD ./Drivers/STM32F7xx_HAL_Driver/Src/stm32f7xx_hal_gpio.o
LOAD ./Drivers/STM32F7xx_HAL_Driver/Src/stm32f7xx_hal_i2c.o
LOAD ./Drivers/STM32F7xx_HAL_Driver/Src/stm32f7xx_hal_i2c_ex.o
LOAD ./Drivers/STM32F7xx_HAL_Driver/Src/stm32f7xx_hal_pwr.o
LOAD ./Drivers/STM32F7xx_HAL_Driver/Src/stm32f7xx_hal_pwr_ex.o
LOAD ./Drivers/STM32F7xx_HAL_Driver/Src/stm32f7xx_hal_rcc.o
LOAD ./Drivers/STM32F7xx_HAL_Driver/Src/stm32f7xx_hal_rcc_ex.o
LOAD ./Drivers/STM32F7xx_HAL_Driver/Src/stm32f7xx_hal_tim.o
LOAD ./Drivers/STM32F7xx_HAL_Driver/Src/stm32f7xx_hal_tim_ex.o
LOAD ./Drivers/STM32F7xx_HAL_Driver/Src/stm32f7xx_hal_uart.o
LOAD ./Drivers/STM32F7xx_HAL_Driver/Src/stm32f7xx_hal_uart_ex.o
LOAD ./X-CUBE-AI/App/aiSystemPerformance.o
LOAD ./X-CUBE-AI/App/aiTestHelper.o
LOAD ./X-CUBE-AI/App/aiTestUtility.o
LOAD ./X-CUBE-AI/App/ai_device_adaptor.o
LOAD ./X-CUBE-AI/App/app_x-cube-ai.o
LOAD ./X-CUBE-AI/App/lc_print.o
LOAD ./X-CUBE-AI/App/myrnn.o
LOAD ./X-CUBE-AI/App/myrnn_data.o
LOAD ./X-CUBE-AI/App/myrnn_data_params.o
LOAD ./X-CUBE-AI/App/syscalls.o
LOAD ../Middlewares/ST/AI/Lib\NetworkRuntime810_CM7_GCC.a
START GROUP
LOAD C:/ST/STM32CubeIDE_1.13.1/STM32CubeIDE/plugins/com.st.stm32cube.ide.mcu.externaltools.gnu-tools-for-stm32.11.3.rel1.win32_1.1.0.202305231506/tools/bin/../lib/gcc/arm-none-eabi/11.3.1/../../../../arm-none-eabi/lib/thumb/v7e-m+dp/hard\libc_nano.a
LOAD C:/ST/STM32CubeIDE_1.13.1/STM32CubeIDE/plugins/com.st.stm32cube.ide.mcu.externaltools.gnu-tools-for-stm32.11.3.rel1.win32_1.1.0.202305231506/tools/bin/../lib/gcc/arm-none-eabi/11.3.1/../../../../arm-none-eabi/lib/thumb/v7e-m+dp/hard\libm.a
END GROUP
START GROUP
LOAD C:/ST/STM32CubeIDE_1.13.1/STM32CubeIDE/plugins/com.st.stm32cube.ide.mcu.externaltools.gnu-tools-for-stm32.11.3.rel1.win32_1.1.0.202305231506/tools/bin/../lib/gcc/arm-none-eabi/11.3.1/thumb/v7e-m+dp/hard\libgcc.a
LOAD C:/ST/STM32CubeIDE_1.13.1/STM32CubeIDE/plugins/com.st.stm32cube.ide.mcu.externaltools.gnu-tools-for-stm32.11.3.rel1.win32_1.1.0.202305231506/tools/bin/../lib/gcc/arm-none-eabi/11.3.1/../../../../arm-none-eabi/lib/thumb/v7e-m+dp/hard\libc_nano.a
END GROUP
START GROUP
LOAD C:/ST/STM32CubeIDE_1.13.1/STM32CubeIDE/plugins/com.st.stm32cube.ide.mcu.externaltools.gnu-tools-for-stm32.11.3.rel1.win32_1.1.0.202305231506/tools/bin/../lib/gcc/arm-none-eabi/11.3.1/thumb/v7e-m+dp/hard\libgcc.a
LOAD C:/ST/STM32CubeIDE_1.13.1/STM32CubeIDE/plugins/com.st.stm32cube.ide.mcu.externaltools.gnu-tools-for-stm32.11.3.rel1.win32_1.1.0.202305231506/tools/bin/../lib/gcc/arm-none-eabi/11.3.1/../../../../arm-none-eabi/lib/thumb/v7e-m+dp/hard\libc_nano.a
LOAD C:/ST/STM32CubeIDE_1.13.1/STM32CubeIDE/plugins/com.st.stm32cube.ide.mcu.externaltools.gnu-tools-for-stm32.11.3.rel1.win32_1.1.0.202305231506/tools/bin/../lib/gcc/arm-none-eabi/11.3.1/../../../../arm-none-eabi/lib/thumb/v7e-m+dp/hard\libnosys.a
END GROUP
START GROUP
LOAD C:/ST/STM32CubeIDE_1.13.1/STM32CubeIDE/plugins/com.st.stm32cube.ide.mcu.externaltools.gnu-tools-for-stm32.11.3.rel1.win32_1.1.0.202305231506/tools/bin/../lib/gcc/arm-none-eabi/11.3.1/thumb/v7e-m+dp/hard\libgcc.a
LOAD C:/ST/STM32CubeIDE_1.13.1/STM32CubeIDE/plugins/com.st.stm32cube.ide.mcu.externaltools.gnu-tools-for-stm32.11.3.rel1.win32_1.1.0.202305231506/tools/bin/../lib/gcc/arm-none-eabi/11.3.1/../../../../arm-none-eabi/lib/thumb/v7e-m+dp/hard\libc_nano.a
LOAD C:/ST/STM32CubeIDE_1.13.1/STM32CubeIDE/plugins/com.st.stm32cube.ide.mcu.externaltools.gnu-tools-for-stm32.11.3.rel1.win32_1.1.0.202305231506/tools/bin/../lib/gcc/arm-none-eabi/11.3.1/../../../../arm-none-eabi/lib/thumb/v7e-m+dp/hard\libnosys.a
END GROUP
LOAD C:/ST/STM32CubeIDE_1.13.1/STM32CubeIDE/plugins/com.st.stm32cube.ide.mcu.externaltools.gnu-tools-for-stm32.11.3.rel1.win32_1.1.0.202305231506/tools/bin/../lib/gcc/arm-none-eabi/11.3.1/thumb/v7e-m+dp/hard/crtend.o
LOAD C:/ST/STM32CubeIDE_1.13.1/STM32CubeIDE/plugins/com.st.stm32cube.ide.mcu.externaltools.gnu-tools-for-stm32.11.3.rel1.win32_1.1.0.202305231506/tools/bin/../lib/gcc/arm-none-eabi/11.3.1/thumb/v7e-m+dp/hard/crtn.o
                0x0000000020080000                _estack = (ORIGIN (RAM) + LENGTH (RAM))
                0x0000000000000800                _Min_Heap_Size = 0x800
                0x0000000000000800                _Min_Stack_Size = 0x800

.isr_vector     0x0000000008000000      0x1f8
                0x0000000008000000                . = ALIGN (0x4)
 *(.isr_vector)
 .isr_vector    0x0000000008000000      0x1f8 ./Core/Startup/startup_stm32f769nihx.o
                0x0000000008000000                g_pfnVectors
                0x00000000080001f8                . = ALIGN (0x4)

.text           0x0000000008000200     0xb06c
                0x0000000008000200                . = ALIGN (0x4)
 *(.text)
 .text          0x0000000008000200       0x40 C:/ST/STM32CubeIDE_1.13.1/STM32CubeIDE/plugins/com.st.stm32cube.ide.mcu.externaltools.gnu-tools-for-stm32.11.3.rel1.win32_1.1.0.202305231506/tools/bin/../lib/gcc/arm-none-eabi/11.3.1/thumb/v7e-m+dp/hard/crtbegin.o
 .text          0x0000000008000240       0xa0 C:/ST/STM32CubeIDE_1.13.1/STM32CubeIDE/plugins/com.st.stm32cube.ide.mcu.externaltools.gnu-tools-for-stm32.11.3.rel1.win32_1.1.0.202305231506/tools/bin/../lib/gcc/arm-none-eabi/11.3.1/../../../../arm-none-eabi/lib/thumb/v7e-m+dp/hard\libc_nano.a(libc_a-memchr.o)
                0x0000000008000240                memchr
 .text          0x00000000080002e0       0x10 C:/ST/STM32CubeIDE_1.13.1/STM32CubeIDE/plugins/com.st.stm32cube.ide.mcu.externaltools.gnu-tools-for-stm32.11.3.rel1.win32_1.1.0.202305231506/tools/bin/../lib/gcc/arm-none-eabi/11.3.1/../../../../arm-none-eabi/lib/thumb/v7e-m+dp/hard\libc_nano.a(libc_a-strlen.o)
                0x00000000080002e0                strlen
 .text          0x00000000080002f0      0x378 C:/ST/STM32CubeIDE_1.13.1/STM32CubeIDE/plugins/com.st.stm32cube.ide.mcu.externaltools.gnu-tools-for-stm32.11.3.rel1.win32_1.1.0.202305231506/tools/bin/../lib/gcc/arm-none-eabi/11.3.1/thumb/v7e-m+dp/hard\libgcc.a(_arm_addsubdf3.o)
                0x00000000080002f0                __aeabi_drsub
                0x00000000080002f8                __aeabi_dsub
                0x00000000080002f8                __subdf3
                0x00000000080002fc                __aeabi_dadd
                0x00000000080002fc                __adddf3
                0x0000000008000574                __floatunsidf
                0x0000000008000574                __aeabi_ui2d
                0x0000000008000594                __floatsidf
                0x0000000008000594                __aeabi_i2d
                0x00000000080005b8                __aeabi_f2d
                0x00000000080005b8                __extendsfdf2
                0x00000000080005fc                __floatundidf
                0x00000000080005fc                __aeabi_ul2d
                0x000000000800060c                __floatdidf
                0x000000000800060c                __aeabi_l2d
 .text          0x0000000008000668       0x30 C:/ST/STM32CubeIDE_1.13.1/STM32CubeIDE/plugins/com.st.stm32cube.ide.mcu.externaltools.gnu-tools-for-stm32.11.3.rel1.win32_1.1.0.202305231506/tools/bin/../lib/gcc/arm-none-eabi/11.3.1/thumb/v7e-m+dp/hard\libgcc.a(_aeabi_uldivmod.o)
                0x0000000008000668                __aeabi_uldivmod
 .text          0x0000000008000698       0x40 C:/ST/STM32CubeIDE_1.13.1/STM32CubeIDE/plugins/com.st.stm32cube.ide.mcu.externaltools.gnu-tools-for-stm32.11.3.rel1.win32_1.1.0.202305231506/tools/bin/../lib/gcc/arm-none-eabi/11.3.1/thumb/v7e-m+dp/hard\libgcc.a(_fixunsdfdi.o)
                0x0000000008000698                __fixunsdfdi
                0x0000000008000698                __aeabi_d2ulz
 .text          0x00000000080006d8      0x2c8 C:/ST/STM32CubeIDE_1.13.1/STM32CubeIDE/plugins/com.st.stm32cube.ide.mcu.externaltools.gnu-tools-for-stm32.11.3.rel1.win32_1.1.0.202305231506/tools/bin/../lib/gcc/arm-none-eabi/11.3.1/thumb/v7e-m+dp/hard\libgcc.a(_udivmoddi4.o)
                0x00000000080006d8                __udivmoddi4
 .text          0x00000000080009a0        0x4 C:/ST/STM32CubeIDE_1.13.1/STM32CubeIDE/plugins/com.st.stm32cube.ide.mcu.externaltools.gnu-tools-for-stm32.11.3.rel1.win32_1.1.0.202305231506/tools/bin/../lib/gcc/arm-none-eabi/11.3.1/thumb/v7e-m+dp/hard\libgcc.a(_dvmd_tls.o)
                0x00000000080009a0                __aeabi_idiv0
                0x00000000080009a0                __aeabi_ldiv0
 *(.text*)
 .text.SystemClock_Config
                0x00000000080009a4       0xac ./Core/Src/main.o
                0x00000000080009a4                SystemClock_Config
 .text.startup.main
                0x0000000008000a50      0x6e8 ./Core/Src/main.o
                0x0000000008000a50                main
 .text.Error_Handler
                0x0000000008001138        0x4 ./Core/Src/main.o
                0x0000000008001138                Error_Handler
 .text.HAL_MspInit
                0x000000000800113c       0x30 ./Core/Src/stm32f7xx_hal_msp.o
                0x000000000800113c                HAL_MspInit
 .text.HAL_CRC_MspInit
                0x000000000800116c       0x2c ./Core/Src/stm32f7xx_hal_msp.o
                0x000000000800116c                HAL_CRC_MspInit
 .text.HAL_UART_MspInit
                0x0000000008001198       0x88 ./Core/Src/stm32f7xx_hal_msp.o
                0x0000000008001198                HAL_UART_MspInit
 .text.NMI_Handler
                0x0000000008001220        0x2 ./Core/Src/stm32f7xx_it.o
                0x0000000008001220                NMI_Handler
 .text.HardFault_Handler
                0x0000000008001222        0x2 ./Core/Src/stm32f7xx_it.o
                0x0000000008001222                HardFault_Handler
 .text.MemManage_Handler
                0x0000000008001224        0x2 ./Core/Src/stm32f7xx_it.o
                0x0000000008001224                MemManage_Handler
 .text.BusFault_Handler
                0x0000000008001226        0x2 ./Core/Src/stm32f7xx_it.o
                0x0000000008001226                BusFault_Handler
 .text.UsageFault_Handler
                0x0000000008001228        0x2 ./Core/Src/stm32f7xx_it.o
                0x0000000008001228                UsageFault_Handler
 .text.SVC_Handler
                0x000000000800122a        0x2 ./Core/Src/stm32f7xx_it.o
                0x000000000800122a                SVC_Handler
 .text.DebugMon_Handler
                0x000000000800122c        0x2 ./Core/Src/stm32f7xx_it.o
                0x000000000800122c                DebugMon_Handler
 .text.PendSV_Handler
                0x000000000800122e        0x2 ./Core/Src/stm32f7xx_it.o
                0x000000000800122e                PendSV_Handler
 .text.SysTick_Handler
                0x0000000008001230        0x4 ./Core/Src/stm32f7xx_it.o
                0x0000000008001230                SysTick_Handler
 .text._sbrk    0x0000000008001234       0x40 ./Core/Src/sysmem.o
                0x0000000008001234                _sbrk
 .text.SystemInit
                0x0000000008001274       0x14 ./Core/Src/system_stm32f7xx.o
                0x0000000008001274                SystemInit
 .text.Reset_Handler
                0x0000000008001288       0x50 ./Core/Startup/startup_stm32f769nihx.o
                0x0000000008001288                Reset_Handler
 .text.Default_Handler
                0x00000000080012d8        0x2 ./Core/Startup/startup_stm32f769nihx.o
                0x00000000080012d8                RTC_Alarm_IRQHandler
                0x00000000080012d8                EXTI2_IRQHandler
                0x00000000080012d8                TIM8_CC_IRQHandler
                0x00000000080012d8                UART8_IRQHandler
                0x00000000080012d8                SPI4_IRQHandler
                0x00000000080012d8                TIM1_CC_IRQHandler
                0x00000000080012d8                DMA2_Stream5_IRQHandler
                0x00000000080012d8                JPEG_IRQHandler
                0x00000000080012d8                DMA1_Stream5_IRQHandler
                0x00000000080012d8                CAN3_RX1_IRQHandler
                0x00000000080012d8                PVD_IRQHandler
                0x00000000080012d8                TAMP_STAMP_IRQHandler
                0x00000000080012d8                CAN2_RX1_IRQHandler
                0x00000000080012d8                EXTI3_IRQHandler
                0x00000000080012d8                TIM8_TRG_COM_TIM14_IRQHandler
                0x00000000080012d8                DFSDM1_FLT1_IRQHandler
                0x00000000080012d8                TIM1_UP_TIM10_IRQHandler
                0x00000000080012d8                TIM8_UP_TIM13_IRQHandler
                0x00000000080012d8                I2C3_ER_IRQHandler
                0x00000000080012d8                DFSDM1_FLT2_IRQHandler
                0x00000000080012d8                EXTI0_IRQHandler
                0x00000000080012d8                I2C2_EV_IRQHandler
                0x00000000080012d8                DMA1_Stream2_IRQHandler
                0x00000000080012d8                CAN1_RX0_IRQHandler
                0x00000000080012d8                FPU_IRQHandler
                0x00000000080012d8                OTG_HS_WKUP_IRQHandler
                0x00000000080012d8                CAN3_SCE_IRQHandler
                0x00000000080012d8                LTDC_ER_IRQHandler
                0x00000000080012d8                CAN2_SCE_IRQHandler
                0x00000000080012d8                DMA2_Stream2_IRQHandler
                0x00000000080012d8                SPI1_IRQHandler
                0x00000000080012d8                TIM6_DAC_IRQHandler
                0x00000000080012d8                TIM1_BRK_TIM9_IRQHandler
                0x00000000080012d8                DCMI_IRQHandler
                0x00000000080012d8                CAN2_RX0_IRQHandler
                0x00000000080012d8                DMA2_Stream3_IRQHandler
                0x00000000080012d8                SAI2_IRQHandler
                0x00000000080012d8                DFSDM1_FLT3_IRQHandler
                0x00000000080012d8                USART6_IRQHandler
                0x00000000080012d8                CAN3_RX0_IRQHandler
                0x00000000080012d8                USART3_IRQHandler
                0x00000000080012d8                CAN1_RX1_IRQHandler
                0x00000000080012d8                UART5_IRQHandler
                0x00000000080012d8                DMA2_Stream0_IRQHandler
                0x00000000080012d8                TIM4_IRQHandler
                0x00000000080012d8                QUADSPI_IRQHandler
                0x00000000080012d8                I2C1_EV_IRQHandler
                0x00000000080012d8                DMA1_Stream6_IRQHandler
                0x00000000080012d8                DMA1_Stream1_IRQHandler
                0x00000000080012d8                UART4_IRQHandler
                0x00000000080012d8                TIM3_IRQHandler
                0x00000000080012d8                RCC_IRQHandler
                0x00000000080012d8                TIM8_BRK_TIM12_IRQHandler
                0x00000000080012d8                Default_Handler
                0x00000000080012d8                CEC_IRQHandler
                0x00000000080012d8                EXTI15_10_IRQHandler
                0x00000000080012d8                ADC_IRQHandler
                0x00000000080012d8                DMA1_Stream7_IRQHandler
                0x00000000080012d8                SPI5_IRQHandler
                0x00000000080012d8                TIM7_IRQHandler
                0x00000000080012d8                SDMMC1_IRQHandler
                0x00000000080012d8                CAN2_TX_IRQHandler
                0x00000000080012d8                TIM5_IRQHandler
                0x00000000080012d8                DMA2_Stream7_IRQHandler
                0x00000000080012d8                I2C3_EV_IRQHandler
                0x00000000080012d8                EXTI9_5_IRQHandler
                0x00000000080012d8                RTC_WKUP_IRQHandler
                0x00000000080012d8                LTDC_IRQHandler
                0x00000000080012d8                ETH_WKUP_IRQHandler
                0x00000000080012d8                SPDIF_RX_IRQHandler
                0x00000000080012d8                SPI2_IRQHandler
                0x00000000080012d8                OTG_HS_EP1_IN_IRQHandler
                0x00000000080012d8                DMA1_Stream0_IRQHandler
                0x00000000080012d8                CAN1_TX_IRQHandler
                0x00000000080012d8                EXTI4_IRQHandler
                0x00000000080012d8                RNG_IRQHandler
                0x00000000080012d8                DSI_IRQHandler
                0x00000000080012d8                ETH_IRQHandler
                0x00000000080012d8                OTG_HS_EP1_OUT_IRQHandler
                0x00000000080012d8                WWDG_IRQHandler
                0x00000000080012d8                SPI6_IRQHandler
                0x00000000080012d8                MDIOS_IRQHandler
                0x00000000080012d8                I2C4_EV_IRQHandler
                0x00000000080012d8                CAN3_TX_IRQHandler
                0x00000000080012d8                TIM2_IRQHandler
                0x00000000080012d8                OTG_FS_WKUP_IRQHandler
                0x00000000080012d8                TIM1_TRG_COM_TIM11_IRQHandler
                0x00000000080012d8                OTG_HS_IRQHandler
                0x00000000080012d8                DMA2D_IRQHandler
                0x00000000080012d8                EXTI1_IRQHandler
                0x00000000080012d8                SDMMC2_IRQHandler
                0x00000000080012d8                UART7_IRQHandler
                0x00000000080012d8                USART2_IRQHandler
                0x00000000080012d8                DFSDM1_FLT0_IRQHandler
                0x00000000080012d8                I2C2_ER_IRQHandler
                0x00000000080012d8                DMA2_Stream1_IRQHandler
                0x00000000080012d8                CAN1_SCE_IRQHandler
                0x00000000080012d8                FLASH_IRQHandler
                0x00000000080012d8                DMA2_Stream4_IRQHandler
                0x00000000080012d8                USART1_IRQHandler
                0x00000000080012d8                OTG_FS_IRQHandler
                0x00000000080012d8                SPI3_IRQHandler
                0x00000000080012d8                DMA1_Stream4_IRQHandler
                0x00000000080012d8                I2C1_ER_IRQHandler
                0x00000000080012d8                FMC_IRQHandler
                0x00000000080012d8                LPTIM1_IRQHandler
                0x00000000080012d8                I2C4_ER_IRQHandler
                0x00000000080012d8                DMA2_Stream6_IRQHandler
                0x00000000080012d8                SAI1_IRQHandler
                0x00000000080012d8                DMA1_Stream3_IRQHandler
 *fill*         0x00000000080012da        0x2 
 .text.HAL_InitTick
                0x00000000080012dc       0x48 ./Drivers/STM32F7xx_HAL_Driver/Src/stm32f7xx_hal.o
                0x00000000080012dc                HAL_InitTick
 .text.HAL_Init
                0x0000000008001324       0x16 ./Drivers/STM32F7xx_HAL_Driver/Src/stm32f7xx_hal.o
                0x0000000008001324                HAL_Init
 *fill*         0x000000000800133a        0x2 
 .text.HAL_IncTick
                0x000000000800133c       0x18 ./Drivers/STM32F7xx_HAL_Driver/Src/stm32f7xx_hal.o
                0x000000000800133c                HAL_IncTick
 .text.HAL_GetTick
                0x0000000008001354        0xc ./Drivers/STM32F7xx_HAL_Driver/Src/stm32f7xx_hal.o
                0x0000000008001354                HAL_GetTick
 .text.HAL_Delay
                0x0000000008001360       0x24 ./Drivers/STM32F7xx_HAL_Driver/Src/stm32f7xx_hal.o
                0x0000000008001360                HAL_Delay
 .text.HAL_GetHalVersion
                0x0000000008001384        0x8 ./Drivers/STM32F7xx_HAL_Driver/Src/stm32f7xx_hal.o
                0x0000000008001384                HAL_GetHalVersion
 .text.HAL_GetREVID
                0x000000000800138c        0xc ./Drivers/STM32F7xx_HAL_Driver/Src/stm32f7xx_hal.o
                0x000000000800138c                HAL_GetREVID
 .text.HAL_GetDEVID
                0x0000000008001398       0x10 ./Drivers/STM32F7xx_HAL_Driver/Src/stm32f7xx_hal.o
                0x0000000008001398                HAL_GetDEVID
 .text.HAL_NVIC_SetPriorityGrouping
                0x00000000080013a8       0x24 ./Drivers/STM32F7xx_HAL_Driver/Src/stm32f7xx_hal_cortex.o
                0x00000000080013a8                HAL_NVIC_SetPriorityGrouping
 .text.HAL_NVIC_SetPriority
                0x00000000080013cc       0x64 ./Drivers/STM32F7xx_HAL_Driver/Src/stm32f7xx_hal_cortex.o
                0x00000000080013cc                HAL_NVIC_SetPriority
 .text.HAL_SYSTICK_Config
                0x0000000008001430       0x28 ./Drivers/STM32F7xx_HAL_Driver/Src/stm32f7xx_hal_cortex.o
                0x0000000008001430                HAL_SYSTICK_Config
 .text.HAL_CRC_Init
                0x0000000008001458       0x74 ./Drivers/STM32F7xx_HAL_Driver/Src/stm32f7xx_hal_crc.o
                0x0000000008001458                HAL_CRC_Init
 .text.HAL_CRCEx_Polynomial_Set
                0x00000000080014cc       0x48 ./Drivers/STM32F7xx_HAL_Driver/Src/stm32f7xx_hal_crc_ex.o
                0x00000000080014cc                HAL_CRCEx_Polynomial_Set
 .text.HAL_GPIO_Init
                0x0000000008001514      0x1c4 ./Drivers/STM32F7xx_HAL_Driver/Src/stm32f7xx_hal_gpio.o
                0x0000000008001514                HAL_GPIO_Init
 .text.HAL_GPIO_WritePin
                0x00000000080016d8        0xa ./Drivers/STM32F7xx_HAL_Driver/Src/stm32f7xx_hal_gpio.o
                0x00000000080016d8                HAL_GPIO_WritePin
 *fill*         0x00000000080016e2        0x2 
 .text.HAL_PWREx_EnableOverDrive
                0x00000000080016e4       0x70 ./Drivers/STM32F7xx_HAL_Driver/Src/stm32f7xx_hal_pwr_ex.o
                0x00000000080016e4                HAL_PWREx_EnableOverDrive
 .text.HAL_RCC_OscConfig
                0x0000000008001754      0x384 ./Drivers/STM32F7xx_HAL_Driver/Src/stm32f7xx_hal_rcc.o
                0x0000000008001754                HAL_RCC_OscConfig
 .text.HAL_RCC_GetSysClockFreq
                0x0000000008001ad8       0x5c ./Drivers/STM32F7xx_HAL_Driver/Src/stm32f7xx_hal_rcc.o
                0x0000000008001ad8                HAL_RCC_GetSysClockFreq
 .text.HAL_RCC_ClockConfig
                0x0000000008001b34      0x13c ./Drivers/STM32F7xx_HAL_Driver/Src/stm32f7xx_hal_rcc.o
                0x0000000008001b34                HAL_RCC_ClockConfig
 .text.HAL_RCC_GetHCLKFreq
                0x0000000008001c70        0xc ./Drivers/STM32F7xx_HAL_Driver/Src/stm32f7xx_hal_rcc.o
                0x0000000008001c70                HAL_RCC_GetHCLKFreq
 .text.HAL_RCC_GetPCLK1Freq
                0x0000000008001c7c       0x20 ./Drivers/STM32F7xx_HAL_Driver/Src/stm32f7xx_hal_rcc.o
                0x0000000008001c7c                HAL_RCC_GetPCLK1Freq
 .text.HAL_RCC_GetPCLK2Freq
                0x0000000008001c9c       0x20 ./Drivers/STM32F7xx_HAL_Driver/Src/stm32f7xx_hal_rcc.o
                0x0000000008001c9c                HAL_RCC_GetPCLK2Freq
 .text.HAL_RCCEx_PeriphCLKConfig
                0x0000000008001cbc      0x55c ./Drivers/STM32F7xx_HAL_Driver/Src/stm32f7xx_hal_rcc_ex.o
                0x0000000008001cbc                HAL_RCCEx_PeriphCLKConfig
 .text.UART_SetConfig
                0x0000000008002218      0x284 ./Drivers/STM32F7xx_HAL_Driver/Src/stm32f7xx_hal_uart.o
                0x0000000008002218                UART_SetConfig
 .text.UART_AdvFeatureConfig
                0x000000000800249c       0xaa ./Drivers/STM32F7xx_HAL_Driver/Src/stm32f7xx_hal_uart.o
                0x000000000800249c                UART_AdvFeatureConfig
 .text.UART_WaitOnFlagUntilTimeout
                0x0000000008002546       0xc0 ./Drivers/STM32F7xx_HAL_Driver/Src/stm32f7xx_hal_uart.o
                0x0000000008002546                UART_WaitOnFlagUntilTimeout
 .text.HAL_UART_Transmit
                0x0000000008002606       0xa0 ./Drivers/STM32F7xx_HAL_Driver/Src/stm32f7xx_hal_uart.o
                0x0000000008002606                HAL_UART_Transmit
 .text.HAL_UART_Receive
                0x00000000080026a6       0xd4 ./Drivers/STM32F7xx_HAL_Driver/Src/stm32f7xx_hal_uart.o
                0x00000000080026a6                HAL_UART_Receive
 .text.UART_CheckIdleState
                0x000000000800277a       0x6a ./Drivers/STM32F7xx_HAL_Driver/Src/stm32f7xx_hal_uart.o
                0x000000000800277a                UART_CheckIdleState
 .text.HAL_UART_Init
                0x00000000080027e4       0x5c ./Drivers/STM32F7xx_HAL_Driver/Src/stm32f7xx_hal_uart.o
                0x00000000080027e4                HAL_UART_Init
 .text._mon_alloc_reset
                0x0000000008002840       0x24 ./X-CUBE-AI/App/aiSystemPerformance.o
 .text.cyclesCounterEnd
                0x0000000008002864       0x4c ./X-CUBE-AI/App/aiSystemPerformance.o
 .text.user_observer_cb
                0x00000000080028b0       0x8e ./X-CUBE-AI/App/aiSystemPerformance.o
 *fill*         0x000000000800293e        0x2 
 .text.aiDeInit
                0x0000000008002940       0x34 ./X-CUBE-AI/App/aiSystemPerformance.o
 .text.aiTestConsole
                0x0000000008002974       0x8a ./X-CUBE-AI/App/aiSystemPerformance.o
 *fill*         0x00000000080029fe        0x2 
 .text.aiObserverInit
                0x0000000008002a00       0x80 ./X-CUBE-AI/App/aiSystemPerformance.o
                0x0000000008002a00                aiObserverInit
 .text.aiObserverDone
                0x0000000008002a80      0x1f8 ./X-CUBE-AI/App/aiSystemPerformance.o
                0x0000000008002a80                aiObserverDone
 .text.aiSystemPerformanceInit
                0x0000000008002c78      0x170 ./X-CUBE-AI/App/aiSystemPerformance.o
                0x0000000008002c78                aiSystemPerformanceInit
 .text.aiSystemPerformanceProcess
                0x0000000008002de8      0x5d4 ./X-CUBE-AI/App/aiSystemPerformance.o
                0x0000000008002de8                aiSystemPerformanceProcess
 .text.aiPlatformVersion
                0x00000000080033bc       0x2c ./X-CUBE-AI/App/aiTestHelper.o
                0x00000000080033bc                aiPlatformVersion
 .text.aiLogErr
                0x00000000080033e8       0x2c ./X-CUBE-AI/App/aiTestHelper.o
                0x00000000080033e8                aiLogErr
 .text.aiPrintBufferInfo
                0x0000000008003414      0x204 ./X-CUBE-AI/App/aiTestHelper.o
                0x0000000008003414                aiPrintBufferInfo
 .text.aiPrintNetworkInfo
                0x0000000008003618      0x170 ./X-CUBE-AI/App/aiTestHelper.o
                0x0000000008003618                aiPrintNetworkInfo
 .text._put_c_driver
                0x0000000008003788       0x2c ./X-CUBE-AI/App/aiTestUtility.o
 .text.ioRawGetUint8
                0x00000000080037b4       0x20 ./X-CUBE-AI/App/aiTestUtility.o
                0x00000000080037b4                ioRawGetUint8
 .text._write   0x00000000080037d4       0x40 ./X-CUBE-AI/App/aiTestUtility.o
                0x00000000080037d4                _write
 .text.lc_print
                0x0000000008003814       0x24 ./X-CUBE-AI/App/aiTestUtility.o
                0x0000000008003814                lc_print
 .text.__wrap_malloc
                0x0000000008003838       0x50 ./X-CUBE-AI/App/aiTestUtility.o
                0x0000000008003838                __wrap_malloc
 .text.__wrap_free
                0x0000000008003888       0x4c ./X-CUBE-AI/App/aiTestUtility.o
                0x0000000008003888                __wrap_free
 .text.stackMonInit
                0x00000000080038d4       0x58 ./X-CUBE-AI/App/aiTestUtility.o
                0x00000000080038d4                stackMonInit
 .text.dwtCyclesToTime
                0x000000000800392c       0x78 ./X-CUBE-AI/App/aiTestUtility.o
                0x000000000800392c                dwtCyclesToTime
 .text.getFlashCacheConf
                0x00000000080039a4       0x50 ./X-CUBE-AI/App/aiTestUtility.o
                0x00000000080039a4                getFlashCacheConf
 .text.getSysConf.part.0
                0x00000000080039f4       0x24 ./X-CUBE-AI/App/aiTestUtility.o
 .text.systemSettingLog
                0x0000000008003a18       0xf4 ./X-CUBE-AI/App/aiTestUtility.o
                0x0000000008003a18                systemSettingLog
 .text.port_hal_crc_ip_init_imp
                0x0000000008003b0c       0x20 ./X-CUBE-AI/App/ai_device_adaptor.o
                0x0000000008003b0c                port_hal_crc_ip_init_imp
 .text.port_dwt_init_imp
                0x0000000008003b2c       0x30 ./X-CUBE-AI/App/ai_device_adaptor.o
                0x0000000008003b2c                port_dwt_init_imp
 .text.ai_mnetwork_handle
                0x0000000008003b5c       0x1c ./X-CUBE-AI/App/app_x-cube-ai.o
 .text.ai_mnetwork_is_valid.constprop.0
                0x0000000008003b78       0x28 ./X-CUBE-AI/App/app_x-cube-ai.o
 .text.MX_X_CUBE_AI_Init
                0x0000000008003ba0        0x4 ./X-CUBE-AI/App/app_x-cube-ai.o
                0x0000000008003ba0                MX_X_CUBE_AI_Init
 .text.MX_X_CUBE_AI_Process
                0x0000000008003ba4       0x12 ./X-CUBE-AI/App/app_x-cube-ai.o
                0x0000000008003ba4                MX_X_CUBE_AI_Process
 *fill*         0x0000000008003bb6        0x2 
 .text.ai_mnetwork_find
                0x0000000008003bb8       0x1c ./X-CUBE-AI/App/app_x-cube-ai.o
                0x0000000008003bb8                ai_mnetwork_find
 .text.ai_mnetwork_create
                0x0000000008003bd4       0x54 ./X-CUBE-AI/App/app_x-cube-ai.o
                0x0000000008003bd4                ai_mnetwork_create
 .text.ai_mnetwork_destroy
                0x0000000008003c28       0x2c ./X-CUBE-AI/App/app_x-cube-ai.o
                0x0000000008003c28                ai_mnetwork_destroy
 .text.ai_mnetwork_get_report
                0x0000000008003c54       0x16 ./X-CUBE-AI/App/app_x-cube-ai.o
                0x0000000008003c54                ai_mnetwork_get_report
 .text.ai_mnetwork_get_error
                0x0000000008003c6a       0x1a ./X-CUBE-AI/App/app_x-cube-ai.o
                0x0000000008003c6a                ai_mnetwork_get_error
 .text.ai_mnetwork_init
                0x0000000008003c84       0x3e ./X-CUBE-AI/App/app_x-cube-ai.o
                0x0000000008003c84                ai_mnetwork_init
 .text.ai_mnetwork_run
                0x0000000008003cc2       0x22 ./X-CUBE-AI/App/app_x-cube-ai.o
                0x0000000008003cc2                ai_mnetwork_run
 .text.ai_mnetwork_get_private_handle
                0x0000000008003ce4       0x34 ./X-CUBE-AI/App/app_x-cube-ai.o
                0x0000000008003ce4                ai_mnetwork_get_private_handle
 .text._write_number
                0x0000000008003d18      0x12c ./X-CUBE-AI/App/lc_print.o
 .text.vlc_print
                0x0000000008003e44      0x4fc ./X-CUBE-AI/App/lc_print.o
                0x0000000008003e44                vlc_print
 .text.ai_myrnn_get_report
                0x0000000008004340       0x9c ./X-CUBE-AI/App/myrnn.o
                0x0000000008004340                ai_myrnn_get_report
 .text.ai_myrnn_get_error
                0x00000000080043dc        0x4 ./X-CUBE-AI/App/myrnn.o
                0x00000000080043dc                ai_myrnn_get_error
 .text.ai_myrnn_create
                0x00000000080043e0       0x1c ./X-CUBE-AI/App/myrnn.o
                0x00000000080043e0                ai_myrnn_create
 .text.ai_myrnn_destroy
                0x00000000080043fc        0x4 ./X-CUBE-AI/App/myrnn.o
                0x00000000080043fc                ai_myrnn_destroy
 .text.ai_myrnn_init
                0x0000000008004400      0x118 ./X-CUBE-AI/App/myrnn.o
                0x0000000008004400                ai_myrnn_init
 .text.ai_myrnn_run
                0x0000000008004518        0x4 ./X-CUBE-AI/App/myrnn.o
                0x0000000008004518                ai_myrnn_run
 .text.ai_myrnn_forward
                0x000000000800451c        0x6 ./X-CUBE-AI/App/myrnn.o
                0x000000000800451c                ai_myrnn_forward
 *fill*         0x0000000008004522        0x2 
 .text.ai_myrnn_data_params_get
                0x0000000008004524       0x30 ./X-CUBE-AI/App/myrnn_data.o
                0x0000000008004524                ai_myrnn_data_params_get
 .text.ai_buffer_get_size
                0x0000000008004554       0x68 ../Middlewares/ST/AI/Lib\NetworkRuntime810_CM7_GCC.a(ai_platform.o)
                0x0000000008004554                ai_buffer_get_size
 .text.ai_buffer_get_byte_size
                0x00000000080045bc       0x10 ../Middlewares/ST/AI/Lib\NetworkRuntime810_CM7_GCC.a(ai_platform.o)
                0x00000000080045bc                ai_buffer_get_byte_size
 .text.ai_buffer_array_sane
                0x00000000080045cc       0x14 ../Middlewares/ST/AI/Lib\NetworkRuntime810_CM7_GCC.a(ai_platform.o)
                0x00000000080045cc                ai_buffer_array_sane
 .text.ai_buffer_array_item_set_address
                0x00000000080045e0       0x20 ../Middlewares/ST/AI/Lib\NetworkRuntime810_CM7_GCC.a(ai_platform.o)
                0x00000000080045e0                ai_buffer_array_item_set_address
 .text._platform_observer_node_exec_cb
                0x0000000008004600      0x124 ../Middlewares/ST/AI/Lib\NetworkRuntime810_CM7_GCC.a(ai_platform_interface.o)
 .text._ai_platform_acquire_crc
                0x0000000008004724        0x4 ../Middlewares/ST/AI/Lib\NetworkRuntime810_CM7_GCC.a(ai_platform_interface.o)
                0x0000000008004724                _ai_platform_acquire_crc
 .text._ai_platform_release_crc
                0x0000000008004728        0x4 ../Middlewares/ST/AI/Lib\NetworkRuntime810_CM7_GCC.a(ai_platform_interface.o)
                0x0000000008004728                _ai_platform_release_crc
 .text.ai_platform_get_weights_map
                0x000000000800472c       0xb0 ../Middlewares/ST/AI/Lib\NetworkRuntime810_CM7_GCC.a(ai_platform_interface.o)
                0x000000000800472c                ai_platform_get_weights_map
 .text.ai_platform_get_activations_map
                0x00000000080047dc       0xb0 ../Middlewares/ST/AI/Lib\NetworkRuntime810_CM7_GCC.a(ai_platform_interface.o)
                0x00000000080047dc                ai_platform_get_activations_map
 .text.ai_platform_bind_network_params
                0x000000000800488c       0x34 ../Middlewares/ST/AI/Lib\NetworkRuntime810_CM7_GCC.a(ai_platform_interface.o)
                0x000000000800488c                ai_platform_bind_network_params
 .text.ai_platform_runtime_get_revision
                0x00000000080048c0      0x108 ../Middlewares/ST/AI/Lib\NetworkRuntime810_CM7_GCC.a(ai_platform_interface.o)
                0x00000000080048c0                ai_platform_runtime_get_revision
 .text.ai_platform_runtime_get_version
                0x00000000080049c8      0x130 ../Middlewares/ST/AI/Lib\NetworkRuntime810_CM7_GCC.a(ai_platform_interface.o)
                0x00000000080049c8                ai_platform_runtime_get_version
 .text.ai_platform_api_get_version
                0x0000000008004af8      0x130 ../Middlewares/ST/AI/Lib\NetworkRuntime810_CM7_GCC.a(ai_platform_interface.o)
                0x0000000008004af8                ai_platform_api_get_version
 .text.ai_platform_interface_api_get_version
                0x0000000008004c28      0x130 ../Middlewares/ST/AI/Lib\NetworkRuntime810_CM7_GCC.a(ai_platform_interface.o)
                0x0000000008004c28                ai_platform_interface_api_get_version
 .text.ai_platform_context_acquire
                0x0000000008004d58      0x118 ../Middlewares/ST/AI/Lib\NetworkRuntime810_CM7_GCC.a(ai_platform_interface.o)
                0x0000000008004d58                ai_platform_context_acquire
 .text.ai_platform_network_get_error
                0x0000000008004e70      0x218 ../Middlewares/ST/AI/Lib\NetworkRuntime810_CM7_GCC.a(ai_platform_interface.o)
                0x0000000008004e70                ai_platform_network_get_error
 .text.ai_platform_network_set_error
                0x0000000008005088        0xc ../Middlewares/ST/AI/Lib\NetworkRuntime810_CM7_GCC.a(ai_platform_interface.o)
                0x0000000008005088                ai_platform_network_set_error
 .text.ai_platform_api_get_network_report
                0x0000000008005094      0x858 ../Middlewares/ST/AI/Lib\NetworkRuntime810_CM7_GCC.a(ai_platform_interface.o)
                0x0000000008005094                ai_platform_api_get_network_report
 .text.ai_platform_network_create
                0x00000000080058ec      0x3b4 ../Middlewares/ST/AI/Lib\NetworkRuntime810_CM7_GCC.a(ai_platform_interface.o)
                0x00000000080058ec                ai_platform_network_create
 .text.ai_platform_network_destroy
                0x0000000008005ca0      0x210 ../Middlewares/ST/AI/Lib\NetworkRuntime810_CM7_GCC.a(ai_platform_interface.o)
                0x0000000008005ca0                ai_platform_network_destroy
 .text.ai_platform_network_init
                0x0000000008005eb0      0x338 ../Middlewares/ST/AI/Lib\NetworkRuntime810_CM7_GCC.a(ai_platform_interface.o)
                0x0000000008005eb0                ai_platform_network_init
 .text.ai_platform_network_post_init
                0x00000000080061e8      0x254 ../Middlewares/ST/AI/Lib\NetworkRuntime810_CM7_GCC.a(ai_platform_interface.o)
                0x00000000080061e8                ai_platform_network_post_init
 .text.ai_platform_network_process
                0x000000000800643c      0x5b8 ../Middlewares/ST/AI/Lib\NetworkRuntime810_CM7_GCC.a(ai_platform_interface.o)
                0x000000000800643c                ai_platform_network_process
 .text.ai_platform_observer_node_info
                0x00000000080069f4      0x1ac ../Middlewares/ST/AI/Lib\NetworkRuntime810_CM7_GCC.a(ai_platform_interface.o)
                0x00000000080069f4                ai_platform_observer_node_info
 .text.ai_platform_observer_register
                0x0000000008006ba0      0x28c ../Middlewares/ST/AI/Lib\NetworkRuntime810_CM7_GCC.a(ai_platform_interface.o)
                0x0000000008006ba0                ai_platform_observer_register
 .text.ai_platform_observer_unregister
                0x0000000008006e2c      0x224 ../Middlewares/ST/AI/Lib\NetworkRuntime810_CM7_GCC.a(ai_platform_interface.o)
                0x0000000008006e2c                ai_platform_observer_unregister
 .text.core_init
                0x0000000008007050        0x4 ../Middlewares/ST/AI/Lib\NetworkRuntime810_CM7_GCC.a(core_common.o)
                0x0000000008007050                core_init
 .text.core_get_error
                0x0000000008007054        0xc ../Middlewares/ST/AI/Lib\NetworkRuntime810_CM7_GCC.a(core_common.o)
                0x0000000008007054                core_get_error
 .text.core_set_error
                0x0000000008007060       0x18 ../Middlewares/ST/AI/Lib\NetworkRuntime810_CM7_GCC.a(core_common.o)
                0x0000000008007060                core_set_error
 .text.core_mem_alloc
                0x0000000008007078       0x1c ../Middlewares/ST/AI/Lib\NetworkRuntime810_CM7_GCC.a(core_mem_manager.o)
                0x0000000008007078                core_mem_alloc
 .text.core_mem_free
                0x0000000008007094       0x1c ../Middlewares/ST/AI/Lib\NetworkRuntime810_CM7_GCC.a(core_mem_manager.o)
                0x0000000008007094                core_mem_free
 .text.ai_check_custom_types
                0x00000000080070b0       0x50 ../Middlewares/ST/AI/Lib\NetworkRuntime810_CM7_GCC.a(layers.o)
                0x00000000080070b0                ai_check_custom_types
 .text.ai_layer_type_name
                0x0000000008007100       0x60 ../Middlewares/ST/AI/Lib\NetworkRuntime810_CM7_GCC.a(layers.o)
                0x0000000008007100                ai_layer_type_name
 .text.ai_layers_init_all
                0x0000000008007160       0x1c ../Middlewares/ST/AI/Lib\NetworkRuntime810_CM7_GCC.a(layers.o)
                0x0000000008007160                ai_layers_init_all
 .text.ai_layers_post_init_all
                0x000000000800717c       0x28 ../Middlewares/ST/AI/Lib\NetworkRuntime810_CM7_GCC.a(layers.o)
                0x000000000800717c                ai_layers_post_init_all
 .text.ai_layers_forward_all
                0x00000000080071a4       0x90 ../Middlewares/ST/AI/Lib\NetworkRuntime810_CM7_GCC.a(layers.o)
                0x00000000080071a4                ai_layers_forward_all
 .text.ai_layers_destroy_all
                0x0000000008007234       0x28 ../Middlewares/ST/AI/Lib\NetworkRuntime810_CM7_GCC.a(layers.o)
                0x0000000008007234                ai_layers_destroy_all
 .text.forward_dense
                0x000000000800725c      0x840 ../Middlewares/ST/AI/Lib\NetworkRuntime810_CM7_GCC.a(layers_conv2d_generic_float.o)
                0x000000000800725c                forward_dense
 .text.forward_sigmoid
                0x0000000008007a9c       0x94 ../Middlewares/ST/AI/Lib\NetworkRuntime810_CM7_GCC.a(layers_nl_generic_float.o)
                0x0000000008007a9c                forward_sigmoid
 .text.nl_func_relu_array_f32
                0x0000000008007b30       0x44 ../Middlewares/ST/AI/Lib\NetworkRuntime810_CM7_GCC.a(layers_nl_generic_float.o)
                0x0000000008007b30                nl_func_relu_array_f32
 .text.array_f32_identity
                0x0000000008007b74       0x14 ../Middlewares/ST/AI/Lib\NetworkRuntime810_CM7_GCC.a(layers_rnn_generic_float.o)
 .text.forward_rnn
                0x0000000008007b88      0x63c ../Middlewares/ST/AI/Lib\NetworkRuntime810_CM7_GCC.a(layers_rnn_generic_float.o)
                0x0000000008007b88                forward_rnn
 .text.forward_lite_dense_if32of32wf32
                0x00000000080081c4      0x250 ../Middlewares/ST/AI/Lib\NetworkRuntime810_CM7_GCC.a(lite_dense_if32.o)
                0x00000000080081c4                forward_lite_dense_if32of32wf32
 .text.st_int8_fill
                0x0000000008008414       0xbc ../Middlewares/ST/AI/Lib\NetworkRuntime810_CM7_GCC.a(st_int8_fill.o)
                0x0000000008008414                st_int8_fill
 .text.st_int8_copy
                0x00000000080084d0      0x110 ../Middlewares/ST/AI/Lib\NetworkRuntime810_CM7_GCC.a(st_int8_fill.o)
                0x00000000080084d0                st_int8_copy
 .text.ai_array_to_buffer_fmt
                0x00000000080085e0       0xd8 ../Middlewares/ST/AI/Lib\NetworkRuntime810_CM7_GCC.a(ai_datatypes_format.o)
                0x00000000080085e0                ai_array_to_buffer_fmt
 .text.ai_array_get_byte_size
                0x00000000080086b8       0x50 ../Middlewares/ST/AI/Lib\NetworkRuntime810_CM7_GCC.a(ai_datatypes_format.o)
                0x00000000080086b8                ai_array_get_byte_size
 .text.ai_array_get_data_byte_size
                0x0000000008008708       0x20 ../Middlewares/ST/AI/Lib\NetworkRuntime810_CM7_GCC.a(ai_datatypes_format.o)
                0x0000000008008708                ai_array_get_data_byte_size
 .text.ai_version_get
                0x0000000008008728        0xc ../Middlewares/ST/AI/Lib\NetworkRuntime810_CM7_GCC.a(ai_datatypes_internal.o)
                0x0000000008008728                ai_version_get
 .text.ai_platform_version_get
                0x0000000008008734       0x24 ../Middlewares/ST/AI/Lib\NetworkRuntime810_CM7_GCC.a(ai_datatypes_internal.o)
                0x0000000008008734                ai_platform_version_get
 .text.get_tensor_byte_size
                0x0000000008008758       0x2c ../Middlewares/ST/AI/Lib\NetworkRuntime810_CM7_GCC.a(ai_datatypes_internal.o)
                0x0000000008008758                get_tensor_byte_size
 .text.malloc   0x0000000008008784       0x10 C:/ST/STM32CubeIDE_1.13.1/STM32CubeIDE/plugins/com.st.stm32cube.ide.mcu.externaltools.gnu-tools-for-stm32.11.3.rel1.win32_1.1.0.202305231506/tools/bin/../lib/gcc/arm-none-eabi/11.3.1/../../../../arm-none-eabi/lib/thumb/v7e-m+dp/hard\libc_nano.a(libc_a-malloc.o)
                0x0000000008008784                malloc
 .text.free     0x0000000008008794       0x10 C:/ST/STM32CubeIDE_1.13.1/STM32CubeIDE/plugins/com.st.stm32cube.ide.mcu.externaltools.gnu-tools-for-stm32.11.3.rel1.win32_1.1.0.202305231506/tools/bin/../lib/gcc/arm-none-eabi/11.3.1/../../../../arm-none-eabi/lib/thumb/v7e-m+dp/hard\libc_nano.a(libc_a-malloc.o)
                0x0000000008008794                free
 .text.sbrk_aligned
                0x00000000080087a4       0x40 C:/ST/STM32CubeIDE_1.13.1/STM32CubeIDE/plugins/com.st.stm32cube.ide.mcu.externaltools.gnu-tools-for-stm32.11.3.rel1.win32_1.1.0.202305231506/tools/bin/../lib/gcc/arm-none-eabi/11.3.1/../../../../arm-none-eabi/lib/thumb/v7e-m+dp/hard\libc_nano.a(libc_a-mallocr.o)
 .text._malloc_r
                0x00000000080087e4      0x100 C:/ST/STM32CubeIDE_1.13.1/STM32CubeIDE/plugins/com.st.stm32cube.ide.mcu.externaltools.gnu-tools-for-stm32.11.3.rel1.win32_1.1.0.202305231506/tools/bin/../lib/gcc/arm-none-eabi/11.3.1/../../../../arm-none-eabi/lib/thumb/v7e-m+dp/hard\libc_nano.a(libc_a-mallocr.o)
                0x00000000080087e4                _malloc_r
 .text.__malloc_lock
                0x00000000080088e4        0xc C:/ST/STM32CubeIDE_1.13.1/STM32CubeIDE/plugins/com.st.stm32cube.ide.mcu.externaltools.gnu-tools-for-stm32.11.3.rel1.win32_1.1.0.202305231506/tools/bin/../lib/gcc/arm-none-eabi/11.3.1/../../../../arm-none-eabi/lib/thumb/v7e-m+dp/hard\libc_nano.a(libc_a-mlock.o)
                0x00000000080088e4                __malloc_lock
 .text.__malloc_unlock
                0x00000000080088f0        0xc C:/ST/STM32CubeIDE_1.13.1/STM32CubeIDE/plugins/com.st.stm32cube.ide.mcu.externaltools.gnu-tools-for-stm32.11.3.rel1.win32_1.1.0.202305231506/tools/bin/../lib/gcc/arm-none-eabi/11.3.1/../../../../arm-none-eabi/lib/thumb/v7e-m+dp/hard\libc_nano.a(libc_a-mlock.o)
                0x00000000080088f0                __malloc_unlock
 .text.srand    0x00000000080088fc       0x5c C:/ST/STM32CubeIDE_1.13.1/STM32CubeIDE/plugins/com.st.stm32cube.ide.mcu.externaltools.gnu-tools-for-stm32.11.3.rel1.win32_1.1.0.202305231506/tools/bin/../lib/gcc/arm-none-eabi/11.3.1/../../../../arm-none-eabi/lib/thumb/v7e-m+dp/hard\libc_nano.a(libc_a-rand.o)
                0x00000000080088fc                srand
 .text.rand     0x0000000008008958       0x7c C:/ST/STM32CubeIDE_1.13.1/STM32CubeIDE/plugins/com.st.stm32cube.ide.mcu.externaltools.gnu-tools-for-stm32.11.3.rel1.win32_1.1.0.202305231506/tools/bin/../lib/gcc/arm-none-eabi/11.3.1/../../../../arm-none-eabi/lib/thumb/v7e-m+dp/hard\libc_nano.a(libc_a-rand.o)
                0x0000000008008958                rand
 .text.__cvt    0x00000000080089d4       0xa4 C:/ST/STM32CubeIDE_1.13.1/STM32CubeIDE/plugins/com.st.stm32cube.ide.mcu.externaltools.gnu-tools-for-stm32.11.3.rel1.win32_1.1.0.202305231506/tools/bin/../lib/gcc/arm-none-eabi/11.3.1/../../../../arm-none-eabi/lib/thumb/v7e-m+dp/hard\libc_nano.a(libc_a-nano-vfprintf_float.o)
                0x00000000080089d4                __cvt
 .text.__exponent
                0x0000000008008a78       0x7c C:/ST/STM32CubeIDE_1.13.1/STM32CubeIDE/plugins/com.st.stm32cube.ide.mcu.externaltools.gnu-tools-for-stm32.11.3.rel1.win32_1.1.0.202305231506/tools/bin/../lib/gcc/arm-none-eabi/11.3.1/../../../../arm-none-eabi/lib/thumb/v7e-m+dp/hard\libc_nano.a(libc_a-nano-vfprintf_float.o)
                0x0000000008008a78                __exponent
 *fill*         0x0000000008008af4        0x4 
 .text._printf_float
                0x0000000008008af8      0x434 C:/ST/STM32CubeIDE_1.13.1/STM32CubeIDE/plugins/com.st.stm32cube.ide.mcu.externaltools.gnu-tools-for-stm32.11.3.rel1.win32_1.1.0.202305231506/tools/bin/../lib/gcc/arm-none-eabi/11.3.1/../../../../arm-none-eabi/lib/thumb/v7e-m+dp/hard\libc_nano.a(libc_a-nano-vfprintf_float.o)
                0x0000000008008af8                _printf_float
 .text._printf_common
                0x0000000008008f2c       0xda C:/ST/STM32CubeIDE_1.13.1/STM32CubeIDE/plugins/com.st.stm32cube.ide.mcu.externaltools.gnu-tools-for-stm32.11.3.rel1.win32_1.1.0.202305231506/tools/bin/../lib/gcc/arm-none-eabi/11.3.1/../../../../arm-none-eabi/lib/thumb/v7e-m+dp/hard\libc_nano.a(libc_a-nano-vfprintf_i.o)
                0x0000000008008f2c                _printf_common
 *fill*         0x0000000008009006        0x2 
 .text._printf_i
                0x0000000008009008      0x244 C:/ST/STM32CubeIDE_1.13.1/STM32CubeIDE/plugins/com.st.stm32cube.ide.mcu.externaltools.gnu-tools-for-stm32.11.3.rel1.win32_1.1.0.202305231506/tools/bin/../lib/gcc/arm-none-eabi/11.3.1/../../../../arm-none-eabi/lib/thumb/v7e-m+dp/hard\libc_nano.a(libc_a-nano-vfprintf_i.o)
                0x0000000008009008                _printf_i
 .text.__sflush_r
                0x000000000800924c      0x10c C:/ST/STM32CubeIDE_1.13.1/STM32CubeIDE/plugins/com.st.stm32cube.ide.mcu.externaltools.gnu-tools-for-stm32.11.3.rel1.win32_1.1.0.202305231506/tools/bin/../lib/gcc/arm-none-eabi/11.3.1/../../../../arm-none-eabi/lib/thumb/v7e-m+dp/hard\libc_nano.a(libc_a-fflush.o)
                0x000000000800924c                __sflush_r
 .text._fflush_r
                0x0000000008009358       0x50 C:/ST/STM32CubeIDE_1.13.1/STM32CubeIDE/plugins/com.st.stm32cube.ide.mcu.externaltools.gnu-tools-for-stm32.11.3.rel1.win32_1.1.0.202305231506/tools/bin/../lib/gcc/arm-none-eabi/11.3.1/../../../../arm-none-eabi/lib/thumb/v7e-m+dp/hard\libc_nano.a(libc_a-fflush.o)
                0x0000000008009358                _fflush_r
 .text.fflush   0x00000000080093a8       0x28 C:/ST/STM32CubeIDE_1.13.1/STM32CubeIDE/plugins/com.st.stm32cube.ide.mcu.externaltools.gnu-tools-for-stm32.11.3.rel1.win32_1.1.0.202305231506/tools/bin/../lib/gcc/arm-none-eabi/11.3.1/../../../../arm-none-eabi/lib/thumb/v7e-m+dp/hard\libc_nano.a(libc_a-fflush.o)
                0x00000000080093a8                fflush
 .text.std      0x00000000080093d0       0x48 C:/ST/STM32CubeIDE_1.13.1/STM32CubeIDE/plugins/com.st.stm32cube.ide.mcu.externaltools.gnu-tools-for-stm32.11.3.rel1.win32_1.1.0.202305231506/tools/bin/../lib/gcc/arm-none-eabi/11.3.1/../../../../arm-none-eabi/lib/thumb/v7e-m+dp/hard\libc_nano.a(libc_a-findfp.o)
 .text.stdio_exit_handler
                0x0000000008009418       0x18 C:/ST/STM32CubeIDE_1.13.1/STM32CubeIDE/plugins/com.st.stm32cube.ide.mcu.externaltools.gnu-tools-for-stm32.11.3.rel1.win32_1.1.0.202305231506/tools/bin/../lib/gcc/arm-none-eabi/11.3.1/../../../../arm-none-eabi/lib/thumb/v7e-m+dp/hard\libc_nano.a(libc_a-findfp.o)
 .text.cleanup_stdio
                0x0000000008009430       0x40 C:/ST/STM32CubeIDE_1.13.1/STM32CubeIDE/plugins/com.st.stm32cube.ide.mcu.externaltools.gnu-tools-for-stm32.11.3.rel1.win32_1.1.0.202305231506/tools/bin/../lib/gcc/arm-none-eabi/11.3.1/../../../../arm-none-eabi/lib/thumb/v7e-m+dp/hard\libc_nano.a(libc_a-findfp.o)
 .text.global_stdio_init.part.0
                0x0000000008009470       0x3c C:/ST/STM32CubeIDE_1.13.1/STM32CubeIDE/plugins/com.st.stm32cube.ide.mcu.externaltools.gnu-tools-for-stm32.11.3.rel1.win32_1.1.0.202305231506/tools/bin/../lib/gcc/arm-none-eabi/11.3.1/../../../../arm-none-eabi/lib/thumb/v7e-m+dp/hard\libc_nano.a(libc_a-findfp.o)
 .text.__sfp_lock_acquire
                0x00000000080094ac        0xc C:/ST/STM32CubeIDE_1.13.1/STM32CubeIDE/plugins/com.st.stm32cube.ide.mcu.externaltools.gnu-tools-for-stm32.11.3.rel1.win32_1.1.0.202305231506/tools/bin/../lib/gcc/arm-none-eabi/11.3.1/../../../../arm-none-eabi/lib/thumb/v7e-m+dp/hard\libc_nano.a(libc_a-findfp.o)
                0x00000000080094ac                __sfp_lock_acquire
 .text.__sfp_lock_release
                0x00000000080094b8        0xc C:/ST/STM32CubeIDE_1.13.1/STM32CubeIDE/plugins/com.st.stm32cube.ide.mcu.externaltools.gnu-tools-for-stm32.11.3.rel1.win32_1.1.0.202305231506/tools/bin/../lib/gcc/arm-none-eabi/11.3.1/../../../../arm-none-eabi/lib/thumb/v7e-m+dp/hard\libc_nano.a(libc_a-findfp.o)
                0x00000000080094b8                __sfp_lock_release
 .text.__sinit  0x00000000080094c4       0x30 C:/ST/STM32CubeIDE_1.13.1/STM32CubeIDE/plugins/com.st.stm32cube.ide.mcu.externaltools.gnu-tools-for-stm32.11.3.rel1.win32_1.1.0.202305231506/tools/bin/../lib/gcc/arm-none-eabi/11.3.1/../../../../arm-none-eabi/lib/thumb/v7e-m+dp/hard\libc_nano.a(libc_a-findfp.o)
                0x00000000080094c4                __sinit
 .text._fwalk_sglue
                0x00000000080094f4       0x3c C:/ST/STM32CubeIDE_1.13.1/STM32CubeIDE/plugins/com.st.stm32cube.ide.mcu.externaltools.gnu-tools-for-stm32.11.3.rel1.win32_1.1.0.202305231506/tools/bin/../lib/gcc/arm-none-eabi/11.3.1/../../../../arm-none-eabi/lib/thumb/v7e-m+dp/hard\libc_nano.a(libc_a-fwalk.o)
                0x00000000080094f4                _fwalk_sglue
 .text.__sread  0x0000000008009530       0x22 C:/ST/STM32CubeIDE_1.13.1/STM32CubeIDE/plugins/com.st.stm32cube.ide.mcu.externaltools.gnu-tools-for-stm32.11.3.rel1.win32_1.1.0.202305231506/tools/bin/../lib/gcc/arm-none-eabi/11.3.1/../../../../arm-none-eabi/lib/thumb/v7e-m+dp/hard\libc_nano.a(libc_a-stdio.o)
                0x0000000008009530                __sread
 .text.__swrite
                0x0000000008009552       0x38 C:/ST/STM32CubeIDE_1.13.1/STM32CubeIDE/plugins/com.st.stm32cube.ide.mcu.externaltools.gnu-tools-for-stm32.11.3.rel1.win32_1.1.0.202305231506/tools/bin/../lib/gcc/arm-none-eabi/11.3.1/../../../../arm-none-eabi/lib/thumb/v7e-m+dp/hard\libc_nano.a(libc_a-stdio.o)
                0x0000000008009552                __swrite
 .text.__sseek  0x000000000800958a       0x24 C:/ST/STM32CubeIDE_1.13.1/STM32CubeIDE/plugins/com.st.stm32cube.ide.mcu.externaltools.gnu-tools-for-stm32.11.3.rel1.win32_1.1.0.202305231506/tools/bin/../lib/gcc/arm-none-eabi/11.3.1/../../../../arm-none-eabi/lib/thumb/v7e-m+dp/hard\libc_nano.a(libc_a-stdio.o)
                0x000000000800958a                __sseek
 .text.__sclose
                0x00000000080095ae        0x8 C:/ST/STM32CubeIDE_1.13.1/STM32CubeIDE/plugins/com.st.stm32cube.ide.mcu.externaltools.gnu-tools-for-stm32.11.3.rel1.win32_1.1.0.202305231506/tools/bin/../lib/gcc/arm-none-eabi/11.3.1/../../../../arm-none-eabi/lib/thumb/v7e-m+dp/hard\libc_nano.a(libc_a-stdio.o)
                0x00000000080095ae                __sclose
 .text.memset   0x00000000080095b6       0x10 C:/ST/STM32CubeIDE_1.13.1/STM32CubeIDE/plugins/com.st.stm32cube.ide.mcu.externaltools.gnu-tools-for-stm32.11.3.rel1.win32_1.1.0.202305231506/tools/bin/../lib/gcc/arm-none-eabi/11.3.1/../../../../arm-none-eabi/lib/thumb/v7e-m+dp/hard\libc_nano.a(libc_a-memset.o)
                0x00000000080095b6                memset
 .text.strncmp  0x00000000080095c6       0x24 C:/ST/STM32CubeIDE_1.13.1/STM32CubeIDE/plugins/com.st.stm32cube.ide.mcu.externaltools.gnu-tools-for-stm32.11.3.rel1.win32_1.1.0.202305231506/tools/bin/../lib/gcc/arm-none-eabi/11.3.1/../../../../arm-none-eabi/lib/thumb/v7e-m+dp/hard\libc_nano.a(libc_a-strncmp.o)
                0x00000000080095c6                strncmp
 *fill*         0x00000000080095ea        0x2 
 .text._localeconv_r
                0x00000000080095ec        0x8 C:/ST/STM32CubeIDE_1.13.1/STM32CubeIDE/plugins/com.st.stm32cube.ide.mcu.externaltools.gnu-tools-for-stm32.11.3.rel1.win32_1.1.0.202305231506/tools/bin/../lib/gcc/arm-none-eabi/11.3.1/../../../../arm-none-eabi/lib/thumb/v7e-m+dp/hard\libc_nano.a(libc_a-localeconv.o)
                0x00000000080095ec                _localeconv_r
 .text._close_r
                0x00000000080095f4       0x20 C:/ST/STM32CubeIDE_1.13.1/STM32CubeIDE/plugins/com.st.stm32cube.ide.mcu.externaltools.gnu-tools-for-stm32.11.3.rel1.win32_1.1.0.202305231506/tools/bin/../lib/gcc/arm-none-eabi/11.3.1/../../../../arm-none-eabi/lib/thumb/v7e-m+dp/hard\libc_nano.a(libc_a-closer.o)
                0x00000000080095f4                _close_r
 .text._lseek_r
                0x0000000008009614       0x24 C:/ST/STM32CubeIDE_1.13.1/STM32CubeIDE/plugins/com.st.stm32cube.ide.mcu.externaltools.gnu-tools-for-stm32.11.3.rel1.win32_1.1.0.202305231506/tools/bin/../lib/gcc/arm-none-eabi/11.3.1/../../../../arm-none-eabi/lib/thumb/v7e-m+dp/hard\libc_nano.a(libc_a-lseekr.o)
                0x0000000008009614                _lseek_r
 .text._read_r  0x0000000008009638       0x24 C:/ST/STM32CubeIDE_1.13.1/STM32CubeIDE/plugins/com.st.stm32cube.ide.mcu.externaltools.gnu-tools-for-stm32.11.3.rel1.win32_1.1.0.202305231506/tools/bin/../lib/gcc/arm-none-eabi/11.3.1/../../../../arm-none-eabi/lib/thumb/v7e-m+dp/hard\libc_nano.a(libc_a-readr.o)
                0x0000000008009638                _read_r
 .text._sbrk_r  0x000000000800965c       0x20 C:/ST/STM32CubeIDE_1.13.1/STM32CubeIDE/plugins/com.st.stm32cube.ide.mcu.externaltools.gnu-tools-for-stm32.11.3.rel1.win32_1.1.0.202305231506/tools/bin/../lib/gcc/arm-none-eabi/11.3.1/../../../../arm-none-eabi/lib/thumb/v7e-m+dp/hard\libc_nano.a(libc_a-sbrkr.o)
                0x000000000800965c                _sbrk_r
 .text._write_r
                0x000000000800967c       0x24 C:/ST/STM32CubeIDE_1.13.1/STM32CubeIDE/plugins/com.st.stm32cube.ide.mcu.externaltools.gnu-tools-for-stm32.11.3.rel1.win32_1.1.0.202305231506/tools/bin/../lib/gcc/arm-none-eabi/11.3.1/../../../../arm-none-eabi/lib/thumb/v7e-m+dp/hard\libc_nano.a(libc_a-writer.o)
                0x000000000800967c                _write_r
 .text.__errno  0x00000000080096a0        0xc C:/ST/STM32CubeIDE_1.13.1/STM32CubeIDE/plugins/com.st.stm32cube.ide.mcu.externaltools.gnu-tools-for-stm32.11.3.rel1.win32_1.1.0.202305231506/tools/bin/../lib/gcc/arm-none-eabi/11.3.1/../../../../arm-none-eabi/lib/thumb/v7e-m+dp/hard\libc_nano.a(libc_a-errno.o)
                0x00000000080096a0                __errno
 .text.__libc_init_array
                0x00000000080096ac       0x48 C:/ST/STM32CubeIDE_1.13.1/STM32CubeIDE/plugins/com.st.stm32cube.ide.mcu.externaltools.gnu-tools-for-stm32.11.3.rel1.win32_1.1.0.202305231506/tools/bin/../lib/gcc/arm-none-eabi/11.3.1/../../../../arm-none-eabi/lib/thumb/v7e-m+dp/hard\libc_nano.a(libc_a-init.o)
                0x00000000080096ac                __libc_init_array
 .text.__retarget_lock_acquire_recursive
                0x00000000080096f4        0x2 C:/ST/STM32CubeIDE_1.13.1/STM32CubeIDE/plugins/com.st.stm32cube.ide.mcu.externaltools.gnu-tools-for-stm32.11.3.rel1.win32_1.1.0.202305231506/tools/bin/../lib/gcc/arm-none-eabi/11.3.1/../../../../arm-none-eabi/lib/thumb/v7e-m+dp/hard\libc_nano.a(libc_a-lock.o)
                0x00000000080096f4                __retarget_lock_acquire_recursive
 .text.__retarget_lock_release_recursive
                0x00000000080096f6        0x2 C:/ST/STM32CubeIDE_1.13.1/STM32CubeIDE/plugins/com.st.stm32cube.ide.mcu.externaltools.gnu-tools-for-stm32.11.3.rel1.win32_1.1.0.202305231506/tools/bin/../lib/gcc/arm-none-eabi/11.3.1/../../../../arm-none-eabi/lib/thumb/v7e-m+dp/hard\libc_nano.a(libc_a-lock.o)
                0x00000000080096f6                __retarget_lock_release_recursive
 .text.memcpy   0x00000000080096f8       0x1c C:/ST/STM32CubeIDE_1.13.1/STM32CubeIDE/plugins/com.st.stm32cube.ide.mcu.externaltools.gnu-tools-for-stm32.11.3.rel1.win32_1.1.0.202305231506/tools/bin/../lib/gcc/arm-none-eabi/11.3.1/../../../../arm-none-eabi/lib/thumb/v7e-m+dp/hard\libc_nano.a(libc_a-memcpy-stub.o)
                0x00000000080096f8                memcpy
 .text.__assert_func
                0x0000000008009714       0x3c C:/ST/STM32CubeIDE_1.13.1/STM32CubeIDE/plugins/com.st.stm32cube.ide.mcu.externaltools.gnu-tools-for-stm32.11.3.rel1.win32_1.1.0.202305231506/tools/bin/../lib/gcc/arm-none-eabi/11.3.1/../../../../arm-none-eabi/lib/thumb/v7e-m+dp/hard\libc_nano.a(libc_a-assert.o)
                0x0000000008009714                __assert_func
 .text.quorem   0x0000000008009750      0x110 C:/ST/STM32CubeIDE_1.13.1/STM32CubeIDE/plugins/com.st.stm32cube.ide.mcu.externaltools.gnu-tools-for-stm32.11.3.rel1.win32_1.1.0.202305231506/tools/bin/../lib/gcc/arm-none-eabi/11.3.1/../../../../arm-none-eabi/lib/thumb/v7e-m+dp/hard\libc_nano.a(libc_a-dtoa.o)
 .text._dtoa_r  0x0000000008009860      0xad8 C:/ST/STM32CubeIDE_1.13.1/STM32CubeIDE/plugins/com.st.stm32cube.ide.mcu.externaltools.gnu-tools-for-stm32.11.3.rel1.win32_1.1.0.202305231506/tools/bin/../lib/gcc/arm-none-eabi/11.3.1/../../../../arm-none-eabi/lib/thumb/v7e-m+dp/hard\libc_nano.a(libc_a-dtoa.o)
                0x0000000008009860                _dtoa_r
 .text._free_r  0x000000000800a338       0x98 C:/ST/STM32CubeIDE_1.13.1/STM32CubeIDE/plugins/com.st.stm32cube.ide.mcu.externaltools.gnu-tools-for-stm32.11.3.rel1.win32_1.1.0.202305231506/tools/bin/../lib/gcc/arm-none-eabi/11.3.1/../../../../arm-none-eabi/lib/thumb/v7e-m+dp/hard\libc_nano.a(libc_a-freer.o)
                0x000000000800a338                _free_r
 .text._Balloc  0x000000000800a3d0       0x80 C:/ST/STM32CubeIDE_1.13.1/STM32CubeIDE/plugins/com.st.stm32cube.ide.mcu.externaltools.gnu-tools-for-stm32.11.3.rel1.win32_1.1.0.202305231506/tools/bin/../lib/gcc/arm-none-eabi/11.3.1/../../../../arm-none-eabi/lib/thumb/v7e-m+dp/hard\libc_nano.a(libc_a-mprec.o)
                0x000000000800a3d0                _Balloc
 .text._Bfree   0x000000000800a450       0x44 C:/ST/STM32CubeIDE_1.13.1/STM32CubeIDE/plugins/com.st.stm32cube.ide.mcu.externaltools.gnu-tools-for-stm32.11.3.rel1.win32_1.1.0.202305231506/tools/bin/../lib/gcc/arm-none-eabi/11.3.1/../../../../arm-none-eabi/lib/thumb/v7e-m+dp/hard\libc_nano.a(libc_a-mprec.o)
                0x000000000800a450                _Bfree
 .text.__multadd
                0x000000000800a494       0x8c C:/ST/STM32CubeIDE_1.13.1/STM32CubeIDE/plugins/com.st.stm32cube.ide.mcu.externaltools.gnu-tools-for-stm32.11.3.rel1.win32_1.1.0.202305231506/tools/bin/../lib/gcc/arm-none-eabi/11.3.1/../../../../arm-none-eabi/lib/thumb/v7e-m+dp/hard\libc_nano.a(libc_a-mprec.o)
                0x000000000800a494                __multadd
 .text.__hi0bits
                0x000000000800a520       0x40 C:/ST/STM32CubeIDE_1.13.1/STM32CubeIDE/plugins/com.st.stm32cube.ide.mcu.externaltools.gnu-tools-for-stm32.11.3.rel1.win32_1.1.0.202305231506/tools/bin/../lib/gcc/arm-none-eabi/11.3.1/../../../../arm-none-eabi/lib/thumb/v7e-m+dp/hard\libc_nano.a(libc_a-mprec.o)
                0x000000000800a520                __hi0bits
 .text.__lo0bits
                0x000000000800a560       0x5a C:/ST/STM32CubeIDE_1.13.1/STM32CubeIDE/plugins/com.st.stm32cube.ide.mcu.externaltools.gnu-tools-for-stm32.11.3.rel1.win32_1.1.0.202305231506/tools/bin/../lib/gcc/arm-none-eabi/11.3.1/../../../../arm-none-eabi/lib/thumb/v7e-m+dp/hard\libc_nano.a(libc_a-mprec.o)
                0x000000000800a560                __lo0bits
 *fill*         0x000000000800a5ba        0x2 
 .text.__i2b    0x000000000800a5bc       0x2c C:/ST/STM32CubeIDE_1.13.1/STM32CubeIDE/plugins/com.st.stm32cube.ide.mcu.externaltools.gnu-tools-for-stm32.11.3.rel1.win32_1.1.0.202305231506/tools/bin/../lib/gcc/arm-none-eabi/11.3.1/../../../../arm-none-eabi/lib/thumb/v7e-m+dp/hard\libc_nano.a(libc_a-mprec.o)
                0x000000000800a5bc                __i2b
 .text.__multiply
                0x000000000800a5e8      0x154 C:/ST/STM32CubeIDE_1.13.1/STM32CubeIDE/plugins/com.st.stm32cube.ide.mcu.externaltools.gnu-tools-for-stm32.11.3.rel1.win32_1.1.0.202305231506/tools/bin/../lib/gcc/arm-none-eabi/11.3.1/../../../../arm-none-eabi/lib/thumb/v7e-m+dp/hard\libc_nano.a(libc_a-mprec.o)
                0x000000000800a5e8                __multiply
 .text.__pow5mult
                0x000000000800a73c       0xb4 C:/ST/STM32CubeIDE_1.13.1/STM32CubeIDE/plugins/com.st.stm32cube.ide.mcu.externaltools.gnu-tools-for-stm32.11.3.rel1.win32_1.1.0.202305231506/tools/bin/../lib/gcc/arm-none-eabi/11.3.1/../../../../arm-none-eabi/lib/thumb/v7e-m+dp/hard\libc_nano.a(libc_a-mprec.o)
                0x000000000800a73c                __pow5mult
 .text.__lshift
                0x000000000800a7f0       0xd8 C:/ST/STM32CubeIDE_1.13.1/STM32CubeIDE/plugins/com.st.stm32cube.ide.mcu.externaltools.gnu-tools-for-stm32.11.3.rel1.win32_1.1.0.202305231506/tools/bin/../lib/gcc/arm-none-eabi/11.3.1/../../../../arm-none-eabi/lib/thumb/v7e-m+dp/hard\libc_nano.a(libc_a-mprec.o)
                0x000000000800a7f0                __lshift
 .text.__mcmp   0x000000000800a8c8       0x38 C:/ST/STM32CubeIDE_1.13.1/STM32CubeIDE/plugins/com.st.stm32cube.ide.mcu.externaltools.gnu-tools-for-stm32.11.3.rel1.win32_1.1.0.202305231506/tools/bin/../lib/gcc/arm-none-eabi/11.3.1/../../../../arm-none-eabi/lib/thumb/v7e-m+dp/hard\libc_nano.a(libc_a-mprec.o)
                0x000000000800a8c8                __mcmp
 .text.__mdiff  0x000000000800a900      0x114 C:/ST/STM32CubeIDE_1.13.1/STM32CubeIDE/plugins/com.st.stm32cube.ide.mcu.externaltools.gnu-tools-for-stm32.11.3.rel1.win32_1.1.0.202305231506/tools/bin/../lib/gcc/arm-none-eabi/11.3.1/../../../../arm-none-eabi/lib/thumb/v7e-m+dp/hard\libc_nano.a(libc_a-mprec.o)
                0x000000000800a900                __mdiff
 .text.__d2b    0x000000000800aa14       0xb4 C:/ST/STM32CubeIDE_1.13.1/STM32CubeIDE/plugins/com.st.stm32cube.ide.mcu.externaltools.gnu-tools-for-stm32.11.3.rel1.win32_1.1.0.202305231506/tools/bin/../lib/gcc/arm-none-eabi/11.3.1/../../../../arm-none-eabi/lib/thumb/v7e-m+dp/hard\libc_nano.a(libc_a-mprec.o)
                0x000000000800aa14                __d2b
 .text.fprintf  0x000000000800aac8       0x24 C:/ST/STM32CubeIDE_1.13.1/STM32CubeIDE/plugins/com.st.stm32cube.ide.mcu.externaltools.gnu-tools-for-stm32.11.3.rel1.win32_1.1.0.202305231506/tools/bin/../lib/gcc/arm-none-eabi/11.3.1/../../../../arm-none-eabi/lib/thumb/v7e-m+dp/hard\libc_nano.a(libc_a-fprintf.o)
                0x000000000800aac8                fiprintf
                0x000000000800aac8                fprintf
 .text.abort    0x000000000800aaec        0xe C:/ST/STM32CubeIDE_1.13.1/STM32CubeIDE/plugins/com.st.stm32cube.ide.mcu.externaltools.gnu-tools-for-stm32.11.3.rel1.win32_1.1.0.202305231506/tools/bin/../lib/gcc/arm-none-eabi/11.3.1/../../../../arm-none-eabi/lib/thumb/v7e-m+dp/hard\libc_nano.a(libc_a-abort.o)
                0x000000000800aaec                abort
 .text._calloc_r
                0x000000000800aafa       0x2c C:/ST/STM32CubeIDE_1.13.1/STM32CubeIDE/plugins/com.st.stm32cube.ide.mcu.externaltools.gnu-tools-for-stm32.11.3.rel1.win32_1.1.0.202305231506/tools/bin/../lib/gcc/arm-none-eabi/11.3.1/../../../../arm-none-eabi/lib/thumb/v7e-m+dp/hard\libc_nano.a(libc_a-callocr.o)
                0x000000000800aafa                _calloc_r
 .text.__ascii_mbtowc
                0x000000000800ab26       0x24 C:/ST/STM32CubeIDE_1.13.1/STM32CubeIDE/plugins/com.st.stm32cube.ide.mcu.externaltools.gnu-tools-for-stm32.11.3.rel1.win32_1.1.0.202305231506/tools/bin/../lib/gcc/arm-none-eabi/11.3.1/../../../../arm-none-eabi/lib/thumb/v7e-m+dp/hard\libc_nano.a(libc_a-mbtowc_r.o)
                0x000000000800ab26                __ascii_mbtowc
 .text.__ascii_wctomb
                0x000000000800ab4a       0x1a C:/ST/STM32CubeIDE_1.13.1/STM32CubeIDE/plugins/com.st.stm32cube.ide.mcu.externaltools.gnu-tools-for-stm32.11.3.rel1.win32_1.1.0.202305231506/tools/bin/../lib/gcc/arm-none-eabi/11.3.1/../../../../arm-none-eabi/lib/thumb/v7e-m+dp/hard\libc_nano.a(libc_a-wctomb_r.o)
                0x000000000800ab4a                __ascii_wctomb
 .text.__sfputc_r
                0x000000000800ab64       0x2e C:/ST/STM32CubeIDE_1.13.1/STM32CubeIDE/plugins/com.st.stm32cube.ide.mcu.externaltools.gnu-tools-for-stm32.11.3.rel1.win32_1.1.0.202305231506/tools/bin/../lib/gcc/arm-none-eabi/11.3.1/../../../../arm-none-eabi/lib/thumb/v7e-m+dp/hard\libc_nano.a(libc_a-nano-vfprintf.o)
 .text.__sfputs_r
                0x000000000800ab92       0x24 C:/ST/STM32CubeIDE_1.13.1/STM32CubeIDE/plugins/com.st.stm32cube.ide.mcu.externaltools.gnu-tools-for-stm32.11.3.rel1.win32_1.1.0.202305231506/tools/bin/../lib/gcc/arm-none-eabi/11.3.1/../../../../arm-none-eabi/lib/thumb/v7e-m+dp/hard\libc_nano.a(libc_a-nano-vfprintf.o)
                0x000000000800ab92                __sfputs_r
 *fill*         0x000000000800abb6        0x2 
 .text._vfprintf_r
                0x000000000800abb8      0x234 C:/ST/STM32CubeIDE_1.13.1/STM32CubeIDE/plugins/com.st.stm32cube.ide.mcu.externaltools.gnu-tools-for-stm32.11.3.rel1.win32_1.1.0.202305231506/tools/bin/../lib/gcc/arm-none-eabi/11.3.1/../../../../arm-none-eabi/lib/thumb/v7e-m+dp/hard\libc_nano.a(libc_a-nano-vfprintf.o)
                0x000000000800abb8                _vfprintf_r
                0x000000000800abb8                _vfiprintf_r
 .text.__swbuf_r
                0x000000000800adec       0x7a C:/ST/STM32CubeIDE_1.13.1/STM32CubeIDE/plugins/com.st.stm32cube.ide.mcu.externaltools.gnu-tools-for-stm32.11.3.rel1.win32_1.1.0.202305231506/tools/bin/../lib/gcc/arm-none-eabi/11.3.1/../../../../arm-none-eabi/lib/thumb/v7e-m+dp/hard\libc_nano.a(libc_a-wbuf.o)
                0x000000000800adec                __swbuf_r
 *fill*         0x000000000800ae66        0x2 
 .text.__swsetup_r
                0x000000000800ae68       0xb0 C:/ST/STM32CubeIDE_1.13.1/STM32CubeIDE/plugins/com.st.stm32cube.ide.mcu.externaltools.gnu-tools-for-stm32.11.3.rel1.win32_1.1.0.202305231506/tools/bin/../lib/gcc/arm-none-eabi/11.3.1/../../../../arm-none-eabi/lib/thumb/v7e-m+dp/hard\libc_nano.a(libc_a-wsetup.o)
                0x000000000800ae68                __swsetup_r
 .text._raise_r
                0x000000000800af18       0x50 C:/ST/STM32CubeIDE_1.13.1/STM32CubeIDE/plugins/com.st.stm32cube.ide.mcu.externaltools.gnu-tools-for-stm32.11.3.rel1.win32_1.1.0.202305231506/tools/bin/../lib/gcc/arm-none-eabi/11.3.1/../../../../arm-none-eabi/lib/thumb/v7e-m+dp/hard\libc_nano.a(libc_a-signal.o)
                0x000000000800af18                _raise_r
 .text.raise    0x000000000800af68       0x10 C:/ST/STM32CubeIDE_1.13.1/STM32CubeIDE/plugins/com.st.stm32cube.ide.mcu.externaltools.gnu-tools-for-stm32.11.3.rel1.win32_1.1.0.202305231506/tools/bin/../lib/gcc/arm-none-eabi/11.3.1/../../../../arm-none-eabi/lib/thumb/v7e-m+dp/hard\libc_nano.a(libc_a-signal.o)
                0x000000000800af68                raise
 .text._kill_r  0x000000000800af78       0x24 C:/ST/STM32CubeIDE_1.13.1/STM32CubeIDE/plugins/com.st.stm32cube.ide.mcu.externaltools.gnu-tools-for-stm32.11.3.rel1.win32_1.1.0.202305231506/tools/bin/../lib/gcc/arm-none-eabi/11.3.1/../../../../arm-none-eabi/lib/thumb/v7e-m+dp/hard\libc_nano.a(libc_a-signalr.o)
                0x000000000800af78                _kill_r
 .text._getpid_r
                0x000000000800af9c        0x4 C:/ST/STM32CubeIDE_1.13.1/STM32CubeIDE/plugins/com.st.stm32cube.ide.mcu.externaltools.gnu-tools-for-stm32.11.3.rel1.win32_1.1.0.202305231506/tools/bin/../lib/gcc/arm-none-eabi/11.3.1/../../../../arm-none-eabi/lib/thumb/v7e-m+dp/hard\libc_nano.a(libc_a-signalr.o)
                0x000000000800af9c                _getpid_r
 .text.__swhatbuf_r
                0x000000000800afa0       0x4c C:/ST/STM32CubeIDE_1.13.1/STM32CubeIDE/plugins/com.st.stm32cube.ide.mcu.externaltools.gnu-tools-for-stm32.11.3.rel1.win32_1.1.0.202305231506/tools/bin/../lib/gcc/arm-none-eabi/11.3.1/../../../../arm-none-eabi/lib/thumb/v7e-m+dp/hard\libc_nano.a(libc_a-makebuf.o)
                0x000000000800afa0                __swhatbuf_r
 .text.__smakebuf_r
                0x000000000800afec       0x78 C:/ST/STM32CubeIDE_1.13.1/STM32CubeIDE/plugins/com.st.stm32cube.ide.mcu.externaltools.gnu-tools-for-stm32.11.3.rel1.win32_1.1.0.202305231506/tools/bin/../lib/gcc/arm-none-eabi/11.3.1/../../../../arm-none-eabi/lib/thumb/v7e-m+dp/hard\libc_nano.a(libc_a-makebuf.o)
                0x000000000800afec                __smakebuf_r
 .text._fstat_r
                0x000000000800b064       0x24 C:/ST/STM32CubeIDE_1.13.1/STM32CubeIDE/plugins/com.st.stm32cube.ide.mcu.externaltools.gnu-tools-for-stm32.11.3.rel1.win32_1.1.0.202305231506/tools/bin/../lib/gcc/arm-none-eabi/11.3.1/../../../../arm-none-eabi/lib/thumb/v7e-m+dp/hard\libc_nano.a(libc_a-fstatr.o)
                0x000000000800b064                _fstat_r
 .text._isatty_r
                0x000000000800b088       0x20 C:/ST/STM32CubeIDE_1.13.1/STM32CubeIDE/plugins/com.st.stm32cube.ide.mcu.externaltools.gnu-tools-for-stm32.11.3.rel1.win32_1.1.0.202305231506/tools/bin/../lib/gcc/arm-none-eabi/11.3.1/../../../../arm-none-eabi/lib/thumb/v7e-m+dp/hard\libc_nano.a(libc_a-isattyr.o)
                0x000000000800b088                _isatty_r
 .text.expf     0x000000000800b0a8       0xe8 C:/ST/STM32CubeIDE_1.13.1/STM32CubeIDE/plugins/com.st.stm32cube.ide.mcu.externaltools.gnu-tools-for-stm32.11.3.rel1.win32_1.1.0.202305231506/tools/bin/../lib/gcc/arm-none-eabi/11.3.1/../../../../arm-none-eabi/lib/thumb/v7e-m+dp/hard\libm.a(libm_a-sf_exp.o)
                0x000000000800b0a8                expf
 .text.with_errnof
                0x000000000800b190       0x16 C:/ST/STM32CubeIDE_1.13.1/STM32CubeIDE/plugins/com.st.stm32cube.ide.mcu.externaltools.gnu-tools-for-stm32.11.3.rel1.win32_1.1.0.202305231506/tools/bin/../lib/gcc/arm-none-eabi/11.3.1/../../../../arm-none-eabi/lib/thumb/v7e-m+dp/hard\libm.a(libm_a-math_errf.o)
 .text.xflowf   0x000000000800b1a6       0x16 C:/ST/STM32CubeIDE_1.13.1/STM32CubeIDE/plugins/com.st.stm32cube.ide.mcu.externaltools.gnu-tools-for-stm32.11.3.rel1.win32_1.1.0.202305231506/tools/bin/../lib/gcc/arm-none-eabi/11.3.1/../../../../arm-none-eabi/lib/thumb/v7e-m+dp/hard\libm.a(libm_a-math_errf.o)
 .text.__math_uflowf
                0x000000000800b1bc        0xc C:/ST/STM32CubeIDE_1.13.1/STM32CubeIDE/plugins/com.st.stm32cube.ide.mcu.externaltools.gnu-tools-for-stm32.11.3.rel1.win32_1.1.0.202305231506/tools/bin/../lib/gcc/arm-none-eabi/11.3.1/../../../../arm-none-eabi/lib/thumb/v7e-m+dp/hard\libm.a(libm_a-math_errf.o)
                0x000000000800b1bc                __math_uflowf
 .text.__math_may_uflowf
                0x000000000800b1c8        0xc C:/ST/STM32CubeIDE_1.13.1/STM32CubeIDE/plugins/com.st.stm32cube.ide.mcu.externaltools.gnu-tools-for-stm32.11.3.rel1.win32_1.1.0.202305231506/tools/bin/../lib/gcc/arm-none-eabi/11.3.1/../../../../arm-none-eabi/lib/thumb/v7e-m+dp/hard\libm.a(libm_a-math_errf.o)
                0x000000000800b1c8                __math_may_uflowf
 .text.__math_oflowf
                0x000000000800b1d4        0xc C:/ST/STM32CubeIDE_1.13.1/STM32CubeIDE/plugins/com.st.stm32cube.ide.mcu.externaltools.gnu-tools-for-stm32.11.3.rel1.win32_1.1.0.202305231506/tools/bin/../lib/gcc/arm-none-eabi/11.3.1/../../../../arm-none-eabi/lib/thumb/v7e-m+dp/hard\libm.a(libm_a-math_errf.o)
                0x000000000800b1d4                __math_oflowf
 .text._close   0x000000000800b1e0       0x10 C:/ST/STM32CubeIDE_1.13.1/STM32CubeIDE/plugins/com.st.stm32cube.ide.mcu.externaltools.gnu-tools-for-stm32.11.3.rel1.win32_1.1.0.202305231506/tools/bin/../lib/gcc/arm-none-eabi/11.3.1/../../../../arm-none-eabi/lib/thumb/v7e-m+dp/hard\libnosys.a(close.o)
                0x000000000800b1e0                _close
 .text._fstat   0x000000000800b1f0       0x10 C:/ST/STM32CubeIDE_1.13.1/STM32CubeIDE/plugins/com.st.stm32cube.ide.mcu.externaltools.gnu-tools-for-stm32.11.3.rel1.win32_1.1.0.202305231506/tools/bin/../lib/gcc/arm-none-eabi/11.3.1/../../../../arm-none-eabi/lib/thumb/v7e-m+dp/hard\libnosys.a(fstat.o)
                0x000000000800b1f0                _fstat
 .text._getpid  0x000000000800b200       0x10 C:/ST/STM32CubeIDE_1.13.1/STM32CubeIDE/plugins/com.st.stm32cube.ide.mcu.externaltools.gnu-tools-for-stm32.11.3.rel1.win32_1.1.0.202305231506/tools/bin/../lib/gcc/arm-none-eabi/11.3.1/../../../../arm-none-eabi/lib/thumb/v7e-m+dp/hard\libnosys.a(getpid.o)
                0x000000000800b200                _getpid
 .text._isatty  0x000000000800b210       0x10 C:/ST/STM32CubeIDE_1.13.1/STM32CubeIDE/plugins/com.st.stm32cube.ide.mcu.externaltools.gnu-tools-for-stm32.11.3.rel1.win32_1.1.0.202305231506/tools/bin/../lib/gcc/arm-none-eabi/11.3.1/../../../../arm-none-eabi/lib/thumb/v7e-m+dp/hard\libnosys.a(isatty.o)
                0x000000000800b210                _isatty
 .text._kill    0x000000000800b220       0x10 C:/ST/STM32CubeIDE_1.13.1/STM32CubeIDE/plugins/com.st.stm32cube.ide.mcu.externaltools.gnu-tools-for-stm32.11.3.rel1.win32_1.1.0.202305231506/tools/bin/../lib/gcc/arm-none-eabi/11.3.1/../../../../arm-none-eabi/lib/thumb/v7e-m+dp/hard\libnosys.a(kill.o)
                0x000000000800b220                _kill
 .text._lseek   0x000000000800b230       0x10 C:/ST/STM32CubeIDE_1.13.1/STM32CubeIDE/plugins/com.st.stm32cube.ide.mcu.externaltools.gnu-tools-for-stm32.11.3.rel1.win32_1.1.0.202305231506/tools/bin/../lib/gcc/arm-none-eabi/11.3.1/../../../../arm-none-eabi/lib/thumb/v7e-m+dp/hard\libnosys.a(lseek.o)
                0x000000000800b230                _lseek
 .text._read    0x000000000800b240       0x10 C:/ST/STM32CubeIDE_1.13.1/STM32CubeIDE/plugins/com.st.stm32cube.ide.mcu.externaltools.gnu-tools-for-stm32.11.3.rel1.win32_1.1.0.202305231506/tools/bin/../lib/gcc/arm-none-eabi/11.3.1/../../../../arm-none-eabi/lib/thumb/v7e-m+dp/hard\libnosys.a(read.o)
                0x000000000800b240                _read
 .text._exit    0x000000000800b250        0x2 C:/ST/STM32CubeIDE_1.13.1/STM32CubeIDE/plugins/com.st.stm32cube.ide.mcu.externaltools.gnu-tools-for-stm32.11.3.rel1.win32_1.1.0.202305231506/tools/bin/../lib/gcc/arm-none-eabi/11.3.1/../../../../arm-none-eabi/lib/thumb/v7e-m+dp/hard\libnosys.a(_exit.o)
                0x000000000800b250                _exit
 *(.glue_7)
 .glue_7        0x000000000800b252        0x0 linker stubs
 *(.glue_7t)
 .glue_7t       0x000000000800b252        0x0 linker stubs
 *(.eh_frame)
 *fill*         0x000000000800b252        0x2 
 .eh_frame      0x000000000800b254        0x0 C:/ST/STM32CubeIDE_1.13.1/STM32CubeIDE/plugins/com.st.stm32cube.ide.mcu.externaltools.gnu-tools-for-stm32.11.3.rel1.win32_1.1.0.202305231506/tools/bin/../lib/gcc/arm-none-eabi/11.3.1/thumb/v7e-m+dp/hard/crtbegin.o
 *(.init)
 .init          0x000000000800b254        0x4 C:/ST/STM32CubeIDE_1.13.1/STM32CubeIDE/plugins/com.st.stm32cube.ide.mcu.externaltools.gnu-tools-for-stm32.11.3.rel1.win32_1.1.0.202305231506/tools/bin/../lib/gcc/arm-none-eabi/11.3.1/thumb/v7e-m+dp/hard/crti.o
                0x000000000800b254                _init
 .init          0x000000000800b258        0x8 C:/ST/STM32CubeIDE_1.13.1/STM32CubeIDE/plugins/com.st.stm32cube.ide.mcu.externaltools.gnu-tools-for-stm32.11.3.rel1.win32_1.1.0.202305231506/tools/bin/../lib/gcc/arm-none-eabi/11.3.1/thumb/v7e-m+dp/hard/crtn.o
 *(.fini)
 .fini          0x000000000800b260        0x4 C:/ST/STM32CubeIDE_1.13.1/STM32CubeIDE/plugins/com.st.stm32cube.ide.mcu.externaltools.gnu-tools-for-stm32.11.3.rel1.win32_1.1.0.202305231506/tools/bin/../lib/gcc/arm-none-eabi/11.3.1/thumb/v7e-m+dp/hard/crti.o
                0x000000000800b260                _fini
 .fini          0x000000000800b264        0x8 C:/ST/STM32CubeIDE_1.13.1/STM32CubeIDE/plugins/com.st.stm32cube.ide.mcu.externaltools.gnu-tools-for-stm32.11.3.rel1.win32_1.1.0.202305231506/tools/bin/../lib/gcc/arm-none-eabi/11.3.1/thumb/v7e-m+dp/hard/crtn.o
                0x000000000800b26c                . = ALIGN (0x4)
                0x000000000800b26c                _etext = .

.vfp11_veneer   0x000000000800b26c        0x0
 .vfp11_veneer  0x000000000800b26c        0x0 linker stubs

.v4_bx          0x000000000800b26c        0x0
 .v4_bx         0x000000000800b26c        0x0 linker stubs

.iplt           0x000000000800b26c        0x0
 .iplt          0x000000000800b26c        0x0 C:/ST/STM32CubeIDE_1.13.1/STM32CubeIDE/plugins/com.st.stm32cube.ide.mcu.externaltools.gnu-tools-for-stm32.11.3.rel1.win32_1.1.0.202305231506/tools/bin/../lib/gcc/arm-none-eabi/11.3.1/thumb/v7e-m+dp/hard/crtbegin.o

.rodata         0x000000000800b280     0x59a0
                0x000000000800b280                . = ALIGN (0x4)
 *(.rodata)
 .rodata        0x000000000800b280      0x7c8 ./X-CUBE-AI/App/aiSystemPerformance.o
 .rodata        0x000000000800ba48      0x274 ./X-CUBE-AI/App/aiTestHelper.o
 .rodata        0x000000000800bcbc      0x1df ./X-CUBE-AI/App/aiTestUtility.o
 *fill*         0x000000000800be9b        0x1 
 .rodata        0x000000000800be9c       0x10 ./X-CUBE-AI/App/myrnn_data.o
 .rodata        0x000000000800beac       0x10 ../Middlewares/ST/AI/Lib\NetworkRuntime810_CM7_GCC.a(ai_platform_interface.o)
 *(.rodata*)
 .rodata.AHBPrescTable
                0x000000000800bebc       0x10 ./Core/Src/system_stm32f7xx.o
                0x000000000800bebc                AHBPrescTable
 .rodata.APBPrescTable
                0x000000000800becc        0x8 ./Core/Src/system_stm32f7xx.o
                0x000000000800becc                APBPrescTable
 .rodata.CSWTCH.54
                0x000000000800bed4        0x3 ./Drivers/STM32F7xx_HAL_Driver/Src/stm32f7xx_hal_uart.o
 .rodata.CSWTCH.55
                0x000000000800bed7        0xd ./Drivers/STM32F7xx_HAL_Driver/Src/stm32f7xx_hal_uart.o
 .rodata.CSWTCH.15
                0x000000000800bee4       0x28 ./X-CUBE-AI/App/aiTestUtility.o
 .rodata.ai_mnetwork_is_valid.constprop.0.str1.1
                0x000000000800bf0c        0x6 ./X-CUBE-AI/App/app_x-cube-ai.o
 *fill*         0x000000000800bf12        0x2 
 .rodata.networks
                0x000000000800bf14       0x2c ./X-CUBE-AI/App/app_x-cube-ai.o
 .rodata.vlc_print.str1.1
                0x000000000800bf40        0x7 ./X-CUBE-AI/App/lc_print.o
 .rodata.ai_myrnn_get_info.str1.1
                0x000000000800bf47       0x4f ./X-CUBE-AI/App/myrnn.o
                                         0x56 (size before relaxing)
 *fill*         0x000000000800bf96        0x2 
 .rodata.dense_chain
                0x000000000800bf98        0x8 ./X-CUBE-AI/App/myrnn.o
 .rodata.dense_dense_chain
                0x000000000800bfa0        0x8 ./X-CUBE-AI/App/myrnn.o
 .rodata.simple_rnn_chain
                0x000000000800bfa8        0x8 ./X-CUBE-AI/App/myrnn.o
 *fill*         0x000000000800bfb0       0x10 
 .rodata.s_myrnn_weights_array_u64
                0x000000000800bfc0     0x4308 ./X-CUBE-AI/App/myrnn_data_params.o
                0x000000000800bfc0                s_myrnn_weights_array_u64
 .rodata.ai_platform_runtime_get_revision.str1.4
                0x00000000080102c8        0x0 ../Middlewares/ST/AI/Lib\NetworkRuntime810_CM7_GCC.a(ai_platform_interface.o)
                                          0x1 (size before relaxing)
 .rodata.v.0    0x00000000080102c8        0x4 ../Middlewares/ST/AI/Lib\NetworkRuntime810_CM7_GCC.a(ai_platform_interface.o)
 .rodata.v.1    0x00000000080102cc        0x4 ../Middlewares/ST/AI/Lib\NetworkRuntime810_CM7_GCC.a(ai_platform_interface.o)
 .rodata.v.2    0x00000000080102d0        0x4 ../Middlewares/ST/AI/Lib\NetworkRuntime810_CM7_GCC.a(ai_platform_interface.o)
 .rodata.ai_layer_type_name.str1.4
                0x00000000080102d4        0x1 ../Middlewares/ST/AI/Lib\NetworkRuntime810_CM7_GCC.a(layers.o)
 .rodata.str1.4
                0x00000000080102d4      0x22c ../Middlewares/ST/AI/Lib\NetworkRuntime810_CM7_GCC.a(layers.o)
 .rodata.CSWTCH.11
                0x0000000008010500      0x210 ../Middlewares/ST/AI/Lib\NetworkRuntime810_CM7_GCC.a(layers.o)
 .rodata.srand.str1.1
                0x0000000008010710       0x6f C:/ST/STM32CubeIDE_1.13.1/STM32CubeIDE/plugins/com.st.stm32cube.ide.mcu.externaltools.gnu-tools-for-stm32.11.3.rel1.win32_1.1.0.202305231506/tools/bin/../lib/gcc/arm-none-eabi/11.3.1/../../../../arm-none-eabi/lib/thumb/v7e-m+dp/hard\libc_nano.a(libc_a-rand.o)
 .rodata._printf_float.str1.1
                0x000000000801077f       0x12 C:/ST/STM32CubeIDE_1.13.1/STM32CubeIDE/plugins/com.st.stm32cube.ide.mcu.externaltools.gnu-tools-for-stm32.11.3.rel1.win32_1.1.0.202305231506/tools/bin/../lib/gcc/arm-none-eabi/11.3.1/../../../../arm-none-eabi/lib/thumb/v7e-m+dp/hard\libc_nano.a(libc_a-nano-vfprintf_float.o)
 .rodata._printf_i.str1.1
                0x0000000008010791       0x22 C:/ST/STM32CubeIDE_1.13.1/STM32CubeIDE/plugins/com.st.stm32cube.ide.mcu.externaltools.gnu-tools-for-stm32.11.3.rel1.win32_1.1.0.202305231506/tools/bin/../lib/gcc/arm-none-eabi/11.3.1/../../../../arm-none-eabi/lib/thumb/v7e-m+dp/hard\libc_nano.a(libc_a-nano-vfprintf_i.o)
 .rodata.__assert_func.str1.1
                0x00000000080107b3       0x3c C:/ST/STM32CubeIDE_1.13.1/STM32CubeIDE/plugins/com.st.stm32cube.ide.mcu.externaltools.gnu-tools-for-stm32.11.3.rel1.win32_1.1.0.202305231506/tools/bin/../lib/gcc/arm-none-eabi/11.3.1/../../../../arm-none-eabi/lib/thumb/v7e-m+dp/hard\libc_nano.a(libc_a-assert.o)
                                         0x3d (size before relaxing)
 .rodata._dtoa_r.str1.1
                0x00000000080107ef       0x76 C:/ST/STM32CubeIDE_1.13.1/STM32CubeIDE/plugins/com.st.stm32cube.ide.mcu.externaltools.gnu-tools-for-stm32.11.3.rel1.win32_1.1.0.202305231506/tools/bin/../lib/gcc/arm-none-eabi/11.3.1/../../../../arm-none-eabi/lib/thumb/v7e-m+dp/hard\libc_nano.a(libc_a-dtoa.o)
                                         0x8f (size before relaxing)
 .rodata._Balloc.str1.1
                0x0000000008010865       0x59 C:/ST/STM32CubeIDE_1.13.1/STM32CubeIDE/plugins/com.st.stm32cube.ide.mcu.externaltools.gnu-tools-for-stm32.11.3.rel1.win32_1.1.0.202305231506/tools/bin/../lib/gcc/arm-none-eabi/11.3.1/../../../../arm-none-eabi/lib/thumb/v7e-m+dp/hard\libc_nano.a(libc_a-mprec.o)
                                         0x70 (size before relaxing)
 .rodata.__multadd.str1.1
                0x00000000080108be       0x11 C:/ST/STM32CubeIDE_1.13.1/STM32CubeIDE/plugins/com.st.stm32cube.ide.mcu.externaltools.gnu-tools-for-stm32.11.3.rel1.win32_1.1.0.202305231506/tools/bin/../lib/gcc/arm-none-eabi/11.3.1/../../../../arm-none-eabi/lib/thumb/v7e-m+dp/hard\libc_nano.a(libc_a-mprec.o)
 *fill*         0x00000000080108be        0x2 
 .rodata.__mprec_bigtens
                0x00000000080108c0       0x28 C:/ST/STM32CubeIDE_1.13.1/STM32CubeIDE/plugins/com.st.stm32cube.ide.mcu.externaltools.gnu-tools-for-stm32.11.3.rel1.win32_1.1.0.202305231506/tools/bin/../lib/gcc/arm-none-eabi/11.3.1/../../../../arm-none-eabi/lib/thumb/v7e-m+dp/hard\libc_nano.a(libc_a-mprec.o)
                0x00000000080108c0                __mprec_bigtens
 .rodata.__mprec_tens
                0x00000000080108e8       0xc8 C:/ST/STM32CubeIDE_1.13.1/STM32CubeIDE/plugins/com.st.stm32cube.ide.mcu.externaltools.gnu-tools-for-stm32.11.3.rel1.win32_1.1.0.202305231506/tools/bin/../lib/gcc/arm-none-eabi/11.3.1/../../../../arm-none-eabi/lib/thumb/v7e-m+dp/hard\libc_nano.a(libc_a-mprec.o)
                0x00000000080108e8                __mprec_tens
 .rodata.p05.0  0x00000000080109b0        0xc C:/ST/STM32CubeIDE_1.13.1/STM32CubeIDE/plugins/com.st.stm32cube.ide.mcu.externaltools.gnu-tools-for-stm32.11.3.rel1.win32_1.1.0.202305231506/tools/bin/../lib/gcc/arm-none-eabi/11.3.1/../../../../arm-none-eabi/lib/thumb/v7e-m+dp/hard\libc_nano.a(libc_a-mprec.o)
 .rodata._setlocale_r.str1.1
                0x00000000080109bc        0x8 C:/ST/STM32CubeIDE_1.13.1/STM32CubeIDE/plugins/com.st.stm32cube.ide.mcu.externaltools.gnu-tools-for-stm32.11.3.rel1.win32_1.1.0.202305231506/tools/bin/../lib/gcc/arm-none-eabi/11.3.1/../../../../arm-none-eabi/lib/thumb/v7e-m+dp/hard\libc_nano.a(libc_a-locale.o)
                                          0x9 (size before relaxing)
 .rodata.str1.1
                0x00000000080109c4        0x2 C:/ST/STM32CubeIDE_1.13.1/STM32CubeIDE/plugins/com.st.stm32cube.ide.mcu.externaltools.gnu-tools-for-stm32.11.3.rel1.win32_1.1.0.202305231506/tools/bin/../lib/gcc/arm-none-eabi/11.3.1/../../../../arm-none-eabi/lib/thumb/v7e-m+dp/hard\libc_nano.a(libc_a-locale.o)
 .rodata._ctype_
                0x00000000080109c6      0x101 C:/ST/STM32CubeIDE_1.13.1/STM32CubeIDE/plugins/com.st.stm32cube.ide.mcu.externaltools.gnu-tools-for-stm32.11.3.rel1.win32_1.1.0.202305231506/tools/bin/../lib/gcc/arm-none-eabi/11.3.1/../../../../arm-none-eabi/lib/thumb/v7e-m+dp/hard\libc_nano.a(libc_a-ctype_.o)
                0x00000000080109c6                _ctype_
 .rodata._vfprintf_r.str1.1
                0x0000000008010ac7       0x11 C:/ST/STM32CubeIDE_1.13.1/STM32CubeIDE/plugins/com.st.stm32cube.ide.mcu.externaltools.gnu-tools-for-stm32.11.3.rel1.win32_1.1.0.202305231506/tools/bin/../lib/gcc/arm-none-eabi/11.3.1/../../../../arm-none-eabi/lib/thumb/v7e-m+dp/hard\libc_nano.a(libc_a-nano-vfprintf.o)
 .rodata.__exp2f_data
                0x0000000008010ad8      0x148 C:/ST/STM32CubeIDE_1.13.1/STM32CubeIDE/plugins/com.st.stm32cube.ide.mcu.externaltools.gnu-tools-for-stm32.11.3.rel1.win32_1.1.0.202305231506/tools/bin/../lib/gcc/arm-none-eabi/11.3.1/../../../../arm-none-eabi/lib/thumb/v7e-m+dp/hard\libm.a(libm_a-sf_exp2_data.o)
                0x0000000008010ad8                __exp2f_data
                0x0000000008010c20                . = ALIGN (0x4)

.ARM.extab      0x0000000008010c20        0x0
                0x0000000008010c20                . = ALIGN (0x4)
 *(.ARM.extab* .gnu.linkonce.armextab.*)
                0x0000000008010c20                . = ALIGN (0x4)

.ARM            0x0000000008010c20        0x8
                0x0000000008010c20                . = ALIGN (0x4)
                0x0000000008010c20                __exidx_start = .
 *(.ARM.exidx*)
 .ARM.exidx     0x0000000008010c20        0x8 C:/ST/STM32CubeIDE_1.13.1/STM32CubeIDE/plugins/com.st.stm32cube.ide.mcu.externaltools.gnu-tools-for-stm32.11.3.rel1.win32_1.1.0.202305231506/tools/bin/../lib/gcc/arm-none-eabi/11.3.1/thumb/v7e-m+dp/hard\libgcc.a(_udivmoddi4.o)
                0x0000000008010c28                __exidx_end = .
                0x0000000008010c28                . = ALIGN (0x4)

.rel.dyn        0x0000000008010c28        0x0
 .rel.iplt      0x0000000008010c28        0x0 C:/ST/STM32CubeIDE_1.13.1/STM32CubeIDE/plugins/com.st.stm32cube.ide.mcu.externaltools.gnu-tools-for-stm32.11.3.rel1.win32_1.1.0.202305231506/tools/bin/../lib/gcc/arm-none-eabi/11.3.1/thumb/v7e-m+dp/hard/crtbegin.o

.preinit_array  0x0000000008010c28        0x0
                0x0000000008010c28                . = ALIGN (0x4)
                0x0000000008010c28                PROVIDE (__preinit_array_start = .)
 *(.preinit_array*)
                0x0000000008010c28                PROVIDE (__preinit_array_end = .)
                0x0000000008010c28                . = ALIGN (0x4)

.init_array     0x0000000008010c28        0x4
                0x0000000008010c28                . = ALIGN (0x4)
                0x0000000008010c28                PROVIDE (__init_array_start = .)
 *(SORT_BY_NAME(.init_array.*))
 *(.init_array*)
 .init_array    0x0000000008010c28        0x4 C:/ST/STM32CubeIDE_1.13.1/STM32CubeIDE/plugins/com.st.stm32cube.ide.mcu.externaltools.gnu-tools-for-stm32.11.3.rel1.win32_1.1.0.202305231506/tools/bin/../lib/gcc/arm-none-eabi/11.3.1/thumb/v7e-m+dp/hard/crtbegin.o
                0x0000000008010c2c                PROVIDE (__init_array_end = .)
                0x0000000008010c2c                . = ALIGN (0x4)

.fini_array     0x0000000008010c2c        0x4
                0x0000000008010c2c                . = ALIGN (0x4)
                [!provide]                        PROVIDE (__fini_array_start = .)
 *(SORT_BY_NAME(.fini_array.*))
 *(.fini_array*)
 .fini_array    0x0000000008010c2c        0x4 C:/ST/STM32CubeIDE_1.13.1/STM32CubeIDE/plugins/com.st.stm32cube.ide.mcu.externaltools.gnu-tools-for-stm32.11.3.rel1.win32_1.1.0.202305231506/tools/bin/../lib/gcc/arm-none-eabi/11.3.1/thumb/v7e-m+dp/hard/crtbegin.o
                [!provide]                        PROVIDE (__fini_array_end = .)
                0x0000000008010c30                . = ALIGN (0x4)
                0x0000000008010c30                _sidata = LOADADDR (.data)

.data           0x0000000020000000      0x740 load address 0x0000000008010c30
                0x0000000020000000                . = ALIGN (0x4)
                0x0000000020000000                _sdata = .
 *(.data)
 *(.data*)
 .data.SystemCoreClock
                0x0000000020000000        0x4 ./Core/Src/system_stm32f7xx.o
                0x0000000020000000                SystemCoreClock
 .data.uwTickFreq